Host OS:	Windows 7 Service Pack 1
ELXR: Copyright (C) 1983-2015 Green Hills Software.  All Rights Reserved.
Release: Compiler v2015.1.7
Build Directory: [Directory] BTOWORKER6:c:/build_2015_1_bto/2015-10-21.2100-2015_1_bto/win64-comp
Revision: [VCInfo] http://toolsvc/branches/release-branch-70-bto/src@544153 (built by build)
Revision Date: Thu Oct 22 15:05:22 2015

Release Date: Thu Oct 22 15:32:31 2015




Load Map Tue Mar 27 10:08:59 2018
Image Summary

  Section              Base      Size(hex)    Size(dec)  SecOffs
  .intvect             00000000  000000f4          244   0000280
  .vectram             000000f4  00000000            0   0000000
  .FBLHEADER           00000200  00000008            8   0000374
  .startup             00000208  000000ae          174   000037c
  .rozdata             000002b6  00000000            0   0000000
  .robase              000002b8  00000000            0   0000000
  .rosdata             000002b8  000005a4         1444   000042c
  .rodata              0000085c  00000000            0   0000000
  .text                00000860  000054e6        21734   00009d0
  .fixaddr             00005d48  00000000            0   0000000
  .fixtype             00005d48  00000000            0   0000000
  .secinfo             00005d48  00000078          120   0005eb8
  .syscall             00005dc0  00000006            6   0005f30
  .romtext             00005dc8  000000ce          206   0005f38
  .romconst            00005e98  00000000            0   0000000
  .ROM.ramcopy         00005e98  00000000            0   0000000
  .romdata             00005e98  0000001c           28   0006008
  .romzdata            00005eb4  00000000            0   0000000
  .romsdata            00005eb4  00000000            0   0000000
  .romtdata            00005eb4  00000000            0   0000000
  .APPLVECT            00018000  00000008            8   0006024
  .sdabase             fede0000  00000000            0   0000000
  .FLASHDRV            fede0000  00002000         8192   0000000
  .EEPDATA             fede3000  00000100          256   0000000
  .data                fede3100  0000001c           28   0006008
  .FBLMAGIC            fede311c  00000008            8   0000000
  .ramcopy             fede3124  00000000            0   0000000
  .RAMCODE             fede3124  000000ce          206   0005f38
  .RAMCONST            fede31f4  00000000            0   0000000
  .bss                 fede31f4  0000000c           12   0000000
  .sdata               fede3200  00000000            0   0000000
  .sbss                fede3200  00001340         4928   0000000
  .sda_end             fede4540  00000000            0   0000000
  .zdata               fede4540  00000000            0   0000000
  .zbss                fede4540  00000000            0   0000000
  .tdata               fede4540  00000000            0   0000000
  .stack               fedff000  00001000         4096   0000000
  .ram_end             fee00000  00000000            0   0000000
  .debug_info          00000000  0001766b        95851   000602c
  .debug_abbrev        00000000  00001dba         7610   001d697
  .debug_line          00000000  0000d182        53634   001f451
  .debug_macinfo       00000000  0004cf53       315219   002c5d3
  .debug_frame         00000000  000029fc        10748   0079526
  .note.renesas        00000000  0000003c           60   007bf24
  .linfix              00000000  00003840        14400   007bf60
  .gstackfix           00000000  00000000            0   0000000

Load Map Tue Mar 27 10:08:59 2018
Module Summary

  Origin+Size    Section          Module
00000860+000110  .text            crt0.o
00000000+00003c  .note.renesas    <RENESAS ABI INFO>
00000970+0000aa  .text            EepIO.o
fede3000+000100  .EEPDATA         EepIO.o
00000000+0005e4  .debug_info      EepIO.o
00000000+0000f7  .debug_abbrev    EepIO.o
00000000+0006cb  .debug_line      EepIO.o
00000000+0030f9  .debug_macinfo   EepIO.o
00000000+000150  .debug_frame     EepIO.o
00000a1a+000038  .text            Sec.o
000005e4+0003f9  .debug_info      Sec.o
000000f7+000119  .debug_abbrev    Sec.o
000006cb+000255  .debug_line      Sec.o
000030f9+000600  .debug_macinfo   Sec.o
00000150+00010c  .debug_frame     Sec.o
000009dd+00008f  .debug_info      SecMPar.o
00000210+000018  .debug_abbrev    SecMPar.o
00000920+0000f3  .debug_line      SecMPar.o
000036f9+000188  .debug_macinfo   SecMPar.o
00000a52+0000d2  .text            Sec_Crc.o
000002b8+000048  .rosdata         Sec_Crc.o
00000a6c+0005be  .debug_info      Sec_Crc.o
00000228+000150  .debug_abbrev    Sec_Crc.o
00000a13+0002c1  .debug_line      Sec_Crc.o
00003881+000b43  .debug_macinfo   Sec_Crc.o
0000025c+000104  .debug_frame     Sec_Crc.o
00000b24+000106  .text            Sec_SeedKey.o
0000102a+00074a  .debug_info      Sec_SeedKey.o
00000378+00013b  .debug_abbrev    Sec_SeedKey.o
00000cd4+0002dc  .debug_line      Sec_SeedKey.o
000043c4+000848  .debug_macinfo   Sec_SeedKey.o
00000360+00013c  .debug_frame     Sec_SeedKey.o
00000c2a+000010  .text            Sec_SeedKeyVendor.o
00001774+0002be  .debug_info      Sec_SeedKeyVendor.o
000004b3+0000cc  .debug_abbrev    Sec_SeedKeyVendor.o
00000fb0+0001c1  .debug_line      Sec_SeedKeyVendor.o
00004c0c+0005c9  .debug_macinfo   Sec_SeedKeyVendor.o
0000049c+0000a8  .debug_frame     Sec_SeedKeyVendor.o
00000c3a+0002c4  .text            Sec_Verification.o
00000300+000013  .rosdata         Sec_Verification.o
fede3200+000014  .sbss            Sec_Verification.o
00001a32+00153c  .debug_info      Sec_Verification.o
0000057f+00016e  .debug_abbrev    Sec_Verification.o
00001171+000568  .debug_line      Sec_Verification.o
000051d5+000c35  .debug_macinfo   Sec_Verification.o
00000544+000218  .debug_frame     Sec_Verification.o
00000efe+0002f4  .text            fbl_ap.o
fede3214+000015  .sbss            fbl_ap.o
00002f6e+0010d7  .debug_info      fbl_ap.o
000006ed+000186  .debug_abbrev    fbl_ap.o
000016d9+0009a4  .debug_line      fbl_ap.o
00005e0a+003eb6  .debug_macinfo   fbl_ap.o
0000075c+0002d8  .debug_frame     fbl_ap.o
000011f2+00015a  .text            fbl_apdi.o
00004045+0006e9  .debug_info      fbl_apdi.o
00000873+00017a  .debug_abbrev    fbl_apdi.o
0000207d+000786  .debug_line      fbl_apdi.o
00009cc0+003616  .debug_macinfo   fbl_apdi.o
00000a34+0000dc  .debug_frame     fbl_apdi.o
00000314+000118  .rosdata         fbl_apfb.o
0000472e+00063f  .debug_info      fbl_apfb.o
000009ed+0000cd  .debug_abbrev    fbl_apfb.o
00002803+0005a6  .debug_line      fbl_apfb.o
0000d2d6+002f60  .debug_macinfo   fbl_apfb.o
0000134c+000730  .text            fbl_apnv.o
0000042c+000004  .rosdata         fbl_apnv.o
fede322c+000020  .sbss            fbl_apnv.o
00004d6d+00187b  .debug_info      fbl_apnv.o
00000aba+000186  .debug_abbrev    fbl_apnv.o
00002da9+000bb0  .debug_line      fbl_apnv.o
00010236+0044dc  .debug_macinfo   fbl_apnv.o
00000b10+000354  .debug_frame     fbl_apnv.o
00018000+000008  .APPLVECT        fbl_applvect.o
000065e8+000113  .debug_info      fbl_applvect.o
00000c40+000086  .debug_abbrev    fbl_applvect.o
00003959+0000a3  .debug_line      fbl_applvect.o
00014712+000258  .debug_macinfo   fbl_applvect.o
00001a7c+00000a  .text            fbl_apwd.o
fede3124+000010  .RAMCODE         fbl_apwd.o
000066fb+0001dd  .debug_info      fbl_apwd.o
00000cc6+00008a  .debug_abbrev    fbl_apwd.o
000039fc+0005f3  .debug_line      fbl_apwd.o
0001496a+003046  .debug_macinfo   fbl_apwd.o
00000e64+0000f0  .debug_frame     fbl_apwd.o
00001a86+00038a  .text            fbl_cw.o
fede324c+000035  .sbss            fbl_cw.o
000068d8+0010ed  .debug_info      fbl_cw.o
00000d50+000151  .debug_abbrev    fbl_cw.o
00003fef+000ae1  .debug_line      fbl_cw.o
000179b0+003775  .debug_macinfo   fbl_cw.o
00000f54+000288  .debug_frame     fbl_cw.o
00000430+000050  .rosdata         fbl_cw_cfg.o
000079c5+0004ac  .debug_info      fbl_cw_cfg.o
00000ea1+0000c1  .debug_abbrev    fbl_cw_cfg.o
00004ad0+0005a8  .debug_line      fbl_cw_cfg.o
0001b125+002f92  .debug_macinfo   fbl_cw_cfg.o
00001e10+000b7c  .text            fbl_diag_core.o
fede3284+000066  .sbss            fbl_diag_core.o
00007e71+00229a  .debug_info      fbl_diag_core.o
00000f62+000183  .debug_abbrev    fbl_diag_core.o
00005078+0012b1  .debug_line      fbl_diag_core.o
0001e0b7+005c8e  .debug_macinfo   fbl_diag_core.o
000011dc+0004c8  .debug_frame     fbl_diag_core.o
0000298c+000da2  .text            fbl_diag_oem.o
fede32ec+000108  .sbss            fbl_diag_oem.o
00000480+000358  .rosdata         fbl_diag_oem.o
0000a10b+004544  .debug_info      fbl_diag_oem.o
000010e5+00019f  .debug_abbrev    fbl_diag_oem.o
00006329+001634  .debug_line      fbl_diag_oem.o
00023d45+007078  .debug_macinfo   fbl_diag_oem.o
000016a4+0004d4  .debug_frame     fbl_diag_oem.o
0000372e+0001e0  .text            fbl_flio.o
fede33f4+000038  .sbss            fbl_flio.o
fede0000+002000  .FLASHDRV        fbl_flio.o
0000e64f+0008a4  .debug_info      fbl_flio.o
00001284+000130  .debug_abbrev    fbl_flio.o
0000795d+0007e4  .debug_line      fbl_flio.o
0002adbd+003e34  .debug_macinfo   fbl_flio.o
00001b78+000150  .debug_frame     fbl_flio.o
0000390e+000430  .text            fbl_hw.o
fede342c+000015  .sbss            fbl_hw.o
000007d8+000014  .rosdata         fbl_hw.o
0000eef3+00121b  .debug_info      fbl_hw.o
000013b4+000195  .debug_abbrev    fbl_hw.o
00008141+0008a8  .debug_line      fbl_hw.o
0002ebf1+00403b  .debug_macinfo   fbl_hw.o
00001cc8+0001c8  .debug_frame     fbl_hw.o
00003d3e+0001b0  .text            fbl_main.o
00000200+000008  .FBLHEADER       fbl_main.o
fede311c+000008  .FBLMAGIC        fbl_main.o
fede3444+000004  .sbss            fbl_main.o
0001010e+000a15  .debug_info      fbl_main.o
00001549+000186  .debug_abbrev    fbl_main.o
000089e9+000858  .debug_line      fbl_main.o
00032c2c+003c3f  .debug_macinfo   fbl_main.o
00001e90+000160  .debug_frame     fbl_main.o
00003eee+000f20  .text            fbl_mem.o
fede3448+0010d5  .sbss            fbl_mem.o
000007ec+000008  .rosdata         fbl_mem.o
00010b23+00431b  .debug_info      fbl_mem.o
000016cf+00019f  .debug_abbrev    fbl_mem.o
00009241+001821  .debug_line      fbl_mem.o
0003686b+005546  .debug_macinfo   fbl_mem.o
00001ff0+000664  .debug_frame     fbl_mem.o
00004e0e+0000ea  .text            fbl_mio.o
fede451d+000002  .sbss            fbl_mio.o
00014e3e+0006ab  .debug_info      fbl_mio.o
0000186e+000111  .debug_abbrev    fbl_mio.o
0000aa62+00067e  .debug_line      fbl_mio.o
0003bdb1+00328c  .debug_macinfo   fbl_mio.o
00002654+000118  .debug_frame     fbl_mio.o
000007f4+000058  .rosdata         fbl_mtab.o
000154e9+0007ae  .debug_info      fbl_mtab.o
0000197f+0000d4  .debug_abbrev    fbl_mtab.o
0000b0e0+0005a6  .debug_line      fbl_mtab.o
0003f03d+002f3d  .debug_macinfo   fbl_mtab.o
00004ef8+0007e4  .text            fbl_tp.o
fede4520+00001b  .sbss            fbl_tp.o
0000084c+000003  .rosdata         fbl_tp.o
00015c97+000bb8  .debug_info      fbl_tp.o
00001a53+000190  .debug_abbrev    fbl_tp.o
0000b686+000dfb  .debug_line      fbl_tp.o
00041f7a+004641  .debug_macinfo   fbl_tp.o
0000276c+0001b4  .debug_frame     fbl_tp.o
00000000+0000f4  .intvect         fbl_vect.o
0001684f+000099  .debug_info      fbl_vect.o
00001be3+000018  .debug_abbrev    fbl_vect.o
0000c481+0005af  .debug_line      fbl_vect.o
000465bb+00302a  .debug_macinfo   fbl_vect.o
000056dc+00000e  .text            fbl_wd.o
fede3134+0000be  .RAMCODE         fbl_wd.o
fede453c+000004  .sbss            fbl_wd.o
000168e8+000c0e  .debug_info      fbl_wd.o
00001bfb+000141  .debug_abbrev    fbl_wd.o
0000ca30+00068b  .debug_line      fbl_wd.o
000495e5+0036bb  .debug_macinfo   fbl_wd.o
00002920+0000dc  .debug_frame     fbl_wd.o
00000208+0000ae  .text -> .startup startup.o
000174f6+00008e  .debug_info      startup.o
00001d3c+000018  .debug_abbrev    startup.o
0000d0bb+000041  .debug_line      startup.o
0004cca0+000037  .debug_macinfo   startup.o
00000850+00000c  .rosdata         v_par.o
00017584+0000e7  .debug_info      v_par.o
00001d54+000066  .debug_abbrev    v_par.o
0000d0fc+000086  .debug_line      v_par.o
0004ccd7+00027c  .debug_macinfo   v_par.o
000056ea+000066  .text            libansi.a(ccexit.o)
00005750+000346  .text            libstartup.a(ind_crt0.o)
00005aa0+000060  .text            libstartup.a(ind_mset.o)
00005b00+0000f0  .text            libstartup.a(ind_mcpy.o)
00005bf0+00006a  .text            libsys.a(ind_exit.o)
fede31fc+000004  .bss             libsys.a(ind_exit.o)
00005dc0+000006  .syscall         libsys.a(ind_dots.o)
00005c5a+000022  .text            libsys.a(ind_call.o)
00005c7c+0000ba  .text            libsys.a(ind_crt1.o)
fede3100+00001c  .data            libsys.a(ind_crt1.o)
00005d36+000006  .text            libsys.a(ind_lock.o)
00005d3c+00000a  .text            libsys.a(ind_errn.o)
00000000+003840  .linfix          <Linker supplemental debug info>
00005d48+000078  .secinfo         <section info>
fede31f4+000008  COMMON -> .bss   <commons>

Load Map Tue Mar 27 10:08:59 2018
Global Symbols (sorted alphabetically)

 .text            00001642+000036 _ApplFblAdjustLbtBlockData
 .text            000011d6+000004 _ApplFblCanBusOff
                  00000000+000002 _ApplFblCanWakeUp
 .text            0000101e+000004 _ApplFblCheckConditions
 .text            0000100e+000010 _ApplFblCheckProgConditions
 .text            00001022+00004a _ApplFblCheckProgDependencies
 .text            0000134c+000094 _ApplFblChgBlockValid..D.3A.5Cusr.5Cusage.5CDelivery.5CCBD17x.5CCBD1701035.5CD00.5Cexternal.5CDemo.5CDemoFbl.5CAppl.5Cobj.5Cfbl_apnv.
 .text            00001442+0000bc _ApplFblChkModulePresence
 .text            000015be+000084 _ApplFblClrModulePresence..D.3A.5Cusr.5Cusage.5CDelivery.5CCBD17x.5CCBD1701035.5CD00.5Cexternal.5CDemo.5CDemoFbl.5CAppl.5Cobj.5Cfbl_apnv.
 .text            0000118a+00002c _ApplFblDataProcessing
 .text            000011b6+000004 _ApplFblDeinitDataProcessing
                  00000000+000002 _ApplFblErrorNotification
 .text            00001678+000060 _ApplFblExtProgRequest
 .text            00000fe6+000002 _ApplFblFatalError
 .text            000013e0+000062 _ApplFblGetPresencePatternBaseAddress..D.3A.5Cusr.5Cusage.5CDelivery.5CCBD17x.5CCBD1701035.5CD00.5Cexternal.5CDemo.5CDemoFbl.5CAppl.5Cobj.5Cfbl_apnv.
 .text            000019c0+000058 _ApplFblGetProgAttempts
                  00000000+000058 _ApplFblGetProgCounts
 .text            00001940+000080 _ApplFblIncProgAttempts
 .text            000018c0+000080 _ApplFblIncProgCounts
 .text            00000efe+0000e8 _ApplFblInit
 .text            00001186+000004 _ApplFblInitDataProcessing
 .text            00001324+000028 _ApplFblInitErrStatus
 .text            00001738+000044 _ApplFblInvalidateApp
 .text            0000177c+000066 _ApplFblInvalidateBlock
 .text            000017e2+000060 _ApplFblIsValidApp
 .text            00001842+000066 _ApplFblRWSecurityAccessDelayFlag
 .text            000011f2+0000b2 _ApplFblReadDataByIdentifier
 .text            00001a42+000030 _ApplFblReadSecAccessInvalidCount
 .text            000010a4+000026 _ApplFblReset
 .text            0000108a+00001a _ApplFblResetVfp
 .text            00001178+00000e _ApplFblSecurityInit
 .text            00001146+000032 _ApplFblSecurityKey
 .text            000010e8+00005e _ApplFblSecuritySeed
 .text            000010ca+00001e _ApplFblSecuritySeedInit
 .text            000014fe+0000c0 _ApplFblSetModulePresence..D.3A.5Cusr.5Cusage.5CDelivery.5CCBD17x.5CCBD1701035.5CD00.5Cexternal.5CDemo.5CDemoFbl.5CAppl.5Cobj.5Cfbl_apnv.
 .text            0000106e+00001c _ApplFblSetVfp
 .text            000011da+000012 _ApplFblStartApplication
 .text            00000fea+000024 _ApplFblStartup
 .text            000011d4+000002 _ApplFblStateTask
 .text            000018a8+000018 _ApplFblStoreFingerprint
 .text            000011ba+00001a _ApplFblTask
 .text            00001a72+00000a _ApplFblValidateApp
 .text            000016d8+000060 _ApplFblValidateBlock
 .text            00001a7c+000008 _ApplFblWDInit
 .text            00001a84+000002 _ApplFblWDLong
                  00000000+000002 _ApplFblWDShort
 .RAMCODE         fede3124+000010 _ApplFblWDTrigger
 .text            000012a4+000080 _ApplFblWriteDataByIdentifier
 .text            00001a18+00002a _ApplFblWriteSecAccessInvalidCount
 .APPLVECT        00018000+000008 _ApplIntJmpTable
 .text            0000106c+000002 _ApplTrcvrNormalMode
                  00000000+000002 _ApplTrcvrSleepMode
 .text            00004ef8+00002a _AssembleFC..D.3A.5Cusr.5Cusage.5CDelivery.5CCBD17x.5CCBD1701035.5CD00.5Cexternal.5CDemo.5CDemoFbl.5CAppl.5Cobj.5Cfbl_tp.
 .text            00004f22+00002c _CAN_SaveTransmit..D.3A.5Cusr.5Cusage.5CDelivery.5CCBD17x.5CCBD1701035.5CD00.5Cexternal.5CDemo.5CDemoFbl.5CAppl.5Cobj.5Cfbl_tp.
 .sbss            fede3438+000004 _Can
 .sbss            fede3440+000001 _CanRxActualDLC
 .sbss            fede3430+000008 _CanRxActualData
 .sbss            fede343c+000004 _CanRxActualId
 .text            000022ca+000020 _ChkSuppressPosRspMsgIndication..D.3A.5Cusr.5Cusage.5CDelivery.5CCBD17x.5CCBD1701035.5CD00.5Cexternal.5CDemo.5CDemoFbl.5CAppl.5Cobj.5Cfbl_diag_core.
 .sbss            fede32b4+000004 _DiagBuffer
 .sbss            fede32d6+000002 _DiagDataLength
 .text            00001e10+000084 _DiagExRCRResponsePending
 .text            00002162+000010 _DiagProcessingDone
 .text            00000970+000028 _EepromDriver_CheckRangeContained..D.3A.5Cusr.5Cusage.5CDelivery.5CCBD17x.5CCBD1701035.5CD00.5Cexternal.5CDemo.5CDemoFbl.5CAppl.5Cobj.5CEepIO.
 .text            000009c6+000004 _EepromDriver_DeinitSync
 .text            00000998+00002e _EepromDriver_InitSync
 .text            000009f0+000004 _EepromDriver_REraseSync
 .text            000009f4+000026 _EepromDriver_RReadSync
 .text            000009ca+000026 _EepromDriver_RWriteSync
                  00000000+000004 _EepromDriver_VerifySync
 .text            00003ce2+000010 _FblCanErrorTask
 .text            00003968+0001c2 _FblCanInit
 .text            00003be6+000050 _FblCanMsgTransmitted
                  00000000+000002 _FblCanParamInit
 .text            00003c46+00009c _FblCanProcessRxMsg
 .text            00003c36+000010 _FblCanReceive
 .text            00003b2c+0000ba _FblCanTransmit
 .text            00002124+000010 _FblCheckAddressRange
 .text            00003d42+00004c _FblCheckForApplication..D.3A.5Cusr.5Cusage.5CDelivery.5CCBD17x.5CCBD1701035.5CD00.5Cexternal.5CDemo.5CDemoFbl.5CAppl.5Cobj.5Cfbl_main.
 .text            00002134+00002e _FblCheckRangeContained
 .text            00001cee+000048 _FblCwCanTransmit
 .text            00001c96+000006 _FblCwDeinit
 .text            00001cbe+000020 _FblCwDiscardReception
 .text            00001c0e+000018 _FblCwIdleTask
 .text            00001c48+00004e _FblCwInit
 .text            00001c26+000022 _FblCwInitRxIdentifier..D.3A.5Cusr.5Cusage.5CDelivery.5CCBD17x.5CCBD1701035.5CD00.5Cexternal.5CDemo.5CDemoFbl.5CAppl.5Cobj.5Cfbl_cw.
 .text            00001a9a+00003a _FblCwPrecopy
 .text            00001ad4+000010 _FblCwProcessFunctionalRequest
 .text            00001a86+000014 _FblCwProcessPhysicalRequest
 .text            00001ce2+00000c _FblCwResetRxBlock
 .text            00001cde+000004 _FblCwSetRxBlock
 .text            00001c9c+000022 _FblCwSetTxInit
 .text            00001bde+000030 _FblCwStateTask
 .text            00001b2e+0000b0 _FblCwTimerTask
 .text            00001d46+00005a _FblCwTpConfirmation
 .text            00001d36+000010 _FblCwTpDataInd
 .text            00001dbc+000014 _FblCwTpErrorIndication
 .text            00001da0+00001c _FblCwTpRxStartIndication
 .text            00001ae4+00004a _FblCwTransmitRP
 .text            00003e1c+00001e _FblDeinit..D.3A.5Cusr.5Cusage.5CDelivery.5CCBD17x.5CCBD1701035.5CD00.5Cexternal.5CDemo.5CDemoFbl.5CAppl.5Cobj.5Cfbl_main.
 .text            00002b08+000080 _FblDiagCheckErasePreconditions..D.3A.5Cusr.5Cusage.5CDelivery.5CCBD17x.5CCBD1701035.5CD00.5Cexternal.5CDemo.5CDemoFbl.5CAppl.5Cobj.5Cfbl_diag_oem.
 .text            00002cfc+000040 _FblDiagCheckFlashDriverDownload..D.3A.5Cusr.5Cusage.5CDelivery.5CCBD17x.5CCBD1701035.5CD00.5Cexternal.5CDemo.5CDemoFbl.5CAppl.5Cobj.5Cfbl_diag_oem.
 .text            00002d3c+0000ae _FblDiagCheckFlashMemoryDownload..D.3A.5Cusr.5Cusage.5CDelivery.5CCBD17x.5CCBD1701035.5CD00.5Cexternal.5CDemo.5CDemoFbl.5CAppl.5Cobj.5Cfbl_diag_oem.
 .text            00002c6e+00008e _FblDiagCheckForFlashDriverDownload..D.3A.5Cusr.5Cusage.5CDelivery.5CCBD17x.5CCBD1701035.5CD00.5Cexternal.5CDemo.5CDemoFbl.5CAppl.5Cobj.5Cfbl_diag_oem.
 .text            00002b88+00005e _FblDiagCheckProgAttemptCounter..D.3A.5Cusr.5Cusage.5CDelivery.5CCBD17x.5CCBD1701035.5CD00.5Cexternal.5CDemo.5CDemoFbl.5CAppl.5Cobj.5Cfbl_diag_oem.
 .text            00002be6+000088 _FblDiagCheckRequestDownloadPreconditions..D.3A.5Cusr.5Cusage.5CDelivery.5CCBD17x.5CCBD1701035.5CD00.5Cexternal.5CDemo.5CDemoFbl.5CAppl.5Cobj.5Cfbl_diag_oem.
 .text            000024ce+000084 _FblDiagCheckServiceTableEntry..D.3A.5Cusr.5Cusage.5CDelivery.5CCBD17x.5CCBD1701035.5CD00.5Cexternal.5CDemo.5CDemoFbl.5CAppl.5Cobj.5Cfbl_diag_core.
 .text            00002684+000050 _FblDiagCheckSubTableEntry..D.3A.5Cusr.5Cusage.5CDelivery.5CCBD17x.5CCBD1701035.5CD00.5Cexternal.5CDemo.5CDemoFbl.5CAppl.5Cobj.5Cfbl_diag_core.
 .text            000032a2+000026 _FblDiagCommCtrlMainHandler..D.3A.5Cusr.5Cusage.5CDelivery.5CCBD17x.5CCBD1701035.5CD00.5Cexternal.5CDemo.5CDemoFbl.5CAppl.5Cobj.5Cfbl_diag_oem.
 .text            00002192+00004a _FblDiagConfirmation..D.3A.5Cusr.5Cusage.5CDelivery.5CCBD17x.5CCBD1701035.5CD00.5Cexternal.5CDemo.5CDemoFbl.5CAppl.5Cobj.5Cfbl_diag_core.
 .text            000036de+000038 _FblDiagControlDTCMainHandler..D.3A.5Cusr.5Cusage.5CDelivery.5CCBD17x.5CCBD1701035.5CD00.5Cexternal.5CDemo.5CDemoFbl.5CAppl.5Cobj.5Cfbl_diag_oem.
 .text            000032c8+000004 _FblDiagDataByIdLengthCheck..D.3A.5Cusr.5Cusage.5CDelivery.5CCBD17x.5CCBD1701035.5CD00.5Cexternal.5CDemo.5CDemoFbl.5CAppl.5Cobj.5Cfbl_diag_oem.
 .text            000024bc+000012 _FblDiagDefaultNrcHandler..D.3A.5Cusr.5Cusage.5CDelivery.5CCBD17x.5CCBD1701035.5CD00.5Cexternal.5CDemo.5CDemoFbl.5CAppl.5Cobj.5Cfbl_diag_core.
 .text            0000372c+000002 _FblDiagDefaultPostHandler
 .text            00003726+000006 _FblDiagDefaultPreHandler..D.3A.5Cusr.5Cusage.5CDelivery.5CCBD17x.5CCBD1701035.5CD00.5Cexternal.5CDemo.5CDemoFbl.5CAppl.5Cobj.5Cfbl_diag_oem.
 .text            0000307e+000056 _FblDiagDefaultSessionMainHandler..D.3A.5Cusr.5Cusage.5CDelivery.5CCBD17x.5CCBD1701035.5CD00.5Cexternal.5CDemo.5CDemoFbl.5CAppl.5Cobj.5Cfbl_diag_oem.
 .text            0000205e+000058 _FblDiagDeinit..D.3A.5Cusr.5Cusage.5CDelivery.5CCBD17x.5CCBD1701035.5CD00.5Cexternal.5CDemo.5CDemoFbl.5CAppl.5Cobj.5Cfbl_diag_core.
 .text            00002172+000020 _FblDiagDiscardReception..D.3A.5Cusr.5Cusage.5CDelivery.5CCBD17x.5CCBD1701035.5CD00.5Cexternal.5CDemo.5CDemoFbl.5CAppl.5Cobj.5Cfbl_diag_core.
 .text            000029f4+0000a2 _FblDiagDownloadCheck..D.3A.5Cusr.5Cusage.5CDelivery.5CCBD17x.5CCBD1701035.5CD00.5Cexternal.5CDemo.5CDemoFbl.5CAppl.5Cobj.5Cfbl_diag_oem.
 .text            000020b6+000012 _FblDiagEcuReset
 .text            00003150+00002c _FblDiagEcuResetMainHandler..D.3A.5Cusr.5Cusage.5CDelivery.5CCBD17x.5CCBD1701035.5CD00.5Cexternal.5CDemo.5CDemoFbl.5CAppl.5Cobj.5Cfbl_diag_oem.
 .text            00002a96+000072 _FblDiagEraseBlock..D.3A.5Cusr.5Cusage.5CDelivery.5CCBD17x.5CCBD1701035.5CD00.5Cexternal.5CDemo.5CDemoFbl.5CAppl.5Cobj.5Cfbl_diag_oem.
 .text            000030d4+000026 _FblDiagExtendedSessionMainHandler..D.3A.5Cusr.5Cusage.5CDelivery.5CCBD17x.5CCBD1701035.5CD00.5Cexternal.5CDemo.5CDemoFbl.5CAppl.5Cobj.5Cfbl_diag_oem.
 .text            00002552+000132 _FblDiagFindSubTableEntry..D.3A.5Cusr.5Cusage.5CDelivery.5CCBD17x.5CCBD1701035.5CD00.5Cexternal.5CDemo.5CDemoFbl.5CAppl.5Cobj.5Cfbl_diag_core.
 .text            0000248e+00002e _FblDiagGetServiceInfo..D.3A.5Cusr.5Cusage.5CDelivery.5CCBD17x.5CCBD1701035.5CD00.5Cexternal.5CDemo.5CDemoFbl.5CAppl.5Cobj.5Cfbl_diag_core.
 .text            000023b0+000028 _FblDiagInit
 .text            0000235c+000054 _FblDiagInitPowerOn
 .text            0000284c+000074 _FblDiagInitStartFromAppl
 .text            00002112+000012 _FblDiagMemGetActiveBuffer
 .text            00002988+000004 _FblDiagMemPostWrite
 .text            00002984+000004 _FblDiagMemPreWrite
 .text            00002ea8+000006 _FblDiagOemInitPowerOn
 .text            000028c0+00002a _FblDiagPostInit
 .text            00002dea+000086 _FblDiagPrepareFirstDownloadSegment..D.3A.5Cusr.5Cusage.5CDelivery.5CCBD17x.5CCBD1701035.5CD00.5Cexternal.5CDemo.5CDemoFbl.5CAppl.5Cobj.5Cfbl_diag_oem.
 .text            0000298c+000068 _FblDiagPrepareFlashDriver..D.3A.5Cusr.5Cusage.5CDelivery.5CCBD17x.5CCBD1701035.5CD00.5Cexternal.5CDemo.5CDemoFbl.5CAppl.5Cobj.5Cfbl_diag_oem.
 .text            00002fce+0000b0 _FblDiagProcessRoutineNrc..D.3A.5Cusr.5Cusage.5CDelivery.5CCBD17x.5CCBD1701035.5CD00.5Cexternal.5CDemo.5CDemoFbl.5CAppl.5Cobj.5Cfbl_diag_oem.
 .text            00002eae+000070 _FblDiagProcessServiceNrc..D.3A.5Cusr.5Cusage.5CDelivery.5CCBD17x.5CCBD1701035.5CD00.5Cexternal.5CDemo.5CDemoFbl.5CAppl.5Cobj.5Cfbl_diag_oem.
 .text            00002f1e+0000b0 _FblDiagProcessSubfunctionNrc..D.3A.5Cusr.5Cusage.5CDelivery.5CCBD17x.5CCBD1701035.5CD00.5Cexternal.5CDemo.5CDemoFbl.5CAppl.5Cobj.5Cfbl_diag_oem.
 .text            000030fa+000056 _FblDiagProgrammingSessionMainHandler..D.3A.5Cusr.5Cusage.5CDelivery.5CCBD17x.5CCBD1701035.5CD00.5Cexternal.5CDemo.5CDemoFbl.5CAppl.5Cobj.5Cfbl_diag_oem.
 .text            00003486+00003a _FblDiagRCStartCheckProgDepMainHandler..D.3A.5Cusr.5Cusage.5CDelivery.5CCBD17x.5CCBD1701035.5CD00.5Cexternal.5CDemo.5CDemoFbl.5CAppl.5Cobj.5Cfbl_diag_oem.
 .text            0000345a+00002c _FblDiagRCStartCheckProgPreCondMainHandler..D.3A.5Cusr.5Cusage.5CDelivery.5CCBD17x.5CCBD1701035.5CD00.5Cexternal.5CDemo.5CDemoFbl.5CAppl.5Cobj.5Cfbl_diag_oem.
 .text            000032fe+000072 _FblDiagRCStartCsumMainHandler..D.3A.5Cusr.5Cusage.5CDelivery.5CCBD17x.5CCBD1701035.5CD00.5Cexternal.5CDemo.5CDemoFbl.5CAppl.5Cobj.5Cfbl_diag_oem.
 .text            00003370+00001c _FblDiagRCStartEraseLengthCheck..D.3A.5Cusr.5Cusage.5CDelivery.5CCBD17x.5CCBD1701035.5CD00.5Cexternal.5CDemo.5CDemoFbl.5CAppl.5Cobj.5Cfbl_diag_oem.
 .text            0000338c+0000ce _FblDiagRCStartEraseMainHandler..D.3A.5Cusr.5Cusage.5CDelivery.5CCBD17x.5CCBD1701035.5CD00.5Cexternal.5CDemo.5CDemoFbl.5CAppl.5Cobj.5Cfbl_diag_oem.
 .text            00003716+000010 _FblDiagReadDataByIdMainHandler..D.3A.5Cusr.5Cusage.5CDelivery.5CCBD17x.5CCBD1701035.5CD00.5Cexternal.5CDemo.5CDemoFbl.5CAppl.5Cobj.5Cfbl_diag_oem.
 .text            00003676+000058 _FblDiagReqTransferExitMainHandler..D.3A.5Cusr.5Cusage.5CDelivery.5CCBD17x.5CCBD1701035.5CD00.5Cexternal.5CDemo.5CDemoFbl.5CAppl.5Cobj.5Cfbl_diag_oem.
 .text            000034c0+00001c _FblDiagRequestDownloadLengthCheck..D.3A.5Cusr.5Cusage.5CDelivery.5CCBD17x.5CCBD1701035.5CD00.5Cexternal.5CDemo.5CDemoFbl.5CAppl.5Cobj.5Cfbl_diag_oem.
 .text            000034dc+0000e4 _FblDiagRequestDownloadMainHandler..D.3A.5Cusr.5Cusage.5CDelivery.5CCBD17x.5CCBD1701035.5CD00.5Cexternal.5CDemo.5CDemoFbl.5CAppl.5Cobj.5Cfbl_diag_oem.
 .text            00002044+00001a _FblDiagResetServiceFlags..D.3A.5Cusr.5Cusage.5CDelivery.5CCBD17x.5CCBD1701035.5CD00.5Cexternal.5CDemo.5CDemoFbl.5CAppl.5Cobj.5Cfbl_diag_core.
 .text            000021dc+0000ee _FblDiagResponseProcessor..D.3A.5Cusr.5Cusage.5CDelivery.5CCBD17x.5CCBD1701035.5CD00.5Cexternal.5CDemo.5CDemoFbl.5CAppl.5Cobj.5Cfbl_diag_core.
 .text            00002952+000004 _FblDiagRxErrorIndication
 .text            00002932+000020 _FblDiagRxGetFuncBuffer
 .text            000023da+00002c _FblDiagRxGetPhysBuffer
 .text            00002436+000058 _FblDiagRxIndication
 .text            00002406+000030 _FblDiagRxStartIndication
 .text            000031e4+0000be _FblDiagSecAccessKeyMainHandler..D.3A.5Cusr.5Cusage.5CDelivery.5CCBD17x.5CCBD1701035.5CD00.5Cexternal.5CDemo.5CDemoFbl.5CAppl.5Cobj.5Cfbl_diag_oem.
 .text            0000317c+000068 _FblDiagSecAccessSeedMainHandler..D.3A.5Cusr.5Cusage.5CDelivery.5CCBD17x.5CCBD1701035.5CD00.5Cexternal.5CDemo.5CDemoFbl.5CAppl.5Cobj.5Cfbl_diag_oem.
 .text            000022ea+000020 _FblDiagSegmentNext
 .text            000026d4+00011a _FblDiagServiceProcessingTask..D.3A.5Cusr.5Cusage.5CDelivery.5CCBD17x.5CCBD1701035.5CD00.5Cexternal.5CDemo.5CDemoFbl.5CAppl.5Cobj.5Cfbl_diag_core.
 .text            00002e70+000038 _FblDiagSessionControlParamInit..D.3A.5Cusr.5Cusage.5CDelivery.5CCBD17x.5CCBD1701035.5CD00.5Cexternal.5CDemo.5CDemoFbl.5CAppl.5Cobj.5Cfbl_diag_oem.
 .text            000020c8+00004a _FblDiagSetError
 .text            000027ee+00005e _FblDiagStateTask
 .text            000036ce+000010 _FblDiagTesterPresentMainHandler..D.3A.5Cusr.5Cusage.5CDelivery.5CCBD17x.5CCBD1701035.5CD00.5Cexternal.5CDemo.5CDemoFbl.5CAppl.5Cobj.5Cfbl_diag_oem.
 .text            000028ea+000048 _FblDiagTimerTask
 .text            000035c0+00001e _FblDiagTransferDataLengthCheck..D.3A.5Cusr.5Cusage.5CDelivery.5CCBD17x.5CCBD1701035.5CD00.5Cexternal.5CDemo.5CDemoFbl.5CAppl.5Cobj.5Cfbl_diag_oem.
 .text            000035de+000098 _FblDiagTransferDataMainHandler..D.3A.5Cusr.5Cusage.5CDelivery.5CCBD17x.5CCBD1701035.5CD00.5Cexternal.5CDemo.5CDemoFbl.5CAppl.5Cobj.5Cfbl_diag_oem.
 .text            00002962+000022 _FblDiagTxConfirmation
 .text            00002956+00000c _FblDiagTxErrorIndication
 .text            000032cc+000032 _FblDiagWriteDataByIdMainHandler..D.3A.5Cusr.5Cusage.5CDelivery.5CCBD17x.5CCBD1701035.5CD00.5Cexternal.5CDemo.5CDemoFbl.5CAppl.5Cobj.5Cfbl_diag_oem.
 .text            0000230a+000052 _FblGetBlockNrFromAddress
 .text            00003960+000008 _FblGetTimerValue
 .text            00001dd0+00003a _FblHandleRxMsg
 .FBLHEADER       00000200+000008 _FblHeader
 .text            00003dd8+000044 _FblInit..D.3A.5Cusr.5Cusage.5CDelivery.5CCBD17x.5CCBD1701035.5CD00.5Cexternal.5CDemo.5CDemoFbl.5CAppl.5Cobj.5Cfbl_main.
 .text            00003d8e+00004a _FblInitPowerOn..D.3A.5Cusr.5Cusage.5CDelivery.5CCBD17x.5CCBD1701035.5CD00.5Cexternal.5CDemo.5CDemoFbl.5CAppl.5Cobj.5Cfbl_main.
 .text            000056dc+00000e _FblInitWatchdog
 .rosdata         000007f4+000058 _FblLogicalBlockTable
 .RAMCODE         fede3134+0000ae _FblLookForWatchdog
 .RAMCODE         fede31e2+000004 _FblLookForWatchdogVoid
 .text            00004a08+00008e _FblMemBlockEndIndication
 .text            0000496a+00003a _FblMemBlockEraseIndication
 .text            000049a4+000064 _FblMemBlockStartIndication
 .text            00004a96+000096 _FblMemBlockVerify
 .text            000048c6+00002c _FblMemCheckAllowed..D.3A.5Cusr.5Cusage.5CDelivery.5CCBD17x.5CCBD1701035.5CD00.5Cexternal.5CDemo.5CDemoFbl.5CAppl.5Cobj.5Cfbl_mem.
 .text            00004244+000014 _FblMemCopyBuffer..D.3A.5Cusr.5Cusage.5CDelivery.5CCBD17x.5CCBD1701035.5CD00.5Cexternal.5CDemo.5CDemoFbl.5CAppl.5Cobj.5Cfbl_mem.
 .text            00004d3a+0000a8 _FblMemDataIndication
 .text            00004966+000004 _FblMemDeinit
                  00000000+000004 _FblMemEraseRegion
 .text            00004258+0000d2 _FblMemEraseRegionInternal..D.3A.5Cusr.5Cusage.5CDelivery.5CCBD17x.5CCBD1701035.5CD00.5Cexternal.5CDemo.5CDemoFbl.5CAppl.5Cobj.5Cfbl_mem.
                  00000000+000006 _FblMemFlushInputData
 .text            00004832+00002c _FblMemFlushQueueByPrio..D.3A.5Cusr.5Cusage.5CDelivery.5CCBD17x.5CCBD1701035.5CD00.5Cexternal.5CDemo.5CDemoFbl.5CAppl.5Cobj.5Cfbl_mem.
 .text            0000413e+000010 _FblMemGetActiveBuffer
 .text            00003f08+000042 _FblMemGetBuffer..D.3A.5Cusr.5Cusage.5CDelivery.5CCBD17x.5CCBD1701035.5CD00.5Cexternal.5CDemo.5CDemoFbl.5CAppl.5Cobj.5Cfbl_mem.
 .text            00004df4+00001a _FblMemGetInteger
 .text            00004428+00003c _FblMemGetSpecificRemainder..D.3A.5Cusr.5Cusage.5CDelivery.5CCBD17x.5CCBD1701035.5CD00.5Cexternal.5CDemo.5CDemoFbl.5CAppl.5Cobj.5Cfbl_mem.
                  00000000+000018 _FblMemInit
 .text            00003f4a+000028 _FblMemInitBufferIntegrity..D.3A.5Cusr.5Cusage.5CDelivery.5CCBD17x.5CCBD1701035.5CD00.5Cexternal.5CDemo.5CDemoFbl.5CAppl.5Cobj.5Cfbl_mem.
 .text            00004106+00002a _FblMemInitInputQueue..D.3A.5Cusr.5Cusage.5CDelivery.5CCBD17x.5CCBD1701035.5CD00.5Cexternal.5CDemo.5CDemoFbl.5CAppl.5Cobj.5Cfbl_mem.
 .text            0000414e+000046 _FblMemInitInternal..D.3A.5Cusr.5Cusage.5CDelivery.5CCBD17x.5CCBD1701035.5CD00.5Cexternal.5CDemo.5CDemoFbl.5CAppl.5Cobj.5Cfbl_mem.
 .text            000040f2+000014 _FblMemInitJob..D.3A.5Cusr.5Cusage.5CDelivery.5CCBD17x.5CCBD1701035.5CD00.5Cexternal.5CDemo.5CDemoFbl.5CAppl.5Cobj.5Cfbl_mem.
 .text            0000495e+000008 _FblMemInitPowerOn
 .text            000048f2+00006c _FblMemInitPowerOnExt
 .text            00004130+00000e _FblMemInitStates..D.3A.5Cusr.5Cusage.5CDelivery.5CCBD17x.5CCBD1701035.5CD00.5Cexternal.5CDemo.5CDemoFbl.5CAppl.5Cobj.5Cfbl_mem.
 .text            00004218+00002c _FblMemPadBuffer..D.3A.5Cusr.5Cusage.5CDelivery.5CCBD17x.5CCBD1701035.5CD00.5Cexternal.5CDemo.5CDemoFbl.5CAppl.5Cobj.5Cfbl_mem.
 .text            000041c8+000050 _FblMemPadLength..D.3A.5Cusr.5Cusage.5CDelivery.5CCBD17x.5CCBD1701035.5CD00.5Cexternal.5CDemo.5CDemoFbl.5CAppl.5Cobj.5Cfbl_mem.
 .text            00004580+00024a _FblMemProcessJob..D.3A.5Cusr.5Cusage.5CDelivery.5CCBD17x.5CCBD1701035.5CD00.5Cexternal.5CDemo.5CDemoFbl.5CAppl.5Cobj.5Cfbl_mem.
 .text            000047ca+000068 _FblMemProcessQueue..D.3A.5Cusr.5Cusage.5CDelivery.5CCBD17x.5CCBD1701035.5CD00.5Cexternal.5CDemo.5CDemoFbl.5CAppl.5Cobj.5Cfbl_mem.
                  00000000+00001c _FblMemProgramBuffer
 .text            0000432a+0000fe _FblMemProgramBufferInternal..D.3A.5Cusr.5Cusage.5CDelivery.5CCBD17x.5CCBD1701035.5CD00.5Cexternal.5CDemo.5CDemoFbl.5CAppl.5Cobj.5Cfbl_mem.
 .text            00004464+00011c _FblMemProgramStream..D.3A.5Cusr.5Cusage.5CDelivery.5CCBD17x.5CCBD1701035.5CD00.5Cexternal.5CDemo.5CDemoFbl.5CAppl.5Cobj.5Cfbl_mem.
 .text            0000485e+000068 _FblMemQueueBuffer..D.3A.5Cusr.5Cusage.5CDelivery.5CCBD17x.5CCBD1701035.5CD00.5Cexternal.5CDemo.5CDemoFbl.5CAppl.5Cobj.5Cfbl_mem.
 .text            000040c0+000032 _FblMemQueueDefaultPrioInsert..D.3A.5Cusr.5Cusage.5CDelivery.5CCBD17x.5CCBD1701035.5CD00.5Cexternal.5CDemo.5CDemoFbl.5CAppl.5Cobj.5Cfbl_mem.
 .text            00003fc0+000038 _FblMemQueueInit..D.3A.5Cusr.5Cusage.5CDelivery.5CCBD17x.5CCBD1701035.5CD00.5Cexternal.5CDemo.5CDemoFbl.5CAppl.5Cobj.5Cfbl_mem.
 .text            00003ff8+00005a _FblMemQueueMove..D.3A.5Cusr.5Cusage.5CDelivery.5CCBD17x.5CCBD1701035.5CD00.5Cexternal.5CDemo.5CDemoFbl.5CAppl.5Cobj.5Cfbl_mem.
 .text            0000408e+000032 _FblMemQueuePrioInsert..D.3A.5Cusr.5Cusage.5CDelivery.5CCBD17x.5CCBD1701035.5CD00.5Cexternal.5CDemo.5CDemoFbl.5CAppl.5Cobj.5Cfbl_mem.
 .text            0000405a+000034 _FblMemQueuePrioUpdate..D.3A.5Cusr.5Cusage.5CDelivery.5CCBD17x.5CCBD1701035.5CD00.5Cexternal.5CDemo.5CDemoFbl.5CAppl.5Cobj.5Cfbl_mem.
 .text            00004052+000008 _FblMemQueueRemove..D.3A.5Cusr.5Cusage.5CDelivery.5CCBD17x.5CCBD1701035.5CD00.5Cexternal.5CDemo.5CDemoFbl.5CAppl.5Cobj.5Cfbl_mem.
 .text            00003ef6+000012 _FblMemResponsePending..D.3A.5Cusr.5Cusage.5CDelivery.5CCBD17x.5CCBD1701035.5CD00.5Cexternal.5CDemo.5CDemoFbl.5CAppl.5Cobj.5Cfbl_mem.
 .text            000041ae+00001a _FblMemRestorePreamble..D.3A.5Cusr.5Cusage.5CDelivery.5CCBD17x.5CCBD1701035.5CD00.5Cexternal.5CDemo.5CDemoFbl.5CAppl.5Cobj.5Cfbl_mem.
                  00000000+000002 _FblMemResumeIndication
 .text            00004c5e+0000dc _FblMemSegmentEndIndication
 .text            00001eaa+0000b6 _FblMemSegmentNrGet
 .text            00004b2c+000132 _FblMemSegmentStartIndication
 .text            00004de2+000012 _FblMemSetInteger
 .text            00004194+00001a _FblMemStorePreamble..D.3A.5Cusr.5Cusage.5CDelivery.5CCBD17x.5CCBD1701035.5CD00.5Cexternal.5CDemo.5CDemoFbl.5CAppl.5Cobj.5Cfbl_mem.
                  00000000+000002 _FblMemTask
 .text            00003ef2+000004 _FblMemTriggerWatchdog..D.3A.5Cusr.5Cusage.5CDelivery.5CCBD17x.5CCBD1701035.5CD00.5Cexternal.5CDemo.5CDemoFbl.5CAppl.5Cobj.5Cfbl_mem.
 .text            00003eee+000004 _FblMemTriggerWatchdogExt..D.3A.5Cusr.5Cusage.5CDelivery.5CCBD17x.5CCBD1701035.5CD00.5Cexternal.5CDemo.5CDemoFbl.5CAppl.5Cobj.5Cfbl_mem.
 .text            00003f72+00004e _FblMemVerifyBufferIntegrity..D.3A.5Cusr.5Cusage.5CDelivery.5CCBD17x.5CCBD1701035.5CD00.5Cexternal.5CDemo.5CDemoFbl.5CAppl.5Cobj.5Cfbl_mem.
 .text            00003d28+000016 _FblReadBlock
                  00000000+000006 _FblReadByte
 .text            00001f60+0000e4 _FblReadProm
 .text            00001e94+000016 _FblRealTimeSupport
 .text            00003e3a+000032 _FblRepeat..D.3A.5Cusr.5Cusage.5CDelivery.5CCBD17x.5CCBD1701035.5CD00.5Cexternal.5CDemo.5CDemoFbl.5CAppl.5Cobj.5Cfbl_main.
 .text            00003e9c+000052 _FblStart
 .text            00003d3e+000004 _FblStartApplication..D.3A.5Cusr.5Cusage.5CDelivery.5CCBD17x.5CCBD1701035.5CD00.5Cexternal.5CDemo.5CDemoFbl.5CAppl.5Cobj.5Cfbl_main.
 .text            0000390e+000052 _FblTimerInit
 .text            00005648+000094 _FblTpConfirmation
 .text            00004f54+00003c _FblTpInit..D.3A.5Cusr.5Cusage.5CDelivery.5CCBD17x.5CCBD1701035.5CD00.5Cexternal.5CDemo.5CDemoFbl.5CAppl.5Cobj.5Cfbl_tp.
 .text            00004fa0+000010 _FblTpInitPowerOn
 .text            00005110+000314 _FblTpPrecopy
 .text            00004f90+000006 _FblTpResetRxBlock
 .text            00004f96+00000a _FblTpSetRxBlock
 .text            00005424+000222 _FblTpTask
 .text            00004fb0+0000f8 _FblTpTransmit
 .text            000050a8+000068 _FblTpTransmitSF
 .rosdata         00000348+0000e4 _FlashBlock
 .text            0000379a+00003a _FlashDriver_DeinitSync
                  00000000+000038 _FlashDriver_GetVersionOfDriver
 .text            0000372e+00006c _FlashDriver_InitSync
 .text            00003838+00003c _FlashDriver_REraseSync
 .text            00003874+00009a _FlashDriver_RReadSync
 .text            000037d4+000064 _FlashDriver_RWriteSync
 .text            00004e58+000030 _MemDriver_RDeinitSync
 .text            00004ec0+000038 _MemDriver_REraseSync
 .text            00004e0e+00004a _MemDriver_RInitSync
 .text            00004e88+000038 _MemDriver_RWriteSync
 .sbss            fede453c+000002 _P2Timer
 .sbss            fede452d+000001 _STmin..D.3A.5Cusr.5Cusage.5CDelivery.5CCBD17x.5CCBD1701035.5CD00.5Cexternal.5CDemo.5CDemoFbl.5CAppl.5Cobj.5Cfbl_tp.
 .text            00000bf2+000038 _SecM_CompareKey
 .text            00000b20+000004 _SecM_ComputeCRC
 .text            00000ab4+00006c _SecM_ComputeCrc32
 .text            00000bd2+000020 _SecM_ComputeKey
 .text            00000c2a+000010 _SecM_ComputeKeyVendor
 .text            00000ed8+000004 _SecM_DeinitVerification
 .text            00000b38+000044 _SecM_GenerateRandomLcg..D.3A.5Cusr.5Cusage.5CDelivery.5CCBD17x.5CCBD1701035.5CD00.5Cexternal.5CDemo.5CDemoFbl.5CAppl.5Cobj.5CSec_SeedKey.
 .text            00000b7c+000056 _SecM_GenerateSeed
 .text            00000a28+000018 _SecM_GetInteger
 .text            00000a1a+00000e _SecM_InitPowerOn
 .text            00000ab2+000002 _SecM_InitPowerOnCRC
 .text            00000ed4+000004 _SecM_InitVerification
 .text            00000b24+000014 _SecM_LcgRandom..D.3A.5Cusr.5Cusage.5CDelivery.5CCBD17x.5CCBD1701035.5CD00.5Cexternal.5CDemo.5CDemoFbl.5CAppl.5Cobj.5CSec_SeedKey.
 .text            00000d52+000042 _SecM_PopulateCfgList..D.3A.5Cusr.5Cusage.5CDelivery.5CCBD17x.5CCBD1701035.5CD00.5Cexternal.5CDemo.5CDemoFbl.5CAppl.5Cobj.5CSec_Verification.
 .text            00000a40+000012 _SecM_SetInteger
                  00000000+000002 _SecM_Task
                  00000000+000002 _SecM_TimerTask..D.3A.5Cusr.5Cusage.5CDelivery.5CCBD17x.5CCBD1701035.5CD00.5Cexternal.5CDemo.5CDemoFbl.5CAppl.5Cobj.5CSec.
 .text            00000a52+000060 _SecM_UpdateCrc32..D.3A.5Cusr.5Cusage.5CDelivery.5CCBD17x.5CCBD1701035.5CD00.5Cexternal.5CDemo.5CDemoFbl.5CAppl.5Cobj.5CSec_Crc.
 .text            00000c96+000070 _SecM_UpdateSegment..D.3A.5Cusr.5Cusage.5CDelivery.5CCBD17x.5CCBD1701035.5CD00.5Cexternal.5CDemo.5CDemoFbl.5CAppl.5Cobj.5CSec_Verification.
 .text            00000d06+00004c _SecM_UpdateSegmentAddress..D.3A.5Cusr.5Cusage.5CDelivery.5CCBD17x.5CCBD1701035.5CD00.5Cexternal.5CDemo.5CDemoFbl.5CAppl.5Cobj.5CSec_Verification.
 .text            00000efa+000004 _SecM_Verification
 .text            00000e5a+000016 _SecM_VerificationBase..D.3A.5Cusr.5Cusage.5CDelivery.5CCBD17x.5CCBD1701035.5CD00.5Cexternal.5CDemo.5CDemoFbl.5CAppl.5Cobj.5CSec_Verification.
 .text            00000edc+00001e _SecM_VerificationClassDDD
 .text            00000d94+0000c6 _SecM_VerificationWrapper..D.3A.5Cusr.5Cusage.5CDelivery.5CCBD17x.5CCBD1701035.5CD00.5Cexternal.5CDemo.5CDemoFbl.5CAppl.5Cobj.5CSec_Verification.
 .text            00000e70+00004a _SecM_VerifyChecksumCrc
 .text            00000eba+00001a _SecM_VerifyClassDDD
                  00000000+000004 _SecM_VerifySignature
 .text            00000c3a+00005c _SecM_VerifyWrapper..D.3A.5Cusr.5Cusage.5CDelivery.5CCBD17x.5CCBD1701035.5CD00.5Cexternal.5CDemo.5CDemoFbl.5CAppl.5Cobj.5CSec_Verification.
 .text            00004f4e+000006 _TxConfirm..D.3A.5Cusr.5Cusage.5CDelivery.5CCBD17x.5CCBD1701035.5CD00.5Cexternal.5CDemo.5CDemoFbl.5CAppl.5Cobj.5Cfbl_tp.
 .sbss            fede453e+000001 _WDInitFlag
 .sbss            fede453f+000001 _WDTimer
 .text            00005bf0+00006a __Exit
                  00000000+000000 ___atexit_cleanup_func
                  00000000+000000 ___cpp_exception_cleanup
                  00000000+000000 ___cpp_exception_init
 .syscall         00005dc0+000006 ___dotsyscall
                  00000000+000008 ___gh_errno_ptr
                  00000000+00000a ___gh_get_errno
                  00000000+000000 ___gh_iob_init
 .text            00005d3a+000002 ___gh_lock_init
 .text            00005d3c+00000a ___gh_set_errno
 .text            00005d36+000002 ___ghsLock
 .text            00005d38+000002 ___ghsUnlock
                  00000000+000000 ___ghs_GetCurrentThreadID
                  00000000+000000 ___ghs_GetCurrentThreadName
                  00000000+000000 ___ghs_InterruptLock
                  00000000+000000 ___ghs_InterruptUnlock
                  00000000+000000 ___ghs_RunTimeErrorDetected
                  00000000+000042 ___ghs_at_exit
                  00000000+000000 ___ghs_board_cache_sync
                  00000000+000000 ___ghs_board_devices_init
                  00000000+000000 ___ghs_board_memory_init
                  00000000+000000 ___ghs_call_table
                  00000000+000000 ___ghs_checksum
                  00000000+000000 ___ghs_coverage_init
                  00000000+000000 ___ghs_cpp_exception_cleanup
                  00000000+000000 ___ghs_cpp_exception_init
                  00000000+000000 ___ghs_decompress
 .text            00001678+000000 ___ghs_eofn_ApplFblAdjustLbtBlockData
 .text            000011da+000000 ___ghs_eofn_ApplFblCanBusOff
                  00000000+000000 ___ghs_eofn_ApplFblCanWakeUp
 .text            00001022+000000 ___ghs_eofn_ApplFblCheckConditions
 .text            0000101e+000000 ___ghs_eofn_ApplFblCheckProgConditions
 .text            0000106c+000000 ___ghs_eofn_ApplFblCheckProgDependencies
 .text            000014fe+000000 ___ghs_eofn_ApplFblChkModulePresence
 .text            000011b6+000000 ___ghs_eofn_ApplFblDataProcessing
 .text            000011ba+000000 ___ghs_eofn_ApplFblDeinitDataProcessing
                  00000000+000000 ___ghs_eofn_ApplFblErrorNotification
 .text            000016d8+000000 ___ghs_eofn_ApplFblExtProgRequest
 .text            00000fe8+000000 ___ghs_eofn_ApplFblFatalError
 .text            00001a18+000000 ___ghs_eofn_ApplFblGetProgAttempts
                  00000000+000000 ___ghs_eofn_ApplFblGetProgCounts
 .text            000019c0+000000 ___ghs_eofn_ApplFblIncProgAttempts
 .text            00001940+000000 ___ghs_eofn_ApplFblIncProgCounts
 .text            00000fe6+000000 ___ghs_eofn_ApplFblInit
 .text            0000118a+000000 ___ghs_eofn_ApplFblInitDataProcessing
 .text            0000134c+000000 ___ghs_eofn_ApplFblInitErrStatus
 .text            0000177c+000000 ___ghs_eofn_ApplFblInvalidateApp
 .text            000017e2+000000 ___ghs_eofn_ApplFblInvalidateBlock
 .text            00001842+000000 ___ghs_eofn_ApplFblIsValidApp
 .text            000018a8+000000 ___ghs_eofn_ApplFblRWSecurityAccessDelayFlag
 .text            000012a4+000000 ___ghs_eofn_ApplFblReadDataByIdentifier
 .text            00001a72+000000 ___ghs_eofn_ApplFblReadSecAccessInvalidCount
 .text            000010ca+000000 ___ghs_eofn_ApplFblReset
 .text            000010a4+000000 ___ghs_eofn_ApplFblResetVfp
 .text            00001186+000000 ___ghs_eofn_ApplFblSecurityInit
 .text            00001178+000000 ___ghs_eofn_ApplFblSecurityKey
 .text            00001146+000000 ___ghs_eofn_ApplFblSecuritySeed
 .text            000010e8+000000 ___ghs_eofn_ApplFblSecuritySeedInit
 .text            0000108a+000000 ___ghs_eofn_ApplFblSetVfp
 .text            000011ec+000000 ___ghs_eofn_ApplFblStartApplication
 .text            0000100e+000000 ___ghs_eofn_ApplFblStartup
 .text            000011d6+000000 ___ghs_eofn_ApplFblStateTask
 .text            000018c0+000000 ___ghs_eofn_ApplFblStoreFingerprint
 .text            000011d4+000000 ___ghs_eofn_ApplFblTask
 .text            00001a7c+000000 ___ghs_eofn_ApplFblValidateApp
 .text            00001738+000000 ___ghs_eofn_ApplFblValidateBlock
 .text            00001a84+000000 ___ghs_eofn_ApplFblWDInit
 .text            00001a86+000000 ___ghs_eofn_ApplFblWDLong
                  00000000+000000 ___ghs_eofn_ApplFblWDShort
 .RAMCODE         fede3134+000000 ___ghs_eofn_ApplFblWDTrigger
 .text            00001324+000000 ___ghs_eofn_ApplFblWriteDataByIdentifier
 .text            00001a42+000000 ___ghs_eofn_ApplFblWriteSecAccessInvalidCount
 .text            0000106e+000000 ___ghs_eofn_ApplTrcvrNormalMode
                  00000000+000000 ___ghs_eofn_ApplTrcvrSleepMode
 .text            00001e94+000000 ___ghs_eofn_DiagExRCRResponsePending
 .text            00002172+000000 ___ghs_eofn_DiagProcessingDone
 .text            000009ca+000000 ___ghs_eofn_EepromDriver_DeinitSync
 .text            000009c6+000000 ___ghs_eofn_EepromDriver_InitSync
 .text            000009f4+000000 ___ghs_eofn_EepromDriver_REraseSync
 .text            00000a1a+000000 ___ghs_eofn_EepromDriver_RReadSync
 .text            000009f0+000000 ___ghs_eofn_EepromDriver_RWriteSync
                  00000000+000000 ___ghs_eofn_EepromDriver_VerifySync
 .text            00003cf2+000000 ___ghs_eofn_FblCanErrorTask
 .text            00003b2a+000000 ___ghs_eofn_FblCanInit
 .text            00003c36+000000 ___ghs_eofn_FblCanMsgTransmitted
                  00000000+000000 ___ghs_eofn_FblCanParamInit
 .text            00003ce2+000000 ___ghs_eofn_FblCanProcessRxMsg
 .text            00003c46+000000 ___ghs_eofn_FblCanReceive
 .text            00003be6+000000 ___ghs_eofn_FblCanTransmit
 .text            00002134+000000 ___ghs_eofn_FblCheckAddressRange
 .text            00002162+000000 ___ghs_eofn_FblCheckRangeContained
 .text            00001d36+000000 ___ghs_eofn_FblCwCanTransmit
 .text            00001c9c+000000 ___ghs_eofn_FblCwDeinit
 .text            00001cde+000000 ___ghs_eofn_FblCwDiscardReception
 .text            00001c26+000000 ___ghs_eofn_FblCwIdleTask
 .text            00001c96+000000 ___ghs_eofn_FblCwInit
 .text            00001ad4+000000 ___ghs_eofn_FblCwPrecopy
 .text            00001ae4+000000 ___ghs_eofn_FblCwProcessFunctionalRequest
 .text            00001a9a+000000 ___ghs_eofn_FblCwProcessPhysicalRequest
 .text            00001cee+000000 ___ghs_eofn_FblCwResetRxBlock
 .text            00001ce2+000000 ___ghs_eofn_FblCwSetRxBlock
 .text            00001cbe+000000 ___ghs_eofn_FblCwSetTxInit
 .text            00001c0e+000000 ___ghs_eofn_FblCwStateTask
 .text            00001bde+000000 ___ghs_eofn_FblCwTimerTask
 .text            00001da0+000000 ___ghs_eofn_FblCwTpConfirmation
 .text            00001d46+000000 ___ghs_eofn_FblCwTpDataInd
 .text            00001dd0+000000 ___ghs_eofn_FblCwTpErrorIndication
 .text            00001dbc+000000 ___ghs_eofn_FblCwTpRxStartIndication
 .text            00001b2e+000000 ___ghs_eofn_FblCwTransmitRP
 .text            0000372e+000000 ___ghs_eofn_FblDiagDefaultPostHandler
 .text            000020c8+000000 ___ghs_eofn_FblDiagEcuReset
 .text            000023d8+000000 ___ghs_eofn_FblDiagInit
 .text            000023b0+000000 ___ghs_eofn_FblDiagInitPowerOn
 .text            000028c0+000000 ___ghs_eofn_FblDiagInitStartFromAppl
 .text            00002124+000000 ___ghs_eofn_FblDiagMemGetActiveBuffer
 .text            0000298c+000000 ___ghs_eofn_FblDiagMemPostWrite
 .text            00002988+000000 ___ghs_eofn_FblDiagMemPreWrite
 .text            00002eae+000000 ___ghs_eofn_FblDiagOemInitPowerOn
 .text            000028ea+000000 ___ghs_eofn_FblDiagPostInit
 .text            00002956+000000 ___ghs_eofn_FblDiagRxErrorIndication
 .text            00002952+000000 ___ghs_eofn_FblDiagRxGetFuncBuffer
 .text            00002406+000000 ___ghs_eofn_FblDiagRxGetPhysBuffer
 .text            0000248e+000000 ___ghs_eofn_FblDiagRxIndication
 .text            00002436+000000 ___ghs_eofn_FblDiagRxStartIndication
 .text            0000230a+000000 ___ghs_eofn_FblDiagSegmentNext
 .text            00002112+000000 ___ghs_eofn_FblDiagSetError
 .text            0000284c+000000 ___ghs_eofn_FblDiagStateTask
 .text            00002932+000000 ___ghs_eofn_FblDiagTimerTask
 .text            00002984+000000 ___ghs_eofn_FblDiagTxConfirmation
 .text            00002962+000000 ___ghs_eofn_FblDiagTxErrorIndication
 .text            0000235c+000000 ___ghs_eofn_FblGetBlockNrFromAddress
 .text            00003968+000000 ___ghs_eofn_FblGetTimerValue
 .text            00001e0a+000000 ___ghs_eofn_FblHandleRxMsg
 .text            000056ea+000000 ___ghs_eofn_FblInitWatchdog
 .RAMCODE         fede31e2+000000 ___ghs_eofn_FblLookForWatchdog
 .RAMCODE         fede31e6+000000 ___ghs_eofn_FblLookForWatchdogVoid
 .text            00004a96+000000 ___ghs_eofn_FblMemBlockEndIndication
 .text            000049a4+000000 ___ghs_eofn_FblMemBlockEraseIndication
 .text            00004a08+000000 ___ghs_eofn_FblMemBlockStartIndication
 .text            00004b2c+000000 ___ghs_eofn_FblMemBlockVerify
 .text            00004de2+000000 ___ghs_eofn_FblMemDataIndication
 .text            0000496a+000000 ___ghs_eofn_FblMemDeinit
                  00000000+000000 ___ghs_eofn_FblMemEraseRegion
                  00000000+000000 ___ghs_eofn_FblMemFlushInputData
 .text            0000414e+000000 ___ghs_eofn_FblMemGetActiveBuffer
 .text            00004e0e+000000 ___ghs_eofn_FblMemGetInteger
                  00000000+000000 ___ghs_eofn_FblMemInit
 .text            00004966+000000 ___ghs_eofn_FblMemInitPowerOn
 .text            0000495e+000000 ___ghs_eofn_FblMemInitPowerOnExt
                  00000000+000000 ___ghs_eofn_FblMemProgramBuffer
                  00000000+000000 ___ghs_eofn_FblMemResumeIndication
 .text            00004d3a+000000 ___ghs_eofn_FblMemSegmentEndIndication
 .text            00001f60+000000 ___ghs_eofn_FblMemSegmentNrGet
 .text            00004c5e+000000 ___ghs_eofn_FblMemSegmentStartIndication
 .text            00004df4+000000 ___ghs_eofn_FblMemSetInteger
                  00000000+000000 ___ghs_eofn_FblMemTask
 .text            00003d3e+000000 ___ghs_eofn_FblReadBlock
                  00000000+000000 ___ghs_eofn_FblReadByte
 .text            00002044+000000 ___ghs_eofn_FblReadProm
 .text            00001eaa+000000 ___ghs_eofn_FblRealTimeSupport
 .text            00003eee+000000 ___ghs_eofn_FblStart
 .text            00003960+000000 ___ghs_eofn_FblTimerInit
 .text            000056dc+000000 ___ghs_eofn_FblTpConfirmation
 .text            00004fb0+000000 ___ghs_eofn_FblTpInitPowerOn
 .text            00005424+000000 ___ghs_eofn_FblTpPrecopy
 .text            00004f96+000000 ___ghs_eofn_FblTpResetRxBlock
 .text            00004fa0+000000 ___ghs_eofn_FblTpSetRxBlock
 .text            00005646+000000 ___ghs_eofn_FblTpTask
 .text            000050a8+000000 ___ghs_eofn_FblTpTransmit
 .text            00005110+000000 ___ghs_eofn_FblTpTransmitSF
 .text            000037d4+000000 ___ghs_eofn_FlashDriver_DeinitSync
                  00000000+000000 ___ghs_eofn_FlashDriver_GetVersionOfDriver
 .text            0000379a+000000 ___ghs_eofn_FlashDriver_InitSync
 .text            00003874+000000 ___ghs_eofn_FlashDriver_REraseSync
 .text            0000390e+000000 ___ghs_eofn_FlashDriver_RReadSync
 .text            00003838+000000 ___ghs_eofn_FlashDriver_RWriteSync
 .text            00004e88+000000 ___ghs_eofn_MemDriver_RDeinitSync
 .text            00004ef8+000000 ___ghs_eofn_MemDriver_REraseSync
 .text            00004e58+000000 ___ghs_eofn_MemDriver_RInitSync
 .text            00004ec0+000000 ___ghs_eofn_MemDriver_RWriteSync
 .text            00000c2a+000000 ___ghs_eofn_SecM_CompareKey
 .text            00000b24+000000 ___ghs_eofn_SecM_ComputeCRC
 .text            00000b20+000000 ___ghs_eofn_SecM_ComputeCrc32
 .text            00000bf2+000000 ___ghs_eofn_SecM_ComputeKey
 .text            00000c3a+000000 ___ghs_eofn_SecM_ComputeKeyVendor
 .text            00000edc+000000 ___ghs_eofn_SecM_DeinitVerification
 .text            00000bd2+000000 ___ghs_eofn_SecM_GenerateSeed
 .text            00000a40+000000 ___ghs_eofn_SecM_GetInteger
 .text            00000a28+000000 ___ghs_eofn_SecM_InitPowerOn
 .text            00000ab4+000000 ___ghs_eofn_SecM_InitPowerOnCRC
 .text            00000ed8+000000 ___ghs_eofn_SecM_InitVerification
 .text            00000a52+000000 ___ghs_eofn_SecM_SetInteger
                  00000000+000000 ___ghs_eofn_SecM_Task
 .text            00000efe+000000 ___ghs_eofn_SecM_Verification
 .text            00000efa+000000 ___ghs_eofn_SecM_VerificationClassDDD
 .text            00000eba+000000 ___ghs_eofn_SecM_VerifyChecksumCrc
 .text            00000ed4+000000 ___ghs_eofn_SecM_VerifyClassDDD
                  00000000+000000 ___ghs_eofn_SecM_VerifySignature
 .text            00003e9c+000000 ___ghs_eofn_main
 .text            00003d28+000000 ___ghs_eofn_ownmemcpy
 .text            00005750+000346 ___ghs_ind_crt0
 .text            00005c7c+0000ba ___ghs_ind_crt1
 .syscall         00005dc0+000006 ___ghs_initial_dotsyscall
                  00000000+000000 ___ghs_lock_create
                  00000000+000000 ___ghs_lock_destroy
                  00000000+000000 ___ghs_lock_lock
                  00000000+000000 ___ghs_lock_unlock
                  00000002+000000 ___ghs_log_fee_level
                  00000000+000000 ___ghs_manprf_init
                  00000000+000000 ___ghs_multicore_init_flag
                  00000000+000018 ___ghs_multicore_wait_for_init
                  00000000+000000 ___ghs_rambootcodeend
                  00000000+000000 ___ghs_rambootcodestart
                  00000000+000000 ___ghs_rombootcodeend
                  00000000+000000 ___ghs_rombootcodestart
                  00000000+000000 ___ghs_set_stack_chk_guard
 .text            00005c5a+000022 ___ghs_syscall
                  00000000+000000 ___ghs_undefined_func
 .fixaddr         00005d48+000000 ___ghsbegin_fixaddr
 .fixtype         00005d48+000000 ___ghsbegin_fixtype
                  00000000+000000 ___ghsbegin_picbase
                  00000000+000000 ___ghsbegin_pidbase
 .robase          000002b8+000000 ___ghsbegin_robase
 .sda_end         fede4540+000000 ___ghsbegin_sda_end
                  00000000+000000 ___ghsbegin_sda_start
 .sdabase         fede0000+000000 ___ghsbegin_sdabase
 .secinfo         00005d48+000000 ___ghsbegin_secinfo
 .secinfo         00005d6c+000000 ___ghsbinfo_aclear
 .secinfo         00005db4+000000 ___ghsbinfo_acopy
 .secinfo         00005dc0+000000 ___ghsbinfo_bcopy
 .secinfo         00005d48+000024 ___ghsbinfo_clear
 .secinfo         00005dc0+000000 ___ghsbinfo_comacopy
 .secinfo         00005dc0+000000 ___ghsbinfo_comcopy
 .secinfo         00005dc0+000000 ___ghsbinfo_comtcopy
 .secinfo         00005d6c+000054 ___ghsbinfo_copy
 .secinfo         00005db4+000000 ___ghsbinfo_tcopy
 .secinfo         00005dc0+000000 ___ghseinfo_bcopy
 .secinfo         00005d6c+000000 ___ghseinfo_clear
 .secinfo         00005dc0+000000 ___ghseinfo_comcopy
 .secinfo         00005dc0+000000 ___ghseinfo_copy
 .fixaddr         00005d48+000000 ___ghsend_fixaddr
 .fixtype         00005d48+000000 ___ghsend_fixtype
 .stack           fee00000+000000 ___ghsend_stack
                  00000000+000024 ___mcopy
                  00000000+000000 __cleanup
 .tdata           fede4540+000000 __ep
 .text            00005bf0+00006a __exit
                  00000000+000000 __ghs_rh850_misalign
                  00000000+000000 __ghs_v800_r20_initializer
                  00000000+000000 __ghs_v800_r21_initializer
                  00000000+000000 __ghs_v800_r22_initializer
                  00000000+000000 __ghs_v800_r23_initializer
                  00000000+000000 __ghs_v800_r24_initializer
                  00000000+000000 __ghs_v800_sda_model
 .RAMCODE         fede31ec+000006 __ghscallpatch__FblCwStateTask_0_0
 .RAMCODE         fede31e6+000006 __ghscallpatch__FblCwTimerTask_0_0
 .text            000011ec+000006 __ghscallpatch__FblLookForWatchdogVoid_0_0
 .text            00001e0a+000006 __ghscallpatch__FblLookForWatchdog_0_0
 .sdabase         fede8000+000000 __gp
 .text            00000860+0000ee __start
 .rosdata         000082b8+000000 __tp
 .startup         00000208+000000 __usr_init
 .sbss            fede452e+000001 _bPaddingLength..D.3A.5Cusr.5Cusage.5CDelivery.5CCBD17x.5CCBD1701035.5CD00.5Cexternal.5CDemo.5CDemoFbl.5CAppl.5Cobj.5Cfbl_tp.
 .sbss            fede4539+000001 _bRxBSCounter
 .sbss            fede4538+000001 _bRxBlockSize
 .sbss            fede452c+000001 _bRxSN..D.3A.5Cusr.5Cusage.5CDelivery.5CCBD17x.5CCBD1701035.5CD00.5Cexternal.5CDemo.5CDemoFbl.5CAppl.5Cobj.5Cfbl_tp.
 .sbss            fede453a+000001 _bRxSTmin
 .sbss            fede4522+000002 _bRxTimer..D.3A.5Cusr.5Cusage.5CDelivery.5CCBD17x.5CCBD1701035.5CD00.5Cexternal.5CDemo.5CDemoFbl.5CAppl.5Cobj.5Cfbl_tp.
 .sbss            fede452f+000001 _bStateFlags..D.3A.5Cusr.5Cusage.5CDelivery.5CCBD17x.5CCBD1701035.5CD00.5Cexternal.5CDemo.5CDemoFbl.5CAppl.5Cobj.5Cfbl_tp.
 .sbss            fede4529+000001 _bTpRxState..D.3A.5Cusr.5Cusage.5CDelivery.5CCBD17x.5CCBD1701035.5CD00.5Cexternal.5CDemo.5CDemoFbl.5CAppl.5Cobj.5Cfbl_tp.
 .sbss            fede4528+000001 _bTpTxState..D.3A.5Cusr.5Cusage.5CDelivery.5CCBD17x.5CCBD1701035.5CD00.5Cexternal.5CDemo.5CDemoFbl.5CAppl.5Cobj.5Cfbl_tp.
 .sbss            fede452a+000001 _bTxBSCounter..D.3A.5Cusr.5Cusage.5CDelivery.5CCBD17x.5CCBD1701035.5CD00.5Cexternal.5CDemo.5CDemoFbl.5CAppl.5Cobj.5Cfbl_tp.
 .sbss            fede4520+000002 _bTxSEG..D.3A.5Cusr.5Cusage.5CDelivery.5CCBD17x.5CCBD1701035.5CD00.5Cexternal.5CDemo.5CDemoFbl.5CAppl.5Cobj.5Cfbl_tp.
 .sbss            fede452b+000001 _bTxSN..D.3A.5Cusr.5Cusage.5CDelivery.5CCBD17x.5CCBD1701035.5CD00.5Cexternal.5CDemo.5CDemoFbl.5CAppl.5Cobj.5Cfbl_tp.
 .sbss            fede4524+000002 _bTxTimer..D.3A.5Cusr.5Cusage.5CDelivery.5CCBD17x.5CCBD1701035.5CD00.5Cexternal.5CDemo.5CDemoFbl.5CAppl.5Cobj.5Cfbl_tp.
 .sbss            fede3240+00000c _blockFingerprint..D.3A.5Cusr.5Cusage.5CDelivery.5CCBD17x.5CCBD1701035.5CD00.5Cexternal.5CDemo.5CDemoFbl.5CAppl.5Cobj.5Cfbl_apnv.
 .rosdata         0000042c+000004 _blockPresencePattern..D.3A.5Cusr.5Cusage.5CDelivery.5CCBD17x.5CCBD1701035.5CD00.5Cexternal.5CDemo.5CDemoFbl.5CAppl.5Cobj.5Cfbl_apnv.
 .sbss            fede32a8+00000c _cachedBlock..D.3A.5Cusr.5Cusage.5CDelivery.5CCBD17x.5CCBD1701035.5CD00.5Cexternal.5CDemo.5CDemoFbl.5CAppl.5Cobj.5Cfbl_diag_core.
 .sbss            fede329e+000002 _cachedSegment..D.3A.5Cusr.5Cusage.5CDelivery.5CCBD17x.5CCBD1701035.5CD00.5Cexternal.5CDemo.5CDemoFbl.5CAppl.5Cobj.5Cfbl_diag_core.
 .sbss            fede342c+000004 _confirmationFunction..D.3A.5Cusr.5Cusage.5CDelivery.5CCBD17x.5CCBD1701035.5CD00.5Cexternal.5CDemo.5CDemoFbl.5CAppl.5Cobj.5Cfbl_hw.
 .sbss            fede3200+000014 _crcParam..D.3A.5Cusr.5Cusage.5CDelivery.5CCBD17x.5CCBD1701035.5CD00.5Cexternal.5CDemo.5CDemoFbl.5CAppl.5Cobj.5CSec_Verification.
 .sbss            fede32f0+000001 _currentSequenceCnt..D.3A.5Cusr.5Cusage.5CDelivery.5CCBD17x.5CCBD1701035.5CD00.5Cexternal.5CDemo.5CDemoFbl.5CAppl.5Cobj.5Cfbl_diag_oem.
 .sbss            fede322c+000014 _currentValidatedBlock..D.3A.5Cusr.5Cusage.5CDelivery.5CCBD17x.5CCBD1701035.5CD00.5Cexternal.5CDemo.5CDemoFbl.5CAppl.5Cobj.5Cfbl_apnv.
 .sbss            fede3251+000001 _cwCanRxMsgState..D.3A.5Cusr.5Cusage.5CDelivery.5CCBD17x.5CCBD1701035.5CD00.5Cexternal.5CDemo.5CDemoFbl.5CAppl.5Cobj.5Cfbl_cw.
 .sbss            fede3252+000001 _cwTaskState..D.3A.5Cusr.5Cusage.5CDelivery.5CCBD17x.5CCBD1701035.5CD00.5Cexternal.5CDemo.5CDemoFbl.5CAppl.5Cobj.5Cfbl_cw.
 .sbss            fede324e+000002 _cwTxPendingLength..D.3A.5Cusr.5Cusage.5CDelivery.5CCBD17x.5CCBD1701035.5CD00.5Cexternal.5CDemo.5CDemoFbl.5CAppl.5Cobj.5Cfbl_cw.
 .sbss            fede3250+000001 _cwTxState..D.3A.5Cusr.5Cusage.5CDelivery.5CCBD17x.5CCBD1701035.5CD00.5Cexternal.5CDemo.5CDemoFbl.5CAppl.5Cobj.5Cfbl_cw.
 .sbss            fede324c+000002 _cwTxTimer..D.3A.5Cusr.5Cusage.5CDelivery.5CCBD17x.5CCBD1701035.5CD00.5Cexternal.5CDemo.5CDemoFbl.5CAppl.5Cobj.5Cfbl_cw.
 .sbss            fede32e8+000001 _diagErrorCode
 .rosdata         00000434+000004 _diagFuncRxIdList
 .rosdata         00000430+000004 _diagPhysRxIdList
 .rosdata         00000438+000004 _diagPhysTxIdList
 .sbss            fede32a2+000001 _diagPostParam..D.3A.5Cusr.5Cusage.5CDelivery.5CCBD17x.5CCBD1701035.5CD00.5Cexternal.5CDemo.5CDemoFbl.5CAppl.5Cobj.5Cfbl_diag_core.
 .sbss            fede329c+000002 _diagResLen..D.3A.5Cusr.5Cusage.5CDelivery.5CCBD17x.5CCBD1701035.5CD00.5Cexternal.5CDemo.5CDemoFbl.5CAppl.5Cobj.5Cfbl_diag_core.
 .sbss            fede32e7+000001 _diagResponseFlag
 .sbss            fede32e2+000001 _diagServiceCurrent
 .sbss            fede3320+000014 _downloadBlockDescriptor..D.3A.5Cusr.5Cusage.5CDelivery.5CCBD17x.5CCBD1701035.5CD00.5Cexternal.5CDemo.5CDemoFbl.5CAppl.5Cobj.5Cfbl_diag_oem.
 .sbss            fede3334+0000c0 _downloadSegments..D.3A.5Cusr.5Cusage.5CDelivery.5CCBD17x.5CCBD1701035.5CD00.5Cexternal.5CDemo.5CDemoFbl.5CAppl.5Cobj.5Cfbl_diag_oem.
 .sbss            fede32e0+000002 _ecuResetTimeout
 .EEPDATA         fede3000+000100 _eepData..D.3A.5Cusr.5Cusage.5CDelivery.5CCBD17x.5CCBD1701035.5CD00.5Cexternal.5CDemo.5CDemoFbl.5CAppl.5Cobj.5CEepIO.
 .bss             fede31f4+000004 _environ
 .sbss            fede32bc+000014 _errStatDescriptor
 .sbss            fede32da+000002 _errStatErrorCode
 .sbss            fede32dc+000002 _errStatFblStates
 .sbss            fede32de+000002 _errStatFlashDrvErrorCode
 .sbss            fede32e4+000003 _errStatFlashDrvVersion
 .sbss            fede32e3+000001 _errStatLastServiceId
 .bss             fede31f8+000004 _errno
 .text            000056ea+000066 _exit
 .sbss            fede32f2+000001 _expectedSequenceCnt..D.3A.5Cusr.5Cusage.5CDelivery.5CCBD17x.5CCBD1701035.5CD00.5Cexternal.5CDemo.5CDemoFbl.5CAppl.5Cobj.5Cfbl_diag_oem.
 .rosdata         0000043c+000030 _fblCanIdRxConfiguration
 .sbss            fede3254+000014 _fblCanIdTable
 .rosdata         0000046c+000014 _fblCanIdTxConfiguration
 .sbss            fede3268+000014 _fblCanTxObj
 .sbss            fede327c+000004 _fblCwDiagTransmitObject
 .sbss            fede3280+000001 _fblCwInitFlag
 .sbss            fede3290+000004 _fblDiagServiceMainHandler..D.3A.5Cusr.5Cusage.5CDelivery.5CCBD17x.5CCBD1701035.5CD00.5Cexternal.5CDemo.5CDemoFbl.5CAppl.5Cobj.5Cfbl_diag_core.
 .sbss            fede3294+000004 _fblDiagServiceNrcHandler..D.3A.5Cusr.5Cusage.5CDelivery.5CCBD17x.5CCBD1701035.5CD00.5Cexternal.5CDemo.5CDemoFbl.5CAppl.5Cobj.5Cfbl_diag_core.
 .sbss            fede3298+000004 _fblDiagServicePostHandler..D.3A.5Cusr.5Cusage.5CDelivery.5CCBD17x.5CCBD1701035.5CD00.5Cexternal.5CDemo.5CDemoFbl.5CAppl.5Cobj.5Cfbl_diag_core.
 .sbss            fede328c+000004 _fblDiagServicePreHandler..D.3A.5Cusr.5Cusage.5CDelivery.5CCBD17x.5CCBD1701035.5CD00.5Cexternal.5CDemo.5CDemoFbl.5CAppl.5Cobj.5Cfbl_diag_core.
 .sbss            fede32b8+000004 _fblDiagStates
 .sbss            fede3444+000004 _fblMainStates
 .sbss            fede451c+000001 _fblMemProgState
 .FBLMAGIC        fede311c+000008 _fblStartMagicFlag
 .FLASHDRV        fede0000+002000 _flashCode
 .sbss            fede33f4+000038 _flashParam..D.3A.5Cusr.5Cusage.5CDelivery.5CCBD17x.5CCBD1701035.5CD00.5Cexternal.5CDemo.5CDemoFbl.5CAppl.5Cobj.5Cfbl_flio.
 .sbss            fede3226+000002 _flashlight.ApplFblTask.D.3A.5Cusr.5Cusage.5CDelivery.5CCBD17x.5CCBD1701035.5CD00.5Cexternal.5CDemo.5CDemoFbl.5CAppl.5Cobj.5Cfbl_ap..3
 .sbss            fede3448+000004 _gAllowedInd..D.3A.5Cusr.5Cusage.5CDelivery.5CCBD17x.5CCBD1701035.5CD00.5Cexternal.5CDemo.5CDemoFbl.5CAppl.5Cobj.5Cfbl_mem.
 .sbss            fede3690+000a0c _gBasicInputBuffer..D.3A.5Cusr.5Cusage.5CDelivery.5CCBD17x.5CCBD1701035.5CD00.5Cexternal.5CDemo.5CDemoFbl.5CAppl.5Cobj.5Cfbl_mem.
 .sbss            fede3498+00003c _gBlockInfo..D.3A.5Cusr.5Cusage.5CDelivery.5CCBD17x.5CCBD1701035.5CD00.5Cexternal.5CDemo.5CDemoFbl.5CAppl.5Cobj.5Cfbl_mem.
 .sbss            fede344e+000001 _gErrorStatus..D.3A.5Cusr.5Cusage.5CDelivery.5CCBD17x.5CCBD1701035.5CD00.5Cexternal.5CDemo.5CDemoFbl.5CAppl.5Cobj.5Cfbl_mem.
 .sbss            fede43a4+000108 _gGapFillBuffer..D.3A.5Cusr.5Cusage.5CDelivery.5CCBD17x.5CCBD1701035.5CD00.5Cexternal.5CDemo.5CDemoFbl.5CAppl.5Cobj.5Cfbl_mem.
 .sbss            fede3564+000024 _gGapFillJob..D.3A.5Cusr.5Cusage.5CDelivery.5CCBD17x.5CCBD1701035.5CD00.5Cexternal.5CDemo.5CDemoFbl.5CAppl.5Cobj.5Cfbl_mem.
 .sbss            fede34d4+000024 _gInputJobs..D.3A.5Cusr.5Cusage.5CDelivery.5CCBD17x.5CCBD1701035.5CD00.5Cexternal.5CDemo.5CDemoFbl.5CAppl.5Cobj.5Cfbl_mem.
 .rosdata         000007ec+000008 _gJobPrio..D.3A.5Cusr.5Cusage.5CDelivery.5CCBD17x.5CCBD1701035.5CD00.5Cexternal.5CDemo.5CDemoFbl.5CAppl.5Cobj.5Cfbl_mem.
 .sbss            fede344c+000002 _gPreambleBuffer..D.3A.5Cusr.5Cusage.5CDelivery.5CCBD17x.5CCBD1701035.5CD00.5Cexternal.5CDemo.5CDemoFbl.5CAppl.5Cobj.5Cfbl_mem.
 .sbss            fede409c+000308 _gProcBuffer..D.3A.5Cusr.5Cusage.5CDelivery.5CCBD17x.5CCBD1701035.5CD00.5Cexternal.5CDemo.5CDemoFbl.5CAppl.5Cobj.5Cfbl_mem.
 .sbss            fede3540+000024 _gProcFinalizeJob..D.3A.5Cusr.5Cusage.5CDelivery.5CCBD17x.5CCBD1701035.5CD00.5Cexternal.5CDemo.5CDemoFbl.5CAppl.5Cobj.5Cfbl_mem.
 .sbss            fede3480+000018 _gProcParam..D.3A.5Cusr.5Cusage.5CDelivery.5CCBD17x.5CCBD1701035.5CD00.5Cexternal.5CDemo.5CDemoFbl.5CAppl.5Cobj.5Cfbl_mem.
 .sbss            fede351c+000024 _gProcWriteJob..D.3A.5Cusr.5Cusage.5CDelivery.5CCBD17x.5CCBD1701035.5CD00.5Cexternal.5CDemo.5CDemoFbl.5CAppl.5Cobj.5Cfbl_mem.
 .sbss            fede44ac+000070 _gProcessingQueue..D.3A.5Cusr.5Cusage.5CDelivery.5CCBD17x.5CCBD1701035.5CD00.5Cexternal.5CDemo.5CDemoFbl.5CAppl.5Cobj.5Cfbl_mem.
 .sbss            fede3588+000108 _gRemainderBuffer..D.3A.5Cusr.5Cusage.5CDelivery.5CCBD17x.5CCBD1701035.5CD00.5Cexternal.5CDemo.5CDemoFbl.5CAppl.5Cobj.5Cfbl_mem.
 .sbss            fede3450+000030 _gSegInfo..D.3A.5Cusr.5Cusage.5CDelivery.5CCBD17x.5CCBD1701035.5CD00.5Cexternal.5CDemo.5CDemoFbl.5CAppl.5Cobj.5Cfbl_mem.
 .sbss            fede4530+000001 _gTpConfState..D.3A.5Cusr.5Cusage.5CDelivery.5CCBD17x.5CCBD1701035.5CD00.5Cexternal.5CDemo.5CDemoFbl.5CAppl.5Cobj.5Cfbl_tp.
 .sbss            fede4526+000002 _gTpConfTimer..D.3A.5Cusr.5Cusage.5CDelivery.5CCBD17x.5CCBD1701035.5CD00.5Cexternal.5CDemo.5CDemoFbl.5CAppl.5Cobj.5Cfbl_tp.
 .sbss            fede34f8+000024 _gWriteFinalizeJob..D.3A.5Cusr.5Cusage.5CDelivery.5CCBD17x.5CCBD1701035.5CD00.5Cexternal.5CDemo.5CDemoFbl.5CAppl.5Cobj.5Cfbl_mem.
 .sbss            fede4532+000002 _gbTpRxDL
 .sbss            fede4536+000002 _gbTpRxLength
 .sbss            fede4534+000002 _gbTpTxDL
 .rosdata         000002b8+000004 _initialValueCrc32..D.3A.5Cusr.5Cusage.5CDelivery.5CCBD17x.5CCBD1701035.5CD00.5Cexternal.5CDemo.5CDemoFbl.5CAppl.5Cobj.5CSec_Crc.
 .rosdata         000007d8+000014 _kFblCanIdTable
 .rosdata         000005c8+000210 _kFblDiagServiceTable
 .rosdata         000004c0+000028 _kFblDiagSubtableCommControl..D.3A.5Cusr.5Cusage.5CDelivery.5CCBD17x.5CCBD1701035.5CD00.5Cexternal.5CDemo.5CDemoFbl.5CAppl.5Cobj.5Cfbl_diag_oem.
 .rosdata         00000487+000001 _kFblDiagSubtableCommControl_Disable..D.3A.5Cusr.5Cusage.5CDelivery.5CCBD17x.5CCBD1701035.5CD00.5Cexternal.5CDemo.5CDemoFbl.5CAppl.5Cobj.5Cfbl_diag_oem.
 .rosdata         00000486+000001 _kFblDiagSubtableCommControl_EnRxEnTx..D.3A.5Cusr.5Cusage.5CDelivery.5CCBD17x.5CCBD1701035.5CD00.5Cexternal.5CDemo.5CDemoFbl.5CAppl.5Cobj.5Cfbl_diag_oem.
 .rosdata         000004e8+000028 _kFblDiagSubtableControlDtc..D.3A.5Cusr.5Cusage.5CDelivery.5CCBD17x.5CCBD1701035.5CD00.5Cexternal.5CDemo.5CDemoFbl.5CAppl.5Cobj.5Cfbl_diag_oem.
 .rosdata         0000048a+000001 _kFblDiagSubtableControlDtc_OffSubfunction..D.3A.5Cusr.5Cusage.5CDelivery.5CCBD17x.5CCBD1701035.5CD00.5Cexternal.5CDemo.5CDemoFbl.5CAppl.5Cobj.5Cfbl_diag_oem.
 .rosdata         00000489+000001 _kFblDiagSubtableControlDtc_OnSubfunction..D.3A.5Cusr.5Cusage.5CDelivery.5CCBD17x.5CCBD1701035.5CD00.5Cexternal.5CDemo.5CDemoFbl.5CAppl.5Cobj.5Cfbl_diag_oem.
 .rosdata         00000480+000001 _kFblDiagSubtableDsc_DefaultSession..D.3A.5Cusr.5Cusage.5CDelivery.5CCBD17x.5CCBD1701035.5CD00.5Cexternal.5CDemo.5CDemoFbl.5CAppl.5Cobj.5Cfbl_diag_oem.
 .rosdata         00000482+000001 _kFblDiagSubtableDsc_ExtendedSession..D.3A.5Cusr.5Cusage.5CDelivery.5CCBD17x.5CCBD1701035.5CD00.5Cexternal.5CDemo.5CDemoFbl.5CAppl.5Cobj.5Cfbl_diag_oem.
 .rosdata         00000481+000001 _kFblDiagSubtableDsc_ProgSession..D.3A.5Cusr.5Cusage.5CDelivery.5CCBD17x.5CCBD1701035.5CD00.5Cexternal.5CDemo.5CDemoFbl.5CAppl.5Cobj.5Cfbl_diag_oem.
 .rosdata         0000054c+000014 _kFblDiagSubtableEcuReset..D.3A.5Cusr.5Cusage.5CDelivery.5CCBD17x.5CCBD1701035.5CD00.5Cexternal.5CDemo.5CDemoFbl.5CAppl.5Cobj.5Cfbl_diag_oem.
 .rosdata         00000483+000001 _kFblDiagSubtableEcuReset_HardReset..D.3A.5Cusr.5Cusage.5CDelivery.5CCBD17x.5CCBD1701035.5CD00.5Cexternal.5CDemo.5CDemoFbl.5CAppl.5Cobj.5Cfbl_diag_oem.
 .rosdata         00000494+000003 _kFblDiagSubtableRC_StartCheckProgDep..D.3A.5Cusr.5Cusage.5CDelivery.5CCBD17x.5CCBD1701035.5CD00.5Cexternal.5CDemo.5CDemoFbl.5CAppl.5Cobj.5Cfbl_diag_oem.
 .rosdata         0000048b+000003 _kFblDiagSubtableRC_StartChecksum..D.3A.5Cusr.5Cusage.5CDelivery.5CCBD17x.5CCBD1701035.5CD00.5Cexternal.5CDemo.5CDemoFbl.5CAppl.5Cobj.5Cfbl_diag_oem.
 .rosdata         00000491+000003 _kFblDiagSubtableRC_StartErase..D.3A.5Cusr.5Cusage.5CDelivery.5CCBD17x.5CCBD1701035.5CD00.5Cexternal.5CDemo.5CDemoFbl.5CAppl.5Cobj.5Cfbl_diag_oem.
 .rosdata         0000048e+000003 _kFblDiagSubtableRC_StartProgPreCond..D.3A.5Cusr.5Cusage.5CDelivery.5CCBD17x.5CCBD1701035.5CD00.5Cexternal.5CDemo.5CDemoFbl.5CAppl.5Cobj.5Cfbl_diag_oem.
 .rosdata         00000574+000050 _kFblDiagSubtableRoutine..D.3A.5Cusr.5Cusage.5CDelivery.5CCBD17x.5CCBD1701035.5CD00.5Cexternal.5CDemo.5CDemoFbl.5CAppl.5Cobj.5Cfbl_diag_oem.
 .rosdata         00000498+000028 _kFblDiagSubtableSecAccess..D.3A.5Cusr.5Cusage.5CDelivery.5CCBD17x.5CCBD1701035.5CD00.5Cexternal.5CDemo.5CDemoFbl.5CAppl.5Cobj.5Cfbl_diag_oem.
 .rosdata         00000485+000001 _kFblDiagSubtableSecAccess_Key..D.3A.5Cusr.5Cusage.5CDelivery.5CCBD17x.5CCBD1701035.5CD00.5Cexternal.5CDemo.5CDemoFbl.5CAppl.5Cobj.5Cfbl_diag_oem.
 .rosdata         00000484+000001 _kFblDiagSubtableSecAccess_Seed..D.3A.5Cusr.5Cusage.5CDelivery.5CCBD17x.5CCBD1701035.5CD00.5Cexternal.5CDemo.5CDemoFbl.5CAppl.5Cobj.5Cfbl_diag_oem.
 .rosdata         00000510+00003c _kFblDiagSubtableSessionControl..D.3A.5Cusr.5Cusage.5CDelivery.5CCBD17x.5CCBD1701035.5CD00.5Cexternal.5CDemo.5CDemoFbl.5CAppl.5Cobj.5Cfbl_diag_oem.
 .rosdata         00000560+000014 _kFblDiagSubtableTesterPresent..D.3A.5Cusr.5Cusage.5CDelivery.5CCBD17x.5CCBD1701035.5CD00.5Cexternal.5CDemo.5CDemoFbl.5CAppl.5Cobj.5Cfbl_diag_oem.
 .rosdata         00000488+000001 _kFblDiagSubtableTesterPresent_ZeroSubfunction..D.3A.5Cusr.5Cusage.5CDelivery.5CCBD17x.5CCBD1701035.5CD00.5Cexternal.5CDemo.5CDemoFbl.5CAppl.5Cobj.5Cfbl_diag_oem.
 .rosdata         0000084e+000001 _kFblTpBugFixVersion
 .rosdata         0000084c+000001 _kFblTpMainVersion
 .rosdata         0000084d+000001 _kFblTpSubVersion
 .rosdata         00000850+00000c _kGENyVersion
 .rosdata         00000314+000001 _kNrOfFlashBlock
 .rosdata         00000315+000001 _kNrOfMemDrv
 .rosdata         000005c4+000004 _kSizeOfServiceTable
 .rosdata         000002bc+000040 _lookupCrc32..D.3A.5Cusr.5Cusage.5CDelivery.5CCBD17x.5CCBD1701035.5CD00.5Cexternal.5CDemo.5CDemoFbl.5CAppl.5Cobj.5CSec_Crc.
 .text            00003e6c+000030 _main
 .sbss            fede451d+000001 _memDrvDeviceActive
 .sbss            fede451e+000001 _memDrvFunctionActive
 .rosdata         00000318+000030 _memDrvLst
 .sbss            fede32d4+000002 _memSegment
 .text            00005b00+0000f0 _memcpy
 .text            00005b00+0000f0 _memcpy..trg.2Frh850.2Fobjs.2Flibs.2Flibstartup.2Find_mcpy.
 .text            00005b00+000000 _memcpy_mcopy
 .text            00005aa0+000060 _memset
 .sbss            fede32a0+000002 _nextValidSegment..D.3A.5Cusr.5Cusage.5CDelivery.5CCBD17x.5CCBD1701035.5CD00.5Cexternal.5CDemo.5CDemoFbl.5CAppl.5Cobj.5Cfbl_diag_core.
 .text            00003cf2+000036 _ownmemcpy
 .sbss            fede32a3+000003 _rcrrpBuffer..D.3A.5Cusr.5Cusage.5CDelivery.5CCBD17x.5CCBD1701035.5CD00.5Cexternal.5CDemo.5CDemoFbl.5CAppl.5Cobj.5Cfbl_diag_core.
 .intvect         00000000+000000 _reset
 .rosdata         000002fc+000004 _secCrcZeroValue
 .sbss            fede32d0+000004 _secSecurityAccessDelay
 .sbss            fede3214+000008 _secSeedInput..D.3A.5Cusr.5Cusage.5CDelivery.5CCBD17x.5CCBD1701035.5CD00.5Cexternal.5CDemo.5CDemoFbl.5CAppl.5Cobj.5Cfbl_ap.
 .sbss            fede32f1+000001 _secSendKeyInvalid..D.3A.5Cusr.5Cusage.5CDelivery.5CCBD17x.5CCBD1701035.5CD00.5Cexternal.5CDemo.5CDemoFbl.5CAppl.5Cobj.5Cfbl_diag_oem.
 .sbss            fede3224+000001 _securitySeedResponse..D.3A.5Cusr.5Cusage.5CDelivery.5CCBD17x.5CCBD1701035.5CD00.5Cexternal.5CDemo.5CDemoFbl.5CAppl.5Cobj.5Cfbl_ap.
 .sbss            fede321c+000008 _seed..D.3A.5Cusr.5Cusage.5CDelivery.5CCBD17x.5CCBD1701035.5CD00.5Cexternal.5CDemo.5CDemoFbl.5CAppl.5Cobj.5Cfbl_ap.
 .sbss            fede32e9+000001 _segmentCount
 .sbss            fede3284+000004 _serviceInfo..D.3A.5Cusr.5Cusage.5CDelivery.5CCBD17x.5CCBD1701035.5CD00.5Cexternal.5CDemo.5CDemoFbl.5CAppl.5Cobj.5Cfbl_diag_core.
 .sbss            fede3288+000004 _subServiceInfo..D.3A.5Cusr.5Cusage.5CDelivery.5CCBD17x.5CCBD1701035.5CD00.5Cexternal.5CDemo.5CDemoFbl.5CAppl.5Cobj.5Cfbl_diag_core.
 .sbss            fede3228+000001 _test
 .sbss            fede32d8+000002 _testerPresentTimeout
 .sbss            fede32ec+000004 _transferRemainder..D.3A.5Cusr.5Cusage.5CDelivery.5CCBD17x.5CCBD1701035.5CD00.5Cexternal.5CDemo.5CDemoFbl.5CAppl.5Cobj.5Cfbl_diag_oem.
                  00000000+000000 _undefined_cleanup
                  00000000+000000 _undefined_cleanup_func
 .rosdata         00000300+000010 _verifyConfigClassDDD..D.3A.5Cusr.5Cusage.5CDelivery.5CCBD17x.5CCBD1701035.5CD00.5Cexternal.5CDemo.5CDemoFbl.5CAppl.5Cobj.5CSec_Verification.
 .sbss            fede32f4+00002c _verifyParam..D.3A.5Cusr.5Cusage.5CDelivery.5CCBD17x.5CCBD1701035.5CD00.5Cexternal.5CDemo.5CDemoFbl.5CAppl.5Cobj.5Cfbl_diag_oem.
