Host OS:	Windows 7 Service Pack 1
ELXR: Copyright (C) 1983-2015 Green Hills Software.  All Rights Reserved.
Release: Compiler v2015.1.7
Build Directory: [Directory] BTOWORKER6:c:/build_2015_1_bto/2015-10-21.2100-2015_1_bto/win64-comp
Revision: [VCInfo] http://toolsvc/branches/release-branch-70-bto/src@544153 (built by build)
Revision Date: Thu Oct 22 15:05:22 2015

Release Date: Thu Oct 22 15:32:31 2015




Load Map Tue Mar 27 16:38:20 2018
Image Summary

  Section              Base      Size(hex)    Size(dec)  SecOffs
  .intvect             00000000  00000000            0   0000000
  .vectram             00000000  00000000            0   0000000
  .APPLVECT            00018000  00000008            8   0000240
  .startup             00018008  000000ae          174   0000248
  .rozdata             000180b6  00000000            0   0000000
  .robase              000180b8  00000000            0   0000000
  .rosdata             000180b8  0000050c         1292   00002f8
  .rodata              000185c4  00000000            0   0000000
  .text                000185d0  00004b86        19334   0000810
  .fixaddr             0001d158  00000000            0   0000000
  .fixtype             0001d158  00000000            0   0000000
  .secinfo             0001d158  00000078          120   0005398
  .syscall             0001d1d0  00000006            6   0005410
  .romtext             0001d1d8  000000c0          192   0005418
  .romconst            0001d298  00000000            0   0000000
  .ROM.ramcopy         0001d298  00000000            0   0000000
  .romdata             0001d298  0000001c           28   00054d8
  .romzdata            0001d2b4  00000000            0   0000000
  .romsdata            0001d2b4  00000000            0   0000000
  .romtdata            0001d2b4  00000000            0   0000000
  .sdabase             fede0000  00000000            0   0000000
  .FLASHDRV            fede0000  00003000        12288   0000000
  .EEPDATA             fede3000  00000100          256   0000000
  .data                fede3100  0000001c           28   00054d8
  .FBLMAGIC            fede311c  00000008            8   0000000
  .ramcopy             fede3124  00000000            0   0000000
  .RAMCODE             fede3124  000000c0          192   0005418
  .RAMCONST            fede31e4  00000000            0   0000000
  .bss                 fede31e4  0000000c           12   0000000
  .sdata               fede31f0  00000000            0   0000000
  .sbss                fede31f0  00001344         4932   0000000
  .sda_end             fede4534  00000000            0   0000000
  .zdata               fede4534  00000000            0   0000000
  .zbss                fede4534  00000000            0   0000000
  .tdata               fede4534  00000000            0   0000000
  .stack               fedff000  00001000         4096   0000000
  .ram_end             fee00000  00000000            0   0000000
  .debug_info          00000000  000166f5        91893   00054f4
  .debug_abbrev        00000000  00001d12         7442   001bbe9
  .debug_line          00000000  0000cba3        52131   001d8fb
  .debug_macinfo       00000000  0004a6a2       304802   002a49e
  .debug_frame         00000000  0000293c        10556   0074b40
  .note.renesas        00000000  0000003c           60   007747c
  .linfix              00000000  00003480        13440   00774b8
  .gstackfix           00000000  00000000            0   0000000

Load Map Tue Mar 27 16:38:20 2018
Module Summary

  Origin+Size    Section          Module
000185d0+000110  .text            crt0.o
00000000+00003c  .note.renesas    <RENESAS ABI INFO>
000186e0+0000a2  .text            EepIO.o
fede3000+000100  .EEPDATA         EepIO.o
00000000+0005e5  .debug_info      EepIO.o
00000000+0000f7  .debug_abbrev    EepIO.o
00000000+0006ec  .debug_line      EepIO.o
00000000+00313a  .debug_macinfo   EepIO.o
00000000+000150  .debug_frame     EepIO.o
00018782+000038  .text            Sec.o
000005e5+0003fa  .debug_info      Sec.o
000000f7+000119  .debug_abbrev    Sec.o
000006ec+000255  .debug_line      Sec.o
0000313a+000600  .debug_macinfo   Sec.o
00000150+00010c  .debug_frame     Sec.o
000009df+000090  .debug_info      SecMPar.o
00000210+000018  .debug_abbrev    SecMPar.o
00000941+0000f3  .debug_line      SecMPar.o
0000373a+000188  .debug_macinfo   SecMPar.o
000187ba+0000d2  .text            Sec_Crc.o
000180b8+000048  .rosdata         Sec_Crc.o
00000a6f+0005bf  .debug_info      Sec_Crc.o
00000228+000150  .debug_abbrev    Sec_Crc.o
00000a34+0002c1  .debug_line      Sec_Crc.o
000038c2+000b43  .debug_macinfo   Sec_Crc.o
0000025c+000104  .debug_frame     Sec_Crc.o
0001888c+000106  .text            Sec_SeedKey.o
0000102e+00074b  .debug_info      Sec_SeedKey.o
00000378+00013b  .debug_abbrev    Sec_SeedKey.o
00000cf5+0002dc  .debug_line      Sec_SeedKey.o
00004405+000848  .debug_macinfo   Sec_SeedKey.o
00000360+00013c  .debug_frame     Sec_SeedKey.o
00018992+000010  .text            Sec_SeedKeyVendor.o
00001779+0002bf  .debug_info      Sec_SeedKeyVendor.o
000004b3+0000cc  .debug_abbrev    Sec_SeedKeyVendor.o
00000fd1+0001c1  .debug_line      Sec_SeedKeyVendor.o
00004c4d+0005c9  .debug_macinfo   Sec_SeedKeyVendor.o
0000049c+0000a8  .debug_frame     Sec_SeedKeyVendor.o
000189a2+0002c6  .text            Sec_Verification.o
00018100+000013  .rosdata         Sec_Verification.o
fede31f0+000014  .sbss            Sec_Verification.o
00001a38+00153d  .debug_info      Sec_Verification.o
0000057f+00016e  .debug_abbrev    Sec_Verification.o
00001192+000568  .debug_line      Sec_Verification.o
00005216+000c35  .debug_macinfo   Sec_Verification.o
00000544+000218  .debug_frame     Sec_Verification.o
00018c68+000300  .text            appl_ap.o
fede3204+000015  .sbss            appl_ap.o
00002f75+00130e  .debug_info      appl_ap.o
000006ed+000186  .debug_abbrev    appl_ap.o
000016fa+000a13  .debug_line      appl_ap.o
00005e4b+003f4c  .debug_macinfo   appl_ap.o
0000075c+0002f0  .debug_frame     appl_ap.o
00018f68+000a3a  .text            appl_diag_oem.o
fede321c+000108  .sbss            appl_diag_oem.o
00018114+000358  .rosdata         appl_diag_oem.o
00004283+004023  .debug_info      appl_diag_oem.o
00000873+00019f  .debug_abbrev    appl_diag_oem.o
0000210d+001302  .debug_line      appl_diag_oem.o
00009d97+006fee  .debug_macinfo   appl_diag_oem.o
00000a4c+000410  .debug_frame     appl_diag_oem.o
000199a2+000110  .text            appl_main.o
fede311c+000008  .FBLMAGIC        appl_main.o
fede3324+000005  .sbss            appl_main.o
000082a6+000923  .debug_info      appl_main.o
00000a12+000186  .debug_abbrev    appl_main.o
0000340f+000811  .debug_line      appl_main.o
00010d85+003939  .debug_macinfo   appl_main.o
00000e5c+00014c  .debug_frame     appl_main.o
00018000+000008  .APPLVECT        applvect.o
00008bc9+000122  .debug_info      applvect.o
00000b98+000086  .debug_abbrev    applvect.o
00003c20+0000b1  .debug_line      applvect.o
000146be+000258  .debug_macinfo   applvect.o
00019ab2+00015a  .text            fbl_apdi.o
00008ceb+0006ea  .debug_info      fbl_apdi.o
00000c1e+00017a  .debug_abbrev    fbl_apdi.o
00003cd1+0007a7  .debug_line      fbl_apdi.o
00014916+003657  .debug_macinfo   fbl_apdi.o
00000fa8+0000dc  .debug_frame     fbl_apdi.o
0001846c+000094  .rosdata         fbl_apfb.o
000093d5+0001aa  .debug_info      fbl_apfb.o
00000d98+00008a  .debug_abbrev    fbl_apfb.o
00004478+0005c7  .debug_line      fbl_apfb.o
00017f6d+002f78  .debug_macinfo   fbl_apfb.o
00019c0c+0003d4  .text            fbl_apnv.o
00018500+000004  .rosdata         fbl_apnv.o
fede332c+000020  .sbss            fbl_apnv.o
0000957f+001690  .debug_info      fbl_apnv.o
00000e22+000186  .debug_abbrev    fbl_apnv.o
00004a3f+000bcd  .debug_line      fbl_apnv.o
0001aee5+0044f4  .debug_macinfo   fbl_apnv.o
00001084+00034c  .debug_frame     fbl_apnv.o
00019fe0+00000a  .text            fbl_apwd.o
fede3124+000002  .RAMCODE         fbl_apwd.o
0000ac0f+0001af  .debug_info      fbl_apwd.o
00000fa8+000083  .debug_abbrev    fbl_apwd.o
0000560c+000613  .debug_line      fbl_apwd.o
0001f3d9+00301d  .debug_macinfo   fbl_apwd.o
000013d0+0000f0  .debug_frame     fbl_apwd.o
00019fea+000384  .text            fbl_cw.o
fede334c+000035  .sbss            fbl_cw.o
0000adbe+0010ee  .debug_info      fbl_cw.o
0000102b+000151  .debug_abbrev    fbl_cw.o
00005c1f+000b02  .debug_line      fbl_cw.o
000223f6+0037b6  .debug_macinfo   fbl_cw.o
000014c0+000288  .debug_frame     fbl_cw.o
00018504+000050  .rosdata         fbl_cw_cfg.o
0000beac+0004ad  .debug_info      fbl_cw_cfg.o
0000117c+0000c1  .debug_abbrev    fbl_cw_cfg.o
00006721+0005c9  .debug_line      fbl_cw_cfg.o
00025bac+002fd3  .debug_macinfo   fbl_cw_cfg.o
0001a36e+000c48  .text            fbl_diag_core.o
fede3384+000066  .sbss            fbl_diag_core.o
0000c359+002288  .debug_info      fbl_diag_core.o
0000123d+000174  .debug_abbrev    fbl_diag_core.o
00006cea+001425  .debug_line      fbl_diag_core.o
00028b7f+00639d  .debug_macinfo   fbl_diag_core.o
00001748+0004e0  .debug_frame     fbl_diag_core.o
0001afb6+000138  .text            fbl_flio.o
fede33ec+000038  .sbss            fbl_flio.o
fede0000+003000  .FLASHDRV        fbl_flio.o
0000e5e1+0008a6  .debug_info      fbl_flio.o
000013b1+000130  .debug_abbrev    fbl_flio.o
0000810f+000805  .debug_line      fbl_flio.o
0002ef1c+003e75  .debug_macinfo   fbl_flio.o
00001c28+000150  .debug_frame     fbl_flio.o
0001b0ee+000460  .text            fbl_hw.o
fede3424+000015  .sbss            fbl_hw.o
00018554+000014  .rosdata         fbl_hw.o
0000ee87+0012cc  .debug_info      fbl_hw.o
000014e1+000195  .debug_abbrev    fbl_hw.o
00008914+000916  .debug_line      fbl_hw.o
00032d91+004091  .debug_macinfo   fbl_hw.o
00001d78+000210  .debug_frame     fbl_hw.o
0001b54e+000da2  .text            fbl_mem.o
fede343c+0010d5  .sbss            fbl_mem.o
00018568+000008  .rosdata         fbl_mem.o
00010153+0040b7  .debug_info      fbl_mem.o
00001676+00019f  .debug_abbrev    fbl_mem.o
0000922a+0017f7  .debug_line      fbl_mem.o
00036e22+0055cb  .debug_macinfo   fbl_mem.o
00001f88+000640  .debug_frame     fbl_mem.o
0001c2f0+000020  .text            fbl_mio.o
fede4511+000002  .sbss            fbl_mio.o
0001420a+0003fd  .debug_info      fbl_mio.o
00001815+0000da  .debug_abbrev    fbl_mio.o
0000aa21+00062c  .debug_line      fbl_mio.o
0003c3ed+003306  .debug_macinfo   fbl_mio.o
000025c8+0000e4  .debug_frame     fbl_mio.o
00018570+000044  .rosdata         fbl_mtab.o
00014607+0007af  .debug_info      fbl_mtab.o
000018ef+0000d4  .debug_abbrev    fbl_mtab.o
0000b04d+0005c7  .debug_line      fbl_mtab.o
0003f6f3+002f7e  .debug_macinfo   fbl_mtab.o
0001c310+0007e4  .text            fbl_tp.o
fede4514+00001b  .sbss            fbl_tp.o
000185b4+000003  .rosdata         fbl_tp.o
00014db6+000bb9  .debug_info      fbl_tp.o
000019c3+000190  .debug_abbrev    fbl_tp.o
0000b614+000e1c  .debug_line      fbl_tp.o
00042671+004682  .debug_macinfo   fbl_tp.o
000026ac+0001b4  .debug_frame     fbl_tp.o
0001caf4+00000e  .text            fbl_wd.o
fede3126+0000be  .RAMCODE         fbl_wd.o
fede4530+000004  .sbss            fbl_wd.o
0001596f+000c0f  .debug_info      fbl_wd.o
00001b53+000141  .debug_abbrev    fbl_wd.o
0000c430+0006ac  .debug_line      fbl_wd.o
00046cf3+0036fc  .debug_macinfo   fbl_wd.o
00002860+0000dc  .debug_frame     fbl_wd.o
00018008+0000ae  .text -> .startup startup.o
0001657e+00008f  .debug_info      startup.o
00001c94+000018  .debug_abbrev    startup.o
0000cadc+000041  .debug_line      startup.o
0004a3ef+000037  .debug_macinfo   startup.o
000185b8+00000c  .rosdata         v_par.o
0001660d+0000e8  .debug_info      v_par.o
00001cac+000066  .debug_abbrev    v_par.o
0000cb1d+000086  .debug_line      v_par.o
0004a426+00027c  .debug_macinfo   v_par.o
0001cb02+000066  .text            libansi.a(ccexit.o)
0001cb68+000346  .text            libstartup.a(ind_crt0.o)
0001ceb0+000060  .text            libstartup.a(ind_mset.o)
0001cf10+0000f0  .text            libstartup.a(ind_mcpy.o)
0001d000+00006a  .text            libsys.a(ind_exit.o)
fede31ec+000004  .bss             libsys.a(ind_exit.o)
0001d1d0+000006  .syscall         libsys.a(ind_dots.o)
0001d06a+000022  .text            libsys.a(ind_call.o)
0001d08c+0000ba  .text            libsys.a(ind_crt1.o)
fede3100+00001c  .data            libsys.a(ind_crt1.o)
0001d146+000006  .text            libsys.a(ind_lock.o)
0001d14c+00000a  .text            libsys.a(ind_errn.o)
00000000+003480  .linfix          <Linker supplemental debug info>
0001d158+000078  .secinfo         <section info>
fede31e4+000008  COMMON -> .bss   <commons>

Load Map Tue Mar 27 16:38:20 2018
Global Symbols (sorted alphabetically)

                  00000000+000038 _ApplFblAdjustLbtBlockData
 .text            00018f34+000028 _ApplFblBusSleep
 .text            00018f30+000004 _ApplFblCanBusOff
                  00000000+000002 _ApplFblCanWakeUp
 .text            00018d78+000004 _ApplFblCheckConditions
 .text            00018d68+000010 _ApplFblCheckProgConditions
 .text            00018d7c+00004a _ApplFblCheckProgDependencies
 .text            00019c0c+000094 _ApplFblChgBlockValid..D.3A.5Cusr.5Cusage.5CDelivery.5CCBD17x.5CCBD1701035.5CD00.5Cexternal.5CDemo.5CDemoAppl.5CAppl.5Cobj.5Cfbl_apnv.
 .text            00019cea+00008e _ApplFblChkModulePresence
                  00000000+000088 _ApplFblClrModulePresence..D.3A.5Cusr.5Cusage.5CDelivery.5CCBD17x.5CCBD1701035.5CD00.5Cexternal.5CDemo.5CDemoAppl.5CAppl.5Cobj.5Cfbl_apnv.
 .text            00018ec8+00002c _ApplFblDataProcessing
 .text            00018ef4+000004 _ApplFblDeinitDataProcessing
                  00000000+000002 _ApplFblErrorNotification
                  00000000+000060 _ApplFblExtProgRequest
 .text            00018d40+000002 _ApplFblFatalError
 .text            00019ca0+00004a _ApplFblGetPresencePatternBaseAddress..D.3A.5Cusr.5Cusage.5CDelivery.5CCBD17x.5CCBD1701035.5CD00.5Cexternal.5CDemo.5CDemoAppl.5CAppl.5Cobj.5Cfbl_apnv.
                  00000000+000058 _ApplFblGetProgAttempts
                  00000000+000058 _ApplFblGetProgCounts
                  00000000+000080 _ApplFblIncProgAttempts
 .text            00019efc+000080 _ApplFblIncProgCounts
 .text            00018c68+0000d8 _ApplFblInit
 .text            00018ec4+000004 _ApplFblInitDataProcessing
 .text            00019be4+000028 _ApplFblInitErrStatus
                  00000000+000046 _ApplFblInvalidateApp
                  00000000+000066 _ApplFblInvalidateBlock
                  00000000+000062 _ApplFblIsValidApp
 .text            00019e7e+000066 _ApplFblRWSecurityAccessDelayFlag
 .text            00019ab2+0000b2 _ApplFblReadDataByIdentifier
 .text            00019fa6+000030 _ApplFblReadSecAccessInvalidCount
 .text            00018de2+000026 _ApplFblReset
 .text            00018dc8+00001a _ApplFblResetVfp
 .text            00018eb6+00000e _ApplFblSecurityInit
 .text            00018e84+000032 _ApplFblSecurityKey
 .text            00018e26+00005e _ApplFblSecuritySeed
 .text            00018e08+00001e _ApplFblSecuritySeedInit
 .text            00019d78+0000a6 _ApplFblSetModulePresence..D.3A.5Cusr.5Cusage.5CDelivery.5CCBD17x.5CCBD1701035.5CD00.5Cexternal.5CDemo.5CDemoAppl.5CAppl.5Cobj.5Cfbl_apnv.
                  00000000+00001c _ApplFblSetVfp
                  00000000+000012 _ApplFblStartApplication
 .text            00018d44+000024 _ApplFblStartup
 .text            00018f2e+000002 _ApplFblStateTask
 .text            00019ee4+000018 _ApplFblStoreFingerprint
 .text            00018ef8+000036 _ApplFblTask
 .text            00019fd6+00000a _ApplFblValidateApp
 .text            00019e1e+000060 _ApplFblValidateBlock
 .text            00019fe0+000008 _ApplFblWDInit
 .text            00019fe8+000002 _ApplFblWDLong
                  00000000+000002 _ApplFblWDShort
 .RAMCODE         fede3124+000002 _ApplFblWDTrigger
 .text            00019b64+000080 _ApplFblWriteDataByIdentifier
 .text            00019f7c+00002a _ApplFblWriteSecAccessInvalidCount
 .APPLVECT        00018000+000008 _ApplIntJmpTable
 .text            00018dc6+000002 _ApplTrcvrNormalMode
                  00000000+000002 _ApplTrcvrSleepMode
 .text            0001c310+00002a _AssembleFC..D.3A.5Cusr.5Cusage.5CDelivery.5CCBD17x.5CCBD1701035.5CD00.5Cexternal.5CDemo.5CDemoAppl.5CAppl.5Cobj.5Cfbl_tp.
 .text            0001c33a+00002c _CAN_SaveTransmit..D.3A.5Cusr.5Cusage.5CDelivery.5CCBD17x.5CCBD1701035.5CD00.5Cexternal.5CDemo.5CDemoAppl.5CAppl.5Cobj.5Cfbl_tp.
 .sbss            fede3430+000004 _Can
 .sbss            fede3438+000001 _CanRxActualDLC
 .sbss            fede3428+000008 _CanRxActualData
 .sbss            fede3434+000004 _CanRxActualId
 .text            0001a80c+000020 _ChkSuppressPosRspMsgIndication..D.3A.5Cusr.5Cusage.5CDelivery.5CCBD17x.5CCBD1701035.5CD00.5Cexternal.5CDemo.5CDemoAppl.5CAppl.5Cobj.5Cfbl_diag_core.
 .sbss            fede33b0+000004 _DiagBuffer
 .sbss            fede33d6+000002 _DiagDataLength
 .text            0001a36e+000084 _DiagExRCRResponsePending
 .text            0001a6a4+000010 _DiagProcessingDone
 .text            000186e0+000028 _EepromDriver_CheckRangeContained..D.3A.5Cusr.5Cusage.5CDelivery.5CCBD17x.5CCBD1701035.5CD00.5Cexternal.5CDemo.5CDemoAppl.5CAppl.5Cobj.5CEepIO.
                  00000000+000004 _EepromDriver_DeinitSync
 .text            00018708+00002e _EepromDriver_InitSync
                  00000000+000004 _EepromDriver_REraseSync
 .text            0001875c+000026 _EepromDriver_RReadSync
 .text            00018736+000026 _EepromDriver_RWriteSync
                  00000000+000004 _EepromDriver_VerifySync
 .text            0001b4c2+000010 _FblCanErrorTask
 .text            0001b148+0001c2 _FblCanInit
 .text            0001b514+000004 _FblCanIsAsleep
 .text            0001b3c6+000050 _FblCanMsgTransmitted
                  00000000+000002 _FblCanParamInit
 .text            0001b426+00009c _FblCanProcessRxMsg
 .text            0001b416+000010 _FblCanReceive
 .text            0001b4d2+000042 _FblCanSleep
 .text            0001b30c+0000ba _FblCanTransmit
                  00000000+000002 _FblCanWakeUp
 .text            0001a666+000010 _FblCheckAddressRange
                  00000000+000002 _FblCheckForApplication..D.3A.5Cusr.5Cusage.5CDelivery.5CCBD17x.5CCBD1701035.5CD00.5Cexternal.5CDemo.5CDemoAppl.5CAppl.5Cobj.5Cappl_main.
 .text            0001a676+00002e _FblCheckRangeContained
 .text            0001a252+000048 _FblCwCanTransmit
 .text            0001a1fa+000006 _FblCwDeinit
 .text            0001a222+000020 _FblCwDiscardReception
 .text            0001a172+000018 _FblCwIdleTask
 .text            0001a1ac+00004e _FblCwInit
 .text            0001a18a+000022 _FblCwInitRxIdentifier..D.3A.5Cusr.5Cusage.5CDelivery.5CCBD17x.5CCBD1701035.5CD00.5Cexternal.5CDemo.5CDemoAppl.5CAppl.5Cobj.5Cfbl_cw.
 .text            00019ffe+00003a _FblCwPrecopy
 .text            0001a038+000010 _FblCwProcessFunctionalRequest
 .text            00019fea+000014 _FblCwProcessPhysicalRequest
 .text            0001a246+00000c _FblCwResetRxBlock
 .text            0001a242+000004 _FblCwSetRxBlock
 .text            0001a200+000022 _FblCwSetTxInit
 .text            0001a142+000030 _FblCwStateTask
 .text            0001a092+0000b0 _FblCwTimerTask
 .text            0001a2aa+00005a _FblCwTpConfirmation
 .text            0001a29a+000010 _FblCwTpDataInd
 .text            0001a320+000014 _FblCwTpErrorIndication
 .text            0001a304+00001c _FblCwTpRxStartIndication
 .text            0001a048+00004a _FblCwTransmitRP
 .text            00019a22+00001e _FblDeinit..D.3A.5Cusr.5Cusage.5CDelivery.5CCBD17x.5CCBD1701035.5CD00.5Cexternal.5CDemo.5CDemoAppl.5CAppl.5Cobj.5Cappl_main.
 .text            00019072+0000ae _FblDiagCheckFlashMemoryDownload..D.3A.5Cusr.5Cusage.5CDelivery.5CCBD17x.5CCBD1701035.5CD00.5Cexternal.5CDemo.5CDemoAppl.5CAppl.5Cobj.5Cappl_diag_oem.
 .text            00018fea+000088 _FblDiagCheckRequestDownloadPreconditions..D.3A.5Cusr.5Cusage.5CDelivery.5CCBD17x.5CCBD1701035.5CD00.5Cexternal.5CDemo.5CDemoAppl.5CAppl.5Cobj.5Cappl_diag_oem.
 .text            0001aa82+000084 _FblDiagCheckServiceTableEntry..D.3A.5Cusr.5Cusage.5CDelivery.5CCBD17x.5CCBD1701035.5CD00.5Cexternal.5CDemo.5CDemoAppl.5CAppl.5Cobj.5Cfbl_diag_core.
 .text            0001ac38+000050 _FblDiagCheckSubTableEntry..D.3A.5Cusr.5Cusage.5CDelivery.5CCBD17x.5CCBD1701035.5CD00.5Cexternal.5CDemo.5CDemoAppl.5CAppl.5Cobj.5Cfbl_diag_core.
 .text            000195ec+000026 _FblDiagCommCtrlMainHandler..D.3A.5Cusr.5Cusage.5CDelivery.5CCBD17x.5CCBD1701035.5CD00.5Cexternal.5CDemo.5CDemoAppl.5CAppl.5Cobj.5Cappl_diag_oem.
 .text            0001a6d4+00004a _FblDiagConfirmation..D.3A.5Cusr.5Cusage.5CDelivery.5CCBD17x.5CCBD1701035.5CD00.5Cexternal.5CDemo.5CDemoAppl.5CAppl.5Cobj.5Cfbl_diag_core.
 .text            00019952+000038 _FblDiagControlDTCMainHandler..D.3A.5Cusr.5Cusage.5CDelivery.5CCBD17x.5CCBD1701035.5CD00.5Cexternal.5CDemo.5CDemoAppl.5CAppl.5Cobj.5Cappl_diag_oem.
 .text            00019612+000004 _FblDiagDataByIdLengthCheck..D.3A.5Cusr.5Cusage.5CDelivery.5CCBD17x.5CCBD1701035.5CD00.5Cexternal.5CDemo.5CDemoAppl.5CAppl.5Cobj.5Cappl_diag_oem.
 .text            0001aa70+000012 _FblDiagDefaultNrcHandler..D.3A.5Cusr.5Cusage.5CDelivery.5CCBD17x.5CCBD1701035.5CD00.5Cexternal.5CDemo.5CDemoAppl.5CAppl.5Cobj.5Cfbl_diag_core.
 .text            000199a0+000002 _FblDiagDefaultPostHandler
 .text            0001999a+000006 _FblDiagDefaultPreHandler..D.3A.5Cusr.5Cusage.5CDelivery.5CCBD17x.5CCBD1701035.5CD00.5Cexternal.5CDemo.5CDemoAppl.5CAppl.5Cobj.5Cappl_diag_oem.
 .text            00019398+000066 _FblDiagDefaultSessionMainHandler..D.3A.5Cusr.5Cusage.5CDelivery.5CCBD17x.5CCBD1701035.5CD00.5Cexternal.5CDemo.5CDemoAppl.5CAppl.5Cobj.5Cappl_diag_oem.
 .text            0001a5a0+000058 _FblDiagDeinit..D.3A.5Cusr.5Cusage.5CDelivery.5CCBD17x.5CCBD1701035.5CD00.5Cexternal.5CDemo.5CDemoAppl.5CAppl.5Cobj.5Cfbl_diag_core.
 .text            0001a6b4+000020 _FblDiagDiscardReception..D.3A.5Cusr.5Cusage.5CDelivery.5CCBD17x.5CCBD1701035.5CD00.5Cexternal.5CDemo.5CDemoAppl.5CAppl.5Cobj.5Cfbl_diag_core.
 .text            00018f68+000082 _FblDiagDownloadCheck..D.3A.5Cusr.5Cusage.5CDelivery.5CCBD17x.5CCBD1701035.5CD00.5Cexternal.5CDemo.5CDemoAppl.5CAppl.5Cobj.5Cappl_diag_oem.
 .text            0001a5f8+000012 _FblDiagEcuReset
 .text            00019484+000042 _FblDiagEcuResetMainHandler..D.3A.5Cusr.5Cusage.5CDelivery.5CCBD17x.5CCBD1701035.5CD00.5Cexternal.5CDemo.5CDemoAppl.5CAppl.5Cobj.5Cappl_diag_oem.
 .text            000193fe+000026 _FblDiagExtendedSessionMainHandler..D.3A.5Cusr.5Cusage.5CDelivery.5CCBD17x.5CCBD1701035.5CD00.5Cexternal.5CDemo.5CDemoAppl.5CAppl.5Cobj.5Cappl_diag_oem.
 .text            0001ab06+000132 _FblDiagFindSubTableEntry..D.3A.5Cusr.5Cusage.5CDelivery.5CCBD17x.5CCBD1701035.5CD00.5Cexternal.5CDemo.5CDemoAppl.5CAppl.5Cobj.5Cfbl_diag_core.
 .text            0001aa42+00002e _FblDiagGetServiceInfo..D.3A.5Cusr.5Cusage.5CDelivery.5CCBD17x.5CCBD1701035.5CD00.5Cexternal.5CDemo.5CDemoAppl.5CAppl.5Cobj.5Cfbl_diag_core.
 .text            0001a8a4+000028 _FblDiagInit
 .text            0001a84c+000058 _FblDiagInitPowerOn
 .text            0001ae00+000074 _FblDiagInitStartFromAppl
 .text            0001a8fa+0000b8 _FblDiagInitStartFromReset
 .text            0001a654+000012 _FblDiagMemGetActiveBuffer
 .text            0001afb2+000004 _FblDiagMemPostWrite
 .text            0001afae+000004 _FblDiagMemPreWrite
 .text            000191c2+000006 _FblDiagOemInitPowerOn
 .text            0001ae74+000082 _FblDiagPostInit
 .text            00019120+00006a _FblDiagPrepareFirstDownloadSegment..D.3A.5Cusr.5Cusage.5CDelivery.5CCBD17x.5CCBD1701035.5CD00.5Cexternal.5CDemo.5CDemoAppl.5CAppl.5Cobj.5Cappl_diag_oem.
 .text            000192e8+0000b0 _FblDiagProcessRoutineNrc..D.3A.5Cusr.5Cusage.5CDelivery.5CCBD17x.5CCBD1701035.5CD00.5Cexternal.5CDemo.5CDemoAppl.5CAppl.5Cobj.5Cappl_diag_oem.
 .text            000191c8+000070 _FblDiagProcessServiceNrc..D.3A.5Cusr.5Cusage.5CDelivery.5CCBD17x.5CCBD1701035.5CD00.5Cexternal.5CDemo.5CDemoAppl.5CAppl.5Cobj.5Cappl_diag_oem.
 .text            00019238+0000b0 _FblDiagProcessSubfunctionNrc..D.3A.5Cusr.5Cusage.5CDelivery.5CCBD17x.5CCBD1701035.5CD00.5Cexternal.5CDemo.5CDemoAppl.5CAppl.5Cobj.5Cappl_diag_oem.
 .text            00019424+000060 _FblDiagProgrammingSessionMainHandler..D.3A.5Cusr.5Cusage.5CDelivery.5CCBD17x.5CCBD1701035.5CD00.5Cexternal.5CDemo.5CDemoAppl.5CAppl.5Cobj.5Cappl_diag_oem.
 .text            00019714+00003a _FblDiagRCStartCheckProgDepMainHandler..D.3A.5Cusr.5Cusage.5CDelivery.5CCBD17x.5CCBD1701035.5CD00.5Cexternal.5CDemo.5CDemoAppl.5CAppl.5Cobj.5Cappl_diag_oem.
 .text            000196e8+00002c _FblDiagRCStartCheckProgPreCondMainHandler..D.3A.5Cusr.5Cusage.5CDelivery.5CCBD17x.5CCBD1701035.5CD00.5Cexternal.5CDemo.5CDemoAppl.5CAppl.5Cobj.5Cappl_diag_oem.
 .text            00019648+000072 _FblDiagRCStartCsumMainHandler..D.3A.5Cusr.5Cusage.5CDelivery.5CCBD17x.5CCBD1701035.5CD00.5Cexternal.5CDemo.5CDemoAppl.5CAppl.5Cobj.5Cappl_diag_oem.
 .text            000196ba+00001c _FblDiagRCStartEraseLengthCheck..D.3A.5Cusr.5Cusage.5CDelivery.5CCBD17x.5CCBD1701035.5CD00.5Cexternal.5CDemo.5CDemoAppl.5CAppl.5Cobj.5Cappl_diag_oem.
 .text            000196d6+000012 _FblDiagRCStartEraseMainHandler..D.3A.5Cusr.5Cusage.5CDelivery.5CCBD17x.5CCBD1701035.5CD00.5Cexternal.5CDemo.5CDemoAppl.5CAppl.5Cobj.5Cappl_diag_oem.
 .text            0001998a+000010 _FblDiagReadDataByIdMainHandler..D.3A.5Cusr.5Cusage.5CDelivery.5CCBD17x.5CCBD1701035.5CD00.5Cexternal.5CDemo.5CDemoAppl.5CAppl.5Cobj.5Cappl_diag_oem.
 .text            000198ea+000058 _FblDiagReqTransferExitMainHandler..D.3A.5Cusr.5Cusage.5CDelivery.5CCBD17x.5CCBD1701035.5CD00.5Cexternal.5CDemo.5CDemoAppl.5CAppl.5Cobj.5Cappl_diag_oem.
 .text            0001974e+00001c _FblDiagRequestDownloadLengthCheck..D.3A.5Cusr.5Cusage.5CDelivery.5CCBD17x.5CCBD1701035.5CD00.5Cexternal.5CDemo.5CDemoAppl.5CAppl.5Cobj.5Cappl_diag_oem.
 .text            0001976a+0000c8 _FblDiagRequestDownloadMainHandler..D.3A.5Cusr.5Cusage.5CDelivery.5CCBD17x.5CCBD1701035.5CD00.5Cexternal.5CDemo.5CDemoAppl.5CAppl.5Cobj.5Cappl_diag_oem.
 .text            0001a586+00001a _FblDiagResetServiceFlags..D.3A.5Cusr.5Cusage.5CDelivery.5CCBD17x.5CCBD1701035.5CD00.5Cexternal.5CDemo.5CDemoAppl.5CAppl.5Cobj.5Cfbl_diag_core.
 .text            0001a71e+0000ee _FblDiagResponseProcessor..D.3A.5Cusr.5Cusage.5CDelivery.5CCBD17x.5CCBD1701035.5CD00.5Cexternal.5CDemo.5CDemoAppl.5CAppl.5Cobj.5Cfbl_diag_core.
 .text            0001af7c+000004 _FblDiagRxErrorIndication
 .text            0001af5c+000020 _FblDiagRxGetFuncBuffer
 .text            0001a8ce+00002c _FblDiagRxGetPhysBuffer
 .text            0001a9e2+000060 _FblDiagRxIndication
 .text            0001a9b2+000030 _FblDiagRxStartIndication
 .text            0001952e+0000be _FblDiagSecAccessKeyMainHandler..D.3A.5Cusr.5Cusage.5CDelivery.5CCBD17x.5CCBD1701035.5CD00.5Cexternal.5CDemo.5CDemoAppl.5CAppl.5Cobj.5Cappl_diag_oem.
 .text            000194c6+000068 _FblDiagSecAccessSeedMainHandler..D.3A.5Cusr.5Cusage.5CDelivery.5CCBD17x.5CCBD1701035.5CD00.5Cexternal.5CDemo.5CDemoAppl.5CAppl.5Cobj.5Cappl_diag_oem.
 .text            0001a82c+000020 _FblDiagSegmentNext
 .text            0001ac88+00011a _FblDiagServiceProcessingTask..D.3A.5Cusr.5Cusage.5CDelivery.5CCBD17x.5CCBD1701035.5CD00.5Cexternal.5CDemo.5CDemoAppl.5CAppl.5Cobj.5Cfbl_diag_core.
 .text            0001918a+000038 _FblDiagSessionControlParamInit..D.3A.5Cusr.5Cusage.5CDelivery.5CCBD17x.5CCBD1701035.5CD00.5Cexternal.5CDemo.5CDemoAppl.5CAppl.5Cobj.5Cappl_diag_oem.
 .text            0001a60a+00004a _FblDiagSetError
 .text            0001ada2+00005e _FblDiagStateTask
 .text            00019942+000010 _FblDiagTesterPresentMainHandler..D.3A.5Cusr.5Cusage.5CDelivery.5CCBD17x.5CCBD1701035.5CD00.5Cexternal.5CDemo.5CDemoAppl.5CAppl.5Cobj.5Cappl_diag_oem.
 .text            0001aef6+000066 _FblDiagTimerTask
 .text            00019834+00001e _FblDiagTransferDataLengthCheck..D.3A.5Cusr.5Cusage.5CDelivery.5CCBD17x.5CCBD1701035.5CD00.5Cexternal.5CDemo.5CDemoAppl.5CAppl.5Cobj.5Cappl_diag_oem.
 .text            00019852+000098 _FblDiagTransferDataMainHandler..D.3A.5Cusr.5Cusage.5CDelivery.5CCBD17x.5CCBD1701035.5CD00.5Cexternal.5CDemo.5CDemoAppl.5CAppl.5Cobj.5Cappl_diag_oem.
 .text            0001af8c+000022 _FblDiagTxConfirmation
 .text            0001af80+00000c _FblDiagTxErrorIndication
 .text            00019616+000032 _FblDiagWriteDataByIdMainHandler..D.3A.5Cusr.5Cusage.5CDelivery.5CCBD17x.5CCBD1701035.5CD00.5Cexternal.5CDemo.5CDemoAppl.5CAppl.5Cobj.5Cappl_diag_oem.
                  00000000+000058 _FblGetBlockNrFromAddress
 .text            0001b140+000008 _FblGetTimerValue
 .text            0001a334+00003a _FblHandleRxMsg
 .text            000199de+000044 _FblInit..D.3A.5Cusr.5Cusage.5CDelivery.5CCBD17x.5CCBD1701035.5CD00.5Cexternal.5CDemo.5CDemoAppl.5CAppl.5Cobj.5Cappl_main.
 .text            000199a2+00003c _FblInitPowerOn..D.3A.5Cusr.5Cusage.5CDelivery.5CCBD17x.5CCBD1701035.5CD00.5Cexternal.5CDemo.5CDemoAppl.5CAppl.5Cobj.5Cappl_main.
 .text            0001caf4+00000e _FblInitWatchdog
 .rosdata         00018570+000044 _FblLogicalBlockTable
 .RAMCODE         fede3126+0000ae _FblLookForWatchdog
 .RAMCODE         fede31d4+000004 _FblLookForWatchdogVoid
 .text            0001beee+00008e _FblMemBlockEndIndication
                  00000000+00003c _FblMemBlockEraseIndication
 .text            0001be8a+000064 _FblMemBlockStartIndication
 .text            0001bf7c+000096 _FblMemBlockVerify
 .text            0001bde8+00002c _FblMemCheckAllowed..D.3A.5Cusr.5Cusage.5CDelivery.5CCBD17x.5CCBD1701035.5CD00.5Cexternal.5CDemo.5CDemoAppl.5CAppl.5Cobj.5Cfbl_mem.
 .text            0001b88a+000014 _FblMemCopyBuffer..D.3A.5Cusr.5Cusage.5CDelivery.5CCBD17x.5CCBD1701035.5CD00.5Cexternal.5CDemo.5CDemoAppl.5CAppl.5Cobj.5Cfbl_mem.
 .text            0001c220+0000a4 _FblMemDataIndication
 .text            0001be86+000004 _FblMemDeinit
                  00000000+000004 _FblMemEraseRegion
                  00000000+0000ea _FblMemEraseRegionInternal..D.3A.5Cusr.5Cusage.5CDelivery.5CCBD17x.5CCBD1701035.5CD00.5Cexternal.5CDemo.5CDemoAppl.5CAppl.5Cobj.5Cfbl_mem.
                  00000000+000006 _FblMemFlushInputData
 .text            0001bd54+00002c _FblMemFlushQueueByPrio..D.3A.5Cusr.5Cusage.5CDelivery.5CCBD17x.5CCBD1701035.5CD00.5Cexternal.5CDemo.5CDemoAppl.5CAppl.5Cobj.5Cfbl_mem.
 .text            0001b79e+000010 _FblMemGetActiveBuffer
 .text            0001b568+000042 _FblMemGetBuffer..D.3A.5Cusr.5Cusage.5CDelivery.5CCBD17x.5CCBD1701035.5CD00.5Cexternal.5CDemo.5CDemoAppl.5CAppl.5Cobj.5Cfbl_mem.
 .text            0001c2d6+00001a _FblMemGetInteger
                  00000000+000018 _FblMemInit
 .text            0001b5aa+000028 _FblMemInitBufferIntegrity..D.3A.5Cusr.5Cusage.5CDelivery.5CCBD17x.5CCBD1701035.5CD00.5Cexternal.5CDemo.5CDemoAppl.5CAppl.5Cobj.5Cfbl_mem.
 .text            0001b766+00002a _FblMemInitInputQueue..D.3A.5Cusr.5Cusage.5CDelivery.5CCBD17x.5CCBD1701035.5CD00.5Cexternal.5CDemo.5CDemoAppl.5CAppl.5Cobj.5Cfbl_mem.
 .text            0001b7ae+000046 _FblMemInitInternal..D.3A.5Cusr.5Cusage.5CDelivery.5CCBD17x.5CCBD1701035.5CD00.5Cexternal.5CDemo.5CDemoAppl.5CAppl.5Cobj.5Cfbl_mem.
 .text            0001b752+000014 _FblMemInitJob..D.3A.5Cusr.5Cusage.5CDelivery.5CCBD17x.5CCBD1701035.5CD00.5Cexternal.5CDemo.5CDemoAppl.5CAppl.5Cobj.5Cfbl_mem.
 .text            0001be7e+000008 _FblMemInitPowerOn
 .text            0001be14+00006a _FblMemInitPowerOnExt
 .text            0001b790+00000e _FblMemInitStates..D.3A.5Cusr.5Cusage.5CDelivery.5CCBD17x.5CCBD1701035.5CD00.5Cexternal.5CDemo.5CDemoAppl.5CAppl.5Cobj.5Cfbl_mem.
 .text            0001b860+00002a _FblMemPadBuffer..D.3A.5Cusr.5Cusage.5CDelivery.5CCBD17x.5CCBD1701035.5CD00.5Cexternal.5CDemo.5CDemoAppl.5CAppl.5Cobj.5Cfbl_mem.
 .text            0001b828+000038 _FblMemPadLength..D.3A.5Cusr.5Cusage.5CDelivery.5CCBD17x.5CCBD1701035.5CD00.5Cexternal.5CDemo.5CDemoAppl.5CAppl.5Cobj.5Cfbl_mem.
 .text            0001baa4+000248 _FblMemProcessJob..D.3A.5Cusr.5Cusage.5CDelivery.5CCBD17x.5CCBD1701035.5CD00.5Cexternal.5CDemo.5CDemoAppl.5CAppl.5Cobj.5Cfbl_mem.
 .text            0001bcec+000068 _FblMemProcessQueue..D.3A.5Cusr.5Cusage.5CDelivery.5CCBD17x.5CCBD1701035.5CD00.5Cexternal.5CDemo.5CDemoAppl.5CAppl.5Cobj.5Cfbl_mem.
                  00000000+00001c _FblMemProgramBuffer
 .text            0001b89e+0000ee _FblMemProgramBufferInternal..D.3A.5Cusr.5Cusage.5CDelivery.5CCBD17x.5CCBD1701035.5CD00.5Cexternal.5CDemo.5CDemoAppl.5CAppl.5Cobj.5Cfbl_mem.
 .text            0001b98c+000118 _FblMemProgramStream..D.3A.5Cusr.5Cusage.5CDelivery.5CCBD17x.5CCBD1701035.5CD00.5Cexternal.5CDemo.5CDemoAppl.5CAppl.5Cobj.5Cfbl_mem.
 .text            0001bd80+000068 _FblMemQueueBuffer..D.3A.5Cusr.5Cusage.5CDelivery.5CCBD17x.5CCBD1701035.5CD00.5Cexternal.5CDemo.5CDemoAppl.5CAppl.5Cobj.5Cfbl_mem.
 .text            0001b720+000032 _FblMemQueueDefaultPrioInsert..D.3A.5Cusr.5Cusage.5CDelivery.5CCBD17x.5CCBD1701035.5CD00.5Cexternal.5CDemo.5CDemoAppl.5CAppl.5Cobj.5Cfbl_mem.
 .text            0001b620+000038 _FblMemQueueInit..D.3A.5Cusr.5Cusage.5CDelivery.5CCBD17x.5CCBD1701035.5CD00.5Cexternal.5CDemo.5CDemoAppl.5CAppl.5Cobj.5Cfbl_mem.
 .text            0001b658+00005a _FblMemQueueMove..D.3A.5Cusr.5Cusage.5CDelivery.5CCBD17x.5CCBD1701035.5CD00.5Cexternal.5CDemo.5CDemoAppl.5CAppl.5Cobj.5Cfbl_mem.
 .text            0001b6ee+000032 _FblMemQueuePrioInsert..D.3A.5Cusr.5Cusage.5CDelivery.5CCBD17x.5CCBD1701035.5CD00.5Cexternal.5CDemo.5CDemoAppl.5CAppl.5Cobj.5Cfbl_mem.
 .text            0001b6ba+000034 _FblMemQueuePrioUpdate..D.3A.5Cusr.5Cusage.5CDelivery.5CCBD17x.5CCBD1701035.5CD00.5Cexternal.5CDemo.5CDemoAppl.5CAppl.5Cobj.5Cfbl_mem.
 .text            0001b6b2+000008 _FblMemQueueRemove..D.3A.5Cusr.5Cusage.5CDelivery.5CCBD17x.5CCBD1701035.5CD00.5Cexternal.5CDemo.5CDemoAppl.5CAppl.5Cobj.5Cfbl_mem.
 .text            0001b556+000012 _FblMemResponsePending..D.3A.5Cusr.5Cusage.5CDelivery.5CCBD17x.5CCBD1701035.5CD00.5Cexternal.5CDemo.5CDemoAppl.5CAppl.5Cobj.5Cfbl_mem.
 .text            0001b80e+00001a _FblMemRestorePreamble..D.3A.5Cusr.5Cusage.5CDelivery.5CCBD17x.5CCBD1701035.5CD00.5Cexternal.5CDemo.5CDemoAppl.5CAppl.5Cobj.5Cfbl_mem.
                  00000000+000002 _FblMemResumeIndication
 .text            0001c144+0000dc _FblMemSegmentEndIndication
 .text            0001a408+0000aa _FblMemSegmentNrGet
 .text            0001c012+000132 _FblMemSegmentStartIndication
 .text            0001c2c4+000012 _FblMemSetInteger
 .text            0001b7f4+00001a _FblMemStorePreamble..D.3A.5Cusr.5Cusage.5CDelivery.5CCBD17x.5CCBD1701035.5CD00.5Cexternal.5CDemo.5CDemoAppl.5CAppl.5Cobj.5Cfbl_mem.
                  00000000+000002 _FblMemTask
 .text            0001b552+000004 _FblMemTriggerWatchdog..D.3A.5Cusr.5Cusage.5CDelivery.5CCBD17x.5CCBD1701035.5CD00.5Cexternal.5CDemo.5CDemoAppl.5CAppl.5Cobj.5Cfbl_mem.
 .text            0001b54e+000004 _FblMemTriggerWatchdogExt..D.3A.5Cusr.5Cusage.5CDelivery.5CCBD17x.5CCBD1701035.5CD00.5Cexternal.5CDemo.5CDemoAppl.5CAppl.5Cobj.5Cfbl_mem.
 .text            0001b5d2+00004e _FblMemVerifyBufferIntegrity..D.3A.5Cusr.5Cusage.5CDelivery.5CCBD17x.5CCBD1701035.5CD00.5Cexternal.5CDemo.5CDemoAppl.5CAppl.5Cobj.5Cfbl_mem.
                  00000000+000016 _FblReadBlock
                  00000000+000006 _FblReadByte
 .text            0001a4b2+0000d4 _FblReadProm
 .text            0001a3f2+000016 _FblRealTimeSupport
 .text            00019a40+000032 _FblRepeat..D.3A.5Cusr.5Cusage.5CDelivery.5CCBD17x.5CCBD1701035.5CD00.5Cexternal.5CDemo.5CDemoAppl.5CAppl.5Cobj.5Cappl_main.
                  00000000+000052 _FblStart
 .text            0001b0ee+000052 _FblTimerInit
 .text            0001ca60+000094 _FblTpConfirmation
 .text            0001c36c+00003c _FblTpInit..D.3A.5Cusr.5Cusage.5CDelivery.5CCBD17x.5CCBD1701035.5CD00.5Cexternal.5CDemo.5CDemoAppl.5CAppl.5Cobj.5Cfbl_tp.
 .text            0001c3b8+000010 _FblTpInitPowerOn
 .text            0001c528+000314 _FblTpPrecopy
 .text            0001c3a8+000006 _FblTpResetRxBlock
 .text            0001c3ae+00000a _FblTpSetRxBlock
 .text            0001c83c+000222 _FblTpTask
 .text            0001c3c8+0000f8 _FblTpTransmit
 .text            0001c4c0+000068 _FblTpTransmitSF
 .rosdata         00018470+000090 _FlashBlock
 .text            0001afb6+00003a _FlashDriver_DeinitSync
                  00000000+000038 _FlashDriver_GetVersionOfDriver
                  00000000+00006e _FlashDriver_InitSync
                  00000000+00003e _FlashDriver_REraseSync
 .text            0001b054+00009a _FlashDriver_RReadSync
 .text            0001aff0+000064 _FlashDriver_RWriteSync
                  00000000+000028 _MemDriver_REraseSync
                  00000000+00002a _MemDriver_RInitSync
 .text            0001c2f0+000020 _MemDriver_RWriteSync
 .sbss            fede4530+000002 _P2Timer
 .sbss            fede4521+000001 _STmin..D.3A.5Cusr.5Cusage.5CDelivery.5CCBD17x.5CCBD1701035.5CD00.5Cexternal.5CDemo.5CDemoAppl.5CAppl.5Cobj.5Cfbl_tp.
 .text            0001895a+000038 _SecM_CompareKey
 .text            00018888+000004 _SecM_ComputeCRC
 .text            0001881c+00006c _SecM_ComputeCrc32
 .text            0001893a+000020 _SecM_ComputeKey
 .text            00018992+000010 _SecM_ComputeKeyVendor
 .text            00018c42+000004 _SecM_DeinitVerification
 .text            000188a0+000044 _SecM_GenerateRandomLcg..D.3A.5Cusr.5Cusage.5CDelivery.5CCBD17x.5CCBD1701035.5CD00.5Cexternal.5CDemo.5CDemoAppl.5CAppl.5Cobj.5CSec_SeedKey.
 .text            000188e4+000056 _SecM_GenerateSeed
 .text            00018790+000018 _SecM_GetInteger
 .text            00018782+00000e _SecM_InitPowerOn
 .text            0001881a+000002 _SecM_InitPowerOnCRC
 .text            00018c3e+000004 _SecM_InitVerification
 .text            0001888c+000014 _SecM_LcgRandom..D.3A.5Cusr.5Cusage.5CDelivery.5CCBD17x.5CCBD1701035.5CD00.5Cexternal.5CDemo.5CDemoAppl.5CAppl.5Cobj.5CSec_SeedKey.
 .text            00018aba+000042 _SecM_PopulateCfgList..D.3A.5Cusr.5Cusage.5CDelivery.5CCBD17x.5CCBD1701035.5CD00.5Cexternal.5CDemo.5CDemoAppl.5CAppl.5Cobj.5CSec_Verification.
 .text            000187a8+000012 _SecM_SetInteger
                  00000000+000002 _SecM_Task
                  00000000+000002 _SecM_TimerTask..D.3A.5Cusr.5Cusage.5CDelivery.5CCBD17x.5CCBD1701035.5CD00.5Cexternal.5CDemo.5CDemoAppl.5CAppl.5Cobj.5CSec.
 .text            000187ba+000060 _SecM_UpdateCrc32..D.3A.5Cusr.5Cusage.5CDelivery.5CCBD17x.5CCBD1701035.5CD00.5Cexternal.5CDemo.5CDemoAppl.5CAppl.5Cobj.5CSec_Crc.
 .text            000189fe+000070 _SecM_UpdateSegment..D.3A.5Cusr.5Cusage.5CDelivery.5CCBD17x.5CCBD1701035.5CD00.5Cexternal.5CDemo.5CDemoAppl.5CAppl.5Cobj.5CSec_Verification.
 .text            00018a6e+00004c _SecM_UpdateSegmentAddress..D.3A.5Cusr.5Cusage.5CDelivery.5CCBD17x.5CCBD1701035.5CD00.5Cexternal.5CDemo.5CDemoAppl.5CAppl.5Cobj.5CSec_Verification.
 .text            00018c64+000004 _SecM_Verification
 .text            00018bc2+000016 _SecM_VerificationBase..D.3A.5Cusr.5Cusage.5CDelivery.5CCBD17x.5CCBD1701035.5CD00.5Cexternal.5CDemo.5CDemoAppl.5CAppl.5Cobj.5CSec_Verification.
 .text            00018c46+00001e _SecM_VerificationClassDDD
 .text            00018afc+0000c6 _SecM_VerificationWrapper..D.3A.5Cusr.5Cusage.5CDelivery.5CCBD17x.5CCBD1701035.5CD00.5Cexternal.5CDemo.5CDemoAppl.5CAppl.5Cobj.5CSec_Verification.
 .text            00018bd8+00004c _SecM_VerifyChecksumCrc
 .text            00018c24+00001a _SecM_VerifyClassDDD
                  00000000+000004 _SecM_VerifySignature
 .text            000189a2+00005c _SecM_VerifyWrapper..D.3A.5Cusr.5Cusage.5CDelivery.5CCBD17x.5CCBD1701035.5CD00.5Cexternal.5CDemo.5CDemoAppl.5CAppl.5Cobj.5CSec_Verification.
 .text            0001c366+000006 _TxConfirm..D.3A.5Cusr.5Cusage.5CDelivery.5CCBD17x.5CCBD1701035.5CD00.5Cexternal.5CDemo.5CDemoAppl.5CAppl.5Cobj.5Cfbl_tp.
 .sbss            fede4532+000001 _WDInitFlag
 .sbss            fede4533+000001 _WDTimer
 .text            0001d000+00006a __Exit
                  00000000+000000 ___atexit_cleanup_func
                  00000000+000000 ___cpp_exception_cleanup
                  00000000+000000 ___cpp_exception_init
 .syscall         0001d1d0+000006 ___dotsyscall
                  00000000+000008 ___gh_errno_ptr
                  00000000+00000a ___gh_get_errno
                  00000000+000000 ___gh_iob_init
 .text            0001d14a+000002 ___gh_lock_init
 .text            0001d14c+00000a ___gh_set_errno
 .text            0001d146+000002 ___ghsLock
 .text            0001d148+000002 ___ghsUnlock
                  00000000+000000 ___ghs_GetCurrentThreadID
                  00000000+000000 ___ghs_GetCurrentThreadName
                  00000000+000000 ___ghs_InterruptLock
                  00000000+000000 ___ghs_InterruptUnlock
                  00000000+000000 ___ghs_RunTimeErrorDetected
                  00000000+000042 ___ghs_at_exit
                  00000000+000000 ___ghs_board_cache_sync
                  00000000+000000 ___ghs_board_devices_init
                  00000000+000000 ___ghs_board_memory_init
                  00000000+000000 ___ghs_call_table
                  00000000+000000 ___ghs_checksum
                  00000000+000000 ___ghs_coverage_init
                  00000000+000000 ___ghs_cpp_exception_cleanup
                  00000000+000000 ___ghs_cpp_exception_init
                  00000000+000000 ___ghs_decompress
                  00000000+000000 ___ghs_eofn_ApplFblAdjustLbtBlockData
 .text            00018f5c+000000 ___ghs_eofn_ApplFblBusSleep
 .text            00018f34+000000 ___ghs_eofn_ApplFblCanBusOff
                  00000000+000000 ___ghs_eofn_ApplFblCanWakeUp
 .text            00018d7c+000000 ___ghs_eofn_ApplFblCheckConditions
 .text            00018d78+000000 ___ghs_eofn_ApplFblCheckProgConditions
 .text            00018dc6+000000 ___ghs_eofn_ApplFblCheckProgDependencies
 .text            00019d78+000000 ___ghs_eofn_ApplFblChkModulePresence
 .text            00018ef4+000000 ___ghs_eofn_ApplFblDataProcessing
 .text            00018ef8+000000 ___ghs_eofn_ApplFblDeinitDataProcessing
                  00000000+000000 ___ghs_eofn_ApplFblErrorNotification
                  00000000+000000 ___ghs_eofn_ApplFblExtProgRequest
 .text            00018d42+000000 ___ghs_eofn_ApplFblFatalError
                  00000000+000000 ___ghs_eofn_ApplFblGetProgAttempts
                  00000000+000000 ___ghs_eofn_ApplFblGetProgCounts
                  00000000+000000 ___ghs_eofn_ApplFblIncProgAttempts
 .text            00019f7c+000000 ___ghs_eofn_ApplFblIncProgCounts
 .text            00018d40+000000 ___ghs_eofn_ApplFblInit
 .text            00018ec8+000000 ___ghs_eofn_ApplFblInitDataProcessing
 .text            00019c0c+000000 ___ghs_eofn_ApplFblInitErrStatus
                  00000000+000000 ___ghs_eofn_ApplFblInvalidateApp
                  00000000+000000 ___ghs_eofn_ApplFblInvalidateBlock
                  00000000+000000 ___ghs_eofn_ApplFblIsValidApp
 .text            00019ee4+000000 ___ghs_eofn_ApplFblRWSecurityAccessDelayFlag
 .text            00019b64+000000 ___ghs_eofn_ApplFblReadDataByIdentifier
 .text            00019fd6+000000 ___ghs_eofn_ApplFblReadSecAccessInvalidCount
 .text            00018e08+000000 ___ghs_eofn_ApplFblReset
 .text            00018de2+000000 ___ghs_eofn_ApplFblResetVfp
 .text            00018ec4+000000 ___ghs_eofn_ApplFblSecurityInit
 .text            00018eb6+000000 ___ghs_eofn_ApplFblSecurityKey
 .text            00018e84+000000 ___ghs_eofn_ApplFblSecuritySeed
 .text            00018e26+000000 ___ghs_eofn_ApplFblSecuritySeedInit
                  00000000+000000 ___ghs_eofn_ApplFblSetVfp
                  00000000+000000 ___ghs_eofn_ApplFblStartApplication
 .text            00018d68+000000 ___ghs_eofn_ApplFblStartup
 .text            00018f30+000000 ___ghs_eofn_ApplFblStateTask
 .text            00019efc+000000 ___ghs_eofn_ApplFblStoreFingerprint
 .text            00018f2e+000000 ___ghs_eofn_ApplFblTask
 .text            00019fe0+000000 ___ghs_eofn_ApplFblValidateApp
 .text            00019e7e+000000 ___ghs_eofn_ApplFblValidateBlock
 .text            00019fe8+000000 ___ghs_eofn_ApplFblWDInit
 .text            00019fea+000000 ___ghs_eofn_ApplFblWDLong
                  00000000+000000 ___ghs_eofn_ApplFblWDShort
 .RAMCODE         fede3126+000000 ___ghs_eofn_ApplFblWDTrigger
 .text            00019be4+000000 ___ghs_eofn_ApplFblWriteDataByIdentifier
 .text            00019fa6+000000 ___ghs_eofn_ApplFblWriteSecAccessInvalidCount
 .text            00018dc8+000000 ___ghs_eofn_ApplTrcvrNormalMode
                  00000000+000000 ___ghs_eofn_ApplTrcvrSleepMode
 .text            0001a3f2+000000 ___ghs_eofn_DiagExRCRResponsePending
 .text            0001a6b4+000000 ___ghs_eofn_DiagProcessingDone
                  00000000+000000 ___ghs_eofn_EepromDriver_DeinitSync
 .text            00018736+000000 ___ghs_eofn_EepromDriver_InitSync
                  00000000+000000 ___ghs_eofn_EepromDriver_REraseSync
 .text            00018782+000000 ___ghs_eofn_EepromDriver_RReadSync
 .text            0001875c+000000 ___ghs_eofn_EepromDriver_RWriteSync
                  00000000+000000 ___ghs_eofn_EepromDriver_VerifySync
 .text            0001b4d2+000000 ___ghs_eofn_FblCanErrorTask
 .text            0001b30a+000000 ___ghs_eofn_FblCanInit
 .text            0001b518+000000 ___ghs_eofn_FblCanIsAsleep
 .text            0001b416+000000 ___ghs_eofn_FblCanMsgTransmitted
                  00000000+000000 ___ghs_eofn_FblCanParamInit
 .text            0001b4c2+000000 ___ghs_eofn_FblCanProcessRxMsg
 .text            0001b426+000000 ___ghs_eofn_FblCanReceive
 .text            0001b514+000000 ___ghs_eofn_FblCanSleep
 .text            0001b3c6+000000 ___ghs_eofn_FblCanTransmit
                  00000000+000000 ___ghs_eofn_FblCanWakeUp
 .text            0001a676+000000 ___ghs_eofn_FblCheckAddressRange
 .text            0001a6a4+000000 ___ghs_eofn_FblCheckRangeContained
 .text            0001a29a+000000 ___ghs_eofn_FblCwCanTransmit
 .text            0001a200+000000 ___ghs_eofn_FblCwDeinit
 .text            0001a242+000000 ___ghs_eofn_FblCwDiscardReception
 .text            0001a18a+000000 ___ghs_eofn_FblCwIdleTask
 .text            0001a1fa+000000 ___ghs_eofn_FblCwInit
 .text            0001a038+000000 ___ghs_eofn_FblCwPrecopy
 .text            0001a048+000000 ___ghs_eofn_FblCwProcessFunctionalRequest
 .text            00019ffe+000000 ___ghs_eofn_FblCwProcessPhysicalRequest
 .text            0001a252+000000 ___ghs_eofn_FblCwResetRxBlock
 .text            0001a246+000000 ___ghs_eofn_FblCwSetRxBlock
 .text            0001a222+000000 ___ghs_eofn_FblCwSetTxInit
 .text            0001a172+000000 ___ghs_eofn_FblCwStateTask
 .text            0001a142+000000 ___ghs_eofn_FblCwTimerTask
 .text            0001a304+000000 ___ghs_eofn_FblCwTpConfirmation
 .text            0001a2aa+000000 ___ghs_eofn_FblCwTpDataInd
 .text            0001a334+000000 ___ghs_eofn_FblCwTpErrorIndication
 .text            0001a320+000000 ___ghs_eofn_FblCwTpRxStartIndication
 .text            0001a092+000000 ___ghs_eofn_FblCwTransmitRP
 .text            000199a2+000000 ___ghs_eofn_FblDiagDefaultPostHandler
 .text            0001a60a+000000 ___ghs_eofn_FblDiagEcuReset
 .text            0001a8cc+000000 ___ghs_eofn_FblDiagInit
 .text            0001a8a4+000000 ___ghs_eofn_FblDiagInitPowerOn
 .text            0001ae74+000000 ___ghs_eofn_FblDiagInitStartFromAppl
 .text            0001a9b2+000000 ___ghs_eofn_FblDiagInitStartFromReset
 .text            0001a666+000000 ___ghs_eofn_FblDiagMemGetActiveBuffer
 .text            0001afb6+000000 ___ghs_eofn_FblDiagMemPostWrite
 .text            0001afb2+000000 ___ghs_eofn_FblDiagMemPreWrite
 .text            000191c8+000000 ___ghs_eofn_FblDiagOemInitPowerOn
 .text            0001aef6+000000 ___ghs_eofn_FblDiagPostInit
 .text            0001af80+000000 ___ghs_eofn_FblDiagRxErrorIndication
 .text            0001af7c+000000 ___ghs_eofn_FblDiagRxGetFuncBuffer
 .text            0001a8fa+000000 ___ghs_eofn_FblDiagRxGetPhysBuffer
 .text            0001aa42+000000 ___ghs_eofn_FblDiagRxIndication
 .text            0001a9e2+000000 ___ghs_eofn_FblDiagRxStartIndication
 .text            0001a84c+000000 ___ghs_eofn_FblDiagSegmentNext
 .text            0001a654+000000 ___ghs_eofn_FblDiagSetError
 .text            0001ae00+000000 ___ghs_eofn_FblDiagStateTask
 .text            0001af5c+000000 ___ghs_eofn_FblDiagTimerTask
 .text            0001afae+000000 ___ghs_eofn_FblDiagTxConfirmation
 .text            0001af8c+000000 ___ghs_eofn_FblDiagTxErrorIndication
                  00000000+000000 ___ghs_eofn_FblGetBlockNrFromAddress
 .text            0001b148+000000 ___ghs_eofn_FblGetTimerValue
 .text            0001a36e+000000 ___ghs_eofn_FblHandleRxMsg
 .text            0001cb02+000000 ___ghs_eofn_FblInitWatchdog
 .RAMCODE         fede31d4+000000 ___ghs_eofn_FblLookForWatchdog
 .RAMCODE         fede31d8+000000 ___ghs_eofn_FblLookForWatchdogVoid
 .text            0001bf7c+000000 ___ghs_eofn_FblMemBlockEndIndication
                  00000000+000000 ___ghs_eofn_FblMemBlockEraseIndication
 .text            0001beee+000000 ___ghs_eofn_FblMemBlockStartIndication
 .text            0001c012+000000 ___ghs_eofn_FblMemBlockVerify
 .text            0001c2c4+000000 ___ghs_eofn_FblMemDataIndication
 .text            0001be8a+000000 ___ghs_eofn_FblMemDeinit
                  00000000+000000 ___ghs_eofn_FblMemEraseRegion
                  00000000+000000 ___ghs_eofn_FblMemFlushInputData
 .text            0001b7ae+000000 ___ghs_eofn_FblMemGetActiveBuffer
 .text            0001c2f0+000000 ___ghs_eofn_FblMemGetInteger
                  00000000+000000 ___ghs_eofn_FblMemInit
 .text            0001be86+000000 ___ghs_eofn_FblMemInitPowerOn
 .text            0001be7e+000000 ___ghs_eofn_FblMemInitPowerOnExt
                  00000000+000000 ___ghs_eofn_FblMemProgramBuffer
                  00000000+000000 ___ghs_eofn_FblMemResumeIndication
 .text            0001c220+000000 ___ghs_eofn_FblMemSegmentEndIndication
 .text            0001a4b2+000000 ___ghs_eofn_FblMemSegmentNrGet
 .text            0001c144+000000 ___ghs_eofn_FblMemSegmentStartIndication
 .text            0001c2d6+000000 ___ghs_eofn_FblMemSetInteger
                  00000000+000000 ___ghs_eofn_FblMemTask
                  00000000+000000 ___ghs_eofn_FblReadBlock
                  00000000+000000 ___ghs_eofn_FblReadByte
 .text            0001a586+000000 ___ghs_eofn_FblReadProm
 .text            0001a408+000000 ___ghs_eofn_FblRealTimeSupport
                  00000000+000000 ___ghs_eofn_FblStart
 .text            0001b140+000000 ___ghs_eofn_FblTimerInit
 .text            0001caf4+000000 ___ghs_eofn_FblTpConfirmation
 .text            0001c3c8+000000 ___ghs_eofn_FblTpInitPowerOn
 .text            0001c83c+000000 ___ghs_eofn_FblTpPrecopy
 .text            0001c3ae+000000 ___ghs_eofn_FblTpResetRxBlock
 .text            0001c3b8+000000 ___ghs_eofn_FblTpSetRxBlock
 .text            0001ca5e+000000 ___ghs_eofn_FblTpTask
 .text            0001c4c0+000000 ___ghs_eofn_FblTpTransmit
 .text            0001c528+000000 ___ghs_eofn_FblTpTransmitSF
 .text            0001aff0+000000 ___ghs_eofn_FlashDriver_DeinitSync
                  00000000+000000 ___ghs_eofn_FlashDriver_GetVersionOfDriver
                  00000000+000000 ___ghs_eofn_FlashDriver_InitSync
                  00000000+000000 ___ghs_eofn_FlashDriver_REraseSync
 .text            0001b0ee+000000 ___ghs_eofn_FlashDriver_RReadSync
 .text            0001b054+000000 ___ghs_eofn_FlashDriver_RWriteSync
                  00000000+000000 ___ghs_eofn_MemDriver_REraseSync
                  00000000+000000 ___ghs_eofn_MemDriver_RInitSync
 .text            0001c310+000000 ___ghs_eofn_MemDriver_RWriteSync
 .text            00018992+000000 ___ghs_eofn_SecM_CompareKey
 .text            0001888c+000000 ___ghs_eofn_SecM_ComputeCRC
 .text            00018888+000000 ___ghs_eofn_SecM_ComputeCrc32
 .text            0001895a+000000 ___ghs_eofn_SecM_ComputeKey
 .text            000189a2+000000 ___ghs_eofn_SecM_ComputeKeyVendor
 .text            00018c46+000000 ___ghs_eofn_SecM_DeinitVerification
 .text            0001893a+000000 ___ghs_eofn_SecM_GenerateSeed
 .text            000187a8+000000 ___ghs_eofn_SecM_GetInteger
 .text            00018790+000000 ___ghs_eofn_SecM_InitPowerOn
 .text            0001881c+000000 ___ghs_eofn_SecM_InitPowerOnCRC
 .text            00018c42+000000 ___ghs_eofn_SecM_InitVerification
 .text            000187ba+000000 ___ghs_eofn_SecM_SetInteger
                  00000000+000000 ___ghs_eofn_SecM_Task
 .text            00018c68+000000 ___ghs_eofn_SecM_Verification
 .text            00018c64+000000 ___ghs_eofn_SecM_VerificationClassDDD
 .text            00018c24+000000 ___ghs_eofn_SecM_VerifyChecksumCrc
 .text            00018c3e+000000 ___ghs_eofn_SecM_VerifyClassDDD
                  00000000+000000 ___ghs_eofn_SecM_VerifySignature
 .text            00019ab2+000000 ___ghs_eofn_main
 .text            0001b54e+000000 ___ghs_eofn_ownmemcpy
 .text            0001cb68+000346 ___ghs_ind_crt0
 .text            0001d08c+0000ba ___ghs_ind_crt1
 .syscall         0001d1d0+000006 ___ghs_initial_dotsyscall
                  00000000+000000 ___ghs_lock_create
                  00000000+000000 ___ghs_lock_destroy
                  00000000+000000 ___ghs_lock_lock
                  00000000+000000 ___ghs_lock_unlock
                  00000002+000000 ___ghs_log_fee_level
                  00000000+000000 ___ghs_manprf_init
                  00000000+000000 ___ghs_multicore_init_flag
                  00000000+000018 ___ghs_multicore_wait_for_init
                  00000000+000000 ___ghs_rambootcodeend
                  00000000+000000 ___ghs_rambootcodestart
                  00000000+000000 ___ghs_rombootcodeend
                  00000000+000000 ___ghs_rombootcodestart
                  00000000+000000 ___ghs_set_stack_chk_guard
 .text            0001d06a+000022 ___ghs_syscall
                  00000000+000000 ___ghs_undefined_func
 .fixaddr         0001d158+000000 ___ghsbegin_fixaddr
 .fixtype         0001d158+000000 ___ghsbegin_fixtype
                  00000000+000000 ___ghsbegin_picbase
                  00000000+000000 ___ghsbegin_pidbase
 .robase          000180b8+000000 ___ghsbegin_robase
 .sda_end         fede4534+000000 ___ghsbegin_sda_end
                  00000000+000000 ___ghsbegin_sda_start
 .sdabase         fede0000+000000 ___ghsbegin_sdabase
 .secinfo         0001d158+000000 ___ghsbegin_secinfo
 .secinfo         0001d17c+000000 ___ghsbinfo_aclear
 .secinfo         0001d1c4+000000 ___ghsbinfo_acopy
 .secinfo         0001d1d0+000000 ___ghsbinfo_bcopy
 .secinfo         0001d158+000024 ___ghsbinfo_clear
 .secinfo         0001d1d0+000000 ___ghsbinfo_comacopy
 .secinfo         0001d1d0+000000 ___ghsbinfo_comcopy
 .secinfo         0001d1d0+000000 ___ghsbinfo_comtcopy
 .secinfo         0001d17c+000054 ___ghsbinfo_copy
 .secinfo         0001d1c4+000000 ___ghsbinfo_tcopy
 .secinfo         0001d1d0+000000 ___ghseinfo_bcopy
 .secinfo         0001d17c+000000 ___ghseinfo_clear
 .secinfo         0001d1d0+000000 ___ghseinfo_comcopy
 .secinfo         0001d1d0+000000 ___ghseinfo_copy
 .fixaddr         0001d158+000000 ___ghsend_fixaddr
 .fixtype         0001d158+000000 ___ghsend_fixtype
 .stack           fee00000+000000 ___ghsend_stack
                  00000000+000024 ___mcopy
                  00000000+000000 __cleanup
 .tdata           fede4534+000000 __ep
 .text            0001d000+00006a __exit
                  00000000+000000 __ghs_rh850_misalign
                  00000000+000000 __ghs_v800_r20_initializer
                  00000000+000000 __ghs_v800_r21_initializer
                  00000000+000000 __ghs_v800_r22_initializer
                  00000000+000000 __ghs_v800_r23_initializer
                  00000000+000000 __ghs_v800_r24_initializer
                  00000000+000000 __ghs_v800_sda_model
 .RAMCODE         fede31de+000006 __ghscallpatch__FblCwStateTask_0_0
 .RAMCODE         fede31d8+000006 __ghscallpatch__FblCwTimerTask_0_0
 .text            00018f5c+000006 __ghscallpatch__FblLookForWatchdogVoid_0_0
 .text            00018f62+000006 __ghscallpatch__FblLookForWatchdog_0_0
 .sdabase         fede8000+000000 __gp
 .text            000185d0+0000ee __start
 .rosdata         000200b8+000000 __tp
 .startup         00018008+000000 __usr_init
 .sbss            fede4522+000001 _bPaddingLength..D.3A.5Cusr.5Cusage.5CDelivery.5CCBD17x.5CCBD1701035.5CD00.5Cexternal.5CDemo.5CDemoAppl.5CAppl.5Cobj.5Cfbl_tp.
 .sbss            fede452d+000001 _bRxBSCounter
 .sbss            fede452c+000001 _bRxBlockSize
 .sbss            fede4520+000001 _bRxSN..D.3A.5Cusr.5Cusage.5CDelivery.5CCBD17x.5CCBD1701035.5CD00.5Cexternal.5CDemo.5CDemoAppl.5CAppl.5Cobj.5Cfbl_tp.
 .sbss            fede452e+000001 _bRxSTmin
 .sbss            fede4516+000002 _bRxTimer..D.3A.5Cusr.5Cusage.5CDelivery.5CCBD17x.5CCBD1701035.5CD00.5Cexternal.5CDemo.5CDemoAppl.5CAppl.5Cobj.5Cfbl_tp.
 .sbss            fede4523+000001 _bStateFlags..D.3A.5Cusr.5Cusage.5CDelivery.5CCBD17x.5CCBD1701035.5CD00.5Cexternal.5CDemo.5CDemoAppl.5CAppl.5Cobj.5Cfbl_tp.
 .sbss            fede451d+000001 _bTpRxState..D.3A.5Cusr.5Cusage.5CDelivery.5CCBD17x.5CCBD1701035.5CD00.5Cexternal.5CDemo.5CDemoAppl.5CAppl.5Cobj.5Cfbl_tp.
 .sbss            fede451c+000001 _bTpTxState..D.3A.5Cusr.5Cusage.5CDelivery.5CCBD17x.5CCBD1701035.5CD00.5Cexternal.5CDemo.5CDemoAppl.5CAppl.5Cobj.5Cfbl_tp.
 .sbss            fede451e+000001 _bTxBSCounter..D.3A.5Cusr.5Cusage.5CDelivery.5CCBD17x.5CCBD1701035.5CD00.5Cexternal.5CDemo.5CDemoAppl.5CAppl.5Cobj.5Cfbl_tp.
 .sbss            fede4514+000002 _bTxSEG..D.3A.5Cusr.5Cusage.5CDelivery.5CCBD17x.5CCBD1701035.5CD00.5Cexternal.5CDemo.5CDemoAppl.5CAppl.5Cobj.5Cfbl_tp.
 .sbss            fede451f+000001 _bTxSN..D.3A.5Cusr.5Cusage.5CDelivery.5CCBD17x.5CCBD1701035.5CD00.5Cexternal.5CDemo.5CDemoAppl.5CAppl.5Cobj.5Cfbl_tp.
 .sbss            fede4518+000002 _bTxTimer..D.3A.5Cusr.5Cusage.5CDelivery.5CCBD17x.5CCBD1701035.5CD00.5Cexternal.5CDemo.5CDemoAppl.5CAppl.5Cobj.5Cfbl_tp.
 .sbss            fede3340+00000c _blockFingerprint..D.3A.5Cusr.5Cusage.5CDelivery.5CCBD17x.5CCBD1701035.5CD00.5Cexternal.5CDemo.5CDemoAppl.5CAppl.5Cobj.5Cfbl_apnv.
 .rosdata         00018500+000004 _blockPresencePattern..D.3A.5Cusr.5Cusage.5CDelivery.5CCBD17x.5CCBD1701035.5CD00.5Cexternal.5CDemo.5CDemoAppl.5CAppl.5Cobj.5Cfbl_apnv.
 .sbss            fede3384+000008 _cachedBlock..D.3A.5Cusr.5Cusage.5CDelivery.5CCBD17x.5CCBD1701035.5CD00.5Cexternal.5CDemo.5CDemoAppl.5CAppl.5Cobj.5Cfbl_diag_core.
 .sbss            fede33a6+000002 _cachedSegment..D.3A.5Cusr.5Cusage.5CDelivery.5CCBD17x.5CCBD1701035.5CD00.5Cexternal.5CDemo.5CDemoAppl.5CAppl.5Cobj.5Cfbl_diag_core.
 .sbss            fede3424+000004 _confirmationFunction..D.3A.5Cusr.5Cusage.5CDelivery.5CCBD17x.5CCBD1701035.5CD00.5Cexternal.5CDemo.5CDemoAppl.5CAppl.5Cobj.5Cfbl_hw.
 .sbss            fede31f0+000014 _crcParam..D.3A.5Cusr.5Cusage.5CDelivery.5CCBD17x.5CCBD1701035.5CD00.5Cexternal.5CDemo.5CDemoAppl.5CAppl.5Cobj.5CSec_Verification.
 .sbss            fede3220+000001 _currentSequenceCnt..D.3A.5Cusr.5Cusage.5CDelivery.5CCBD17x.5CCBD1701035.5CD00.5Cexternal.5CDemo.5CDemoAppl.5CAppl.5Cobj.5Cappl_diag_oem.
 .sbss            fede332c+000014 _currentValidatedBlock..D.3A.5Cusr.5Cusage.5CDelivery.5CCBD17x.5CCBD1701035.5CD00.5Cexternal.5CDemo.5CDemoAppl.5CAppl.5Cobj.5Cfbl_apnv.
 .sbss            fede3351+000001 _cwCanRxMsgState..D.3A.5Cusr.5Cusage.5CDelivery.5CCBD17x.5CCBD1701035.5CD00.5Cexternal.5CDemo.5CDemoAppl.5CAppl.5Cobj.5Cfbl_cw.
 .sbss            fede3352+000001 _cwTaskState..D.3A.5Cusr.5Cusage.5CDelivery.5CCBD17x.5CCBD1701035.5CD00.5Cexternal.5CDemo.5CDemoAppl.5CAppl.5Cobj.5Cfbl_cw.
 .sbss            fede334e+000002 _cwTxPendingLength..D.3A.5Cusr.5Cusage.5CDelivery.5CCBD17x.5CCBD1701035.5CD00.5Cexternal.5CDemo.5CDemoAppl.5CAppl.5Cobj.5Cfbl_cw.
 .sbss            fede3350+000001 _cwTxState..D.3A.5Cusr.5Cusage.5CDelivery.5CCBD17x.5CCBD1701035.5CD00.5Cexternal.5CDemo.5CDemoAppl.5CAppl.5Cobj.5Cfbl_cw.
 .sbss            fede334c+000002 _cwTxTimer..D.3A.5Cusr.5Cusage.5CDelivery.5CCBD17x.5CCBD1701035.5CD00.5Cexternal.5CDemo.5CDemoAppl.5CAppl.5Cobj.5Cfbl_cw.
 .sbss            fede33e8+000001 _diagErrorCode
 .rosdata         00018508+000004 _diagFuncRxIdList
 .rosdata         00018504+000004 _diagPhysRxIdList
 .rosdata         0001850c+000004 _diagPhysTxIdList
 .sbss            fede33aa+000001 _diagPostParam..D.3A.5Cusr.5Cusage.5CDelivery.5CCBD17x.5CCBD1701035.5CD00.5Cexternal.5CDemo.5CDemoAppl.5CAppl.5Cobj.5Cfbl_diag_core.
 .sbss            fede33a4+000002 _diagResLen..D.3A.5Cusr.5Cusage.5CDelivery.5CCBD17x.5CCBD1701035.5CD00.5Cexternal.5CDemo.5CDemoAppl.5CAppl.5Cobj.5Cfbl_diag_core.
 .sbss            fede33e7+000001 _diagResponseFlag
 .sbss            fede33e2+000001 _diagServiceCurrent
 .sbss            fede3250+000014 _downloadBlockDescriptor..D.3A.5Cusr.5Cusage.5CDelivery.5CCBD17x.5CCBD1701035.5CD00.5Cexternal.5CDemo.5CDemoAppl.5CAppl.5Cobj.5Cappl_diag_oem.
 .sbss            fede3264+0000c0 _downloadSegments..D.3A.5Cusr.5Cusage.5CDelivery.5CCBD17x.5CCBD1701035.5CD00.5Cexternal.5CDemo.5CDemoAppl.5CAppl.5Cobj.5Cappl_diag_oem.
 .sbss            fede33e0+000002 _ecuResetTimeout
 .EEPDATA         fede3000+000100 _eepData..D.3A.5Cusr.5Cusage.5CDelivery.5CCBD17x.5CCBD1701035.5CD00.5Cexternal.5CDemo.5CDemoAppl.5CAppl.5Cobj.5CEepIO.
 .bss             fede31e4+000004 _environ
 .sbss            fede33b8+000014 _errStatDescriptor
 .sbss            fede33da+000002 _errStatErrorCode
 .sbss            fede33dc+000002 _errStatFblStates
 .sbss            fede33de+000002 _errStatFlashDrvErrorCode
 .sbss            fede33e4+000003 _errStatFlashDrvVersion
 .sbss            fede33e3+000001 _errStatLastServiceId
 .bss             fede31e8+000004 _errno
 .text            0001cb02+000066 _exit
 .sbss            fede3222+000001 _expectedSequenceCnt..D.3A.5Cusr.5Cusage.5CDelivery.5CCBD17x.5CCBD1701035.5CD00.5Cexternal.5CDemo.5CDemoAppl.5CAppl.5Cobj.5Cappl_diag_oem.
 .rosdata         00018510+000030 _fblCanIdRxConfiguration
 .sbss            fede3354+000014 _fblCanIdTable
 .rosdata         00018540+000014 _fblCanIdTxConfiguration
 .sbss            fede3368+000014 _fblCanTxObj
 .sbss            fede337c+000004 _fblCwDiagTransmitObject
 .sbss            fede3380+000001 _fblCwInitFlag
 .sbss            fede3398+000004 _fblDiagServiceMainHandler..D.3A.5Cusr.5Cusage.5CDelivery.5CCBD17x.5CCBD1701035.5CD00.5Cexternal.5CDemo.5CDemoAppl.5CAppl.5Cobj.5Cfbl_diag_core.
 .sbss            fede339c+000004 _fblDiagServiceNrcHandler..D.3A.5Cusr.5Cusage.5CDelivery.5CCBD17x.5CCBD1701035.5CD00.5Cexternal.5CDemo.5CDemoAppl.5CAppl.5Cobj.5Cfbl_diag_core.
 .sbss            fede33a0+000004 _fblDiagServicePostHandler..D.3A.5Cusr.5Cusage.5CDelivery.5CCBD17x.5CCBD1701035.5CD00.5Cexternal.5CDemo.5CDemoAppl.5CAppl.5Cobj.5Cfbl_diag_core.
 .sbss            fede3394+000004 _fblDiagServicePreHandler..D.3A.5Cusr.5Cusage.5CDelivery.5CCBD17x.5CCBD1701035.5CD00.5Cexternal.5CDemo.5CDemoAppl.5CAppl.5Cobj.5Cfbl_diag_core.
 .sbss            fede33b4+000004 _fblDiagStates
 .sbss            fede3324+000004 _fblMainStates
 .sbss            fede4510+000001 _fblMemProgState
 .FBLMAGIC        fede311c+000008 _fblStartMagicFlag
 .sbss            fede3328+000001 _fblStartReset
 .FLASHDRV        fede0000+003000 _flashCode
 .sbss            fede33ec+000038 _flashParam..D.3A.5Cusr.5Cusage.5CDelivery.5CCBD17x.5CCBD1701035.5CD00.5Cexternal.5CDemo.5CDemoAppl.5CAppl.5Cobj.5Cfbl_flio.
 .sbss            fede3216+000002 _flashlight.ApplFblTask.D.3A.5Cusr.5Cusage.5CDelivery.5CCBD17x.5CCBD1701035.5CD00.5Cexternal.5CDemo.5CDemoAppl.5CAppl.5Cobj.5Cappl_ap..3
 .sbss            fede343c+000004 _gAllowedInd..D.3A.5Cusr.5Cusage.5CDelivery.5CCBD17x.5CCBD1701035.5CD00.5Cexternal.5CDemo.5CDemoAppl.5CAppl.5Cobj.5Cfbl_mem.
 .sbss            fede3684+000a0c _gBasicInputBuffer..D.3A.5Cusr.5Cusage.5CDelivery.5CCBD17x.5CCBD1701035.5CD00.5Cexternal.5CDemo.5CDemoAppl.5CAppl.5Cobj.5Cfbl_mem.
 .sbss            fede348c+00003c _gBlockInfo..D.3A.5Cusr.5Cusage.5CDelivery.5CCBD17x.5CCBD1701035.5CD00.5Cexternal.5CDemo.5CDemoAppl.5CAppl.5Cobj.5Cfbl_mem.
 .sbss            fede3442+000001 _gErrorStatus..D.3A.5Cusr.5Cusage.5CDelivery.5CCBD17x.5CCBD1701035.5CD00.5Cexternal.5CDemo.5CDemoAppl.5CAppl.5Cobj.5Cfbl_mem.
 .sbss            fede4398+000108 _gGapFillBuffer..D.3A.5Cusr.5Cusage.5CDelivery.5CCBD17x.5CCBD1701035.5CD00.5Cexternal.5CDemo.5CDemoAppl.5CAppl.5Cobj.5Cfbl_mem.
 .sbss            fede3558+000024 _gGapFillJob..D.3A.5Cusr.5Cusage.5CDelivery.5CCBD17x.5CCBD1701035.5CD00.5Cexternal.5CDemo.5CDemoAppl.5CAppl.5Cobj.5Cfbl_mem.
 .sbss            fede34c8+000024 _gInputJobs..D.3A.5Cusr.5Cusage.5CDelivery.5CCBD17x.5CCBD1701035.5CD00.5Cexternal.5CDemo.5CDemoAppl.5CAppl.5Cobj.5Cfbl_mem.
 .rosdata         00018568+000008 _gJobPrio..D.3A.5Cusr.5Cusage.5CDelivery.5CCBD17x.5CCBD1701035.5CD00.5Cexternal.5CDemo.5CDemoAppl.5CAppl.5Cobj.5Cfbl_mem.
 .sbss            fede3440+000002 _gPreambleBuffer..D.3A.5Cusr.5Cusage.5CDelivery.5CCBD17x.5CCBD1701035.5CD00.5Cexternal.5CDemo.5CDemoAppl.5CAppl.5Cobj.5Cfbl_mem.
 .sbss            fede4090+000308 _gProcBuffer..D.3A.5Cusr.5Cusage.5CDelivery.5CCBD17x.5CCBD1701035.5CD00.5Cexternal.5CDemo.5CDemoAppl.5CAppl.5Cobj.5Cfbl_mem.
 .sbss            fede3534+000024 _gProcFinalizeJob..D.3A.5Cusr.5Cusage.5CDelivery.5CCBD17x.5CCBD1701035.5CD00.5Cexternal.5CDemo.5CDemoAppl.5CAppl.5Cobj.5Cfbl_mem.
 .sbss            fede3474+000018 _gProcParam..D.3A.5Cusr.5Cusage.5CDelivery.5CCBD17x.5CCBD1701035.5CD00.5Cexternal.5CDemo.5CDemoAppl.5CAppl.5Cobj.5Cfbl_mem.
 .sbss            fede3510+000024 _gProcWriteJob..D.3A.5Cusr.5Cusage.5CDelivery.5CCBD17x.5CCBD1701035.5CD00.5Cexternal.5CDemo.5CDemoAppl.5CAppl.5Cobj.5Cfbl_mem.
 .sbss            fede44a0+000070 _gProcessingQueue..D.3A.5Cusr.5Cusage.5CDelivery.5CCBD17x.5CCBD1701035.5CD00.5Cexternal.5CDemo.5CDemoAppl.5CAppl.5Cobj.5Cfbl_mem.
 .sbss            fede357c+000108 _gRemainderBuffer..D.3A.5Cusr.5Cusage.5CDelivery.5CCBD17x.5CCBD1701035.5CD00.5Cexternal.5CDemo.5CDemoAppl.5CAppl.5Cobj.5Cfbl_mem.
 .sbss            fede3444+000030 _gSegInfo..D.3A.5Cusr.5Cusage.5CDelivery.5CCBD17x.5CCBD1701035.5CD00.5Cexternal.5CDemo.5CDemoAppl.5CAppl.5Cobj.5Cfbl_mem.
 .sbss            fede4524+000001 _gTpConfState..D.3A.5Cusr.5Cusage.5CDelivery.5CCBD17x.5CCBD1701035.5CD00.5Cexternal.5CDemo.5CDemoAppl.5CAppl.5Cobj.5Cfbl_tp.
 .sbss            fede451a+000002 _gTpConfTimer..D.3A.5Cusr.5Cusage.5CDelivery.5CCBD17x.5CCBD1701035.5CD00.5Cexternal.5CDemo.5CDemoAppl.5CAppl.5Cobj.5Cfbl_tp.
 .sbss            fede34ec+000024 _gWriteFinalizeJob..D.3A.5Cusr.5Cusage.5CDelivery.5CCBD17x.5CCBD1701035.5CD00.5Cexternal.5CDemo.5CDemoAppl.5CAppl.5Cobj.5Cfbl_mem.
 .sbss            fede4526+000002 _gbTpRxDL
 .sbss            fede452a+000002 _gbTpRxLength
 .sbss            fede4528+000002 _gbTpTxDL
 .rosdata         000180b8+000004 _initialValueCrc32..D.3A.5Cusr.5Cusage.5CDelivery.5CCBD17x.5CCBD1701035.5CD00.5Cexternal.5CDemo.5CDemoAppl.5CAppl.5Cobj.5CSec_Crc.
 .rosdata         00018554+000014 _kFblCanIdTable
 .rosdata         0001825c+000210 _kFblDiagServiceTable
 .rosdata         00018154+000028 _kFblDiagSubtableCommControl..D.3A.5Cusr.5Cusage.5CDelivery.5CCBD17x.5CCBD1701035.5CD00.5Cexternal.5CDemo.5CDemoAppl.5CAppl.5Cobj.5Cappl_diag_oem.
 .rosdata         0001811b+000001 _kFblDiagSubtableCommControl_Disable..D.3A.5Cusr.5Cusage.5CDelivery.5CCBD17x.5CCBD1701035.5CD00.5Cexternal.5CDemo.5CDemoAppl.5CAppl.5Cobj.5Cappl_diag_oem.
 .rosdata         0001811a+000001 _kFblDiagSubtableCommControl_EnRxEnTx..D.3A.5Cusr.5Cusage.5CDelivery.5CCBD17x.5CCBD1701035.5CD00.5Cexternal.5CDemo.5CDemoAppl.5CAppl.5Cobj.5Cappl_diag_oem.
 .rosdata         0001817c+000028 _kFblDiagSubtableControlDtc..D.3A.5Cusr.5Cusage.5CDelivery.5CCBD17x.5CCBD1701035.5CD00.5Cexternal.5CDemo.5CDemoAppl.5CAppl.5Cobj.5Cappl_diag_oem.
 .rosdata         0001811e+000001 _kFblDiagSubtableControlDtc_OffSubfunction..D.3A.5Cusr.5Cusage.5CDelivery.5CCBD17x.5CCBD1701035.5CD00.5Cexternal.5CDemo.5CDemoAppl.5CAppl.5Cobj.5Cappl_diag_oem.
 .rosdata         0001811d+000001 _kFblDiagSubtableControlDtc_OnSubfunction..D.3A.5Cusr.5Cusage.5CDelivery.5CCBD17x.5CCBD1701035.5CD00.5Cexternal.5CDemo.5CDemoAppl.5CAppl.5Cobj.5Cappl_diag_oem.
 .rosdata         00018114+000001 _kFblDiagSubtableDsc_DefaultSession..D.3A.5Cusr.5Cusage.5CDelivery.5CCBD17x.5CCBD1701035.5CD00.5Cexternal.5CDemo.5CDemoAppl.5CAppl.5Cobj.5Cappl_diag_oem.
 .rosdata         00018116+000001 _kFblDiagSubtableDsc_ExtendedSession..D.3A.5Cusr.5Cusage.5CDelivery.5CCBD17x.5CCBD1701035.5CD00.5Cexternal.5CDemo.5CDemoAppl.5CAppl.5Cobj.5Cappl_diag_oem.
 .rosdata         00018115+000001 _kFblDiagSubtableDsc_ProgSession..D.3A.5Cusr.5Cusage.5CDelivery.5CCBD17x.5CCBD1701035.5CD00.5Cexternal.5CDemo.5CDemoAppl.5CAppl.5Cobj.5Cappl_diag_oem.
 .rosdata         000181e0+000014 _kFblDiagSubtableEcuReset..D.3A.5Cusr.5Cusage.5CDelivery.5CCBD17x.5CCBD1701035.5CD00.5Cexternal.5CDemo.5CDemoAppl.5CAppl.5Cobj.5Cappl_diag_oem.
 .rosdata         00018117+000001 _kFblDiagSubtableEcuReset_HardReset..D.3A.5Cusr.5Cusage.5CDelivery.5CCBD17x.5CCBD1701035.5CD00.5Cexternal.5CDemo.5CDemoAppl.5CAppl.5Cobj.5Cappl_diag_oem.
 .rosdata         00018128+000003 _kFblDiagSubtableRC_StartCheckProgDep..D.3A.5Cusr.5Cusage.5CDelivery.5CCBD17x.5CCBD1701035.5CD00.5Cexternal.5CDemo.5CDemoAppl.5CAppl.5Cobj.5Cappl_diag_oem.
 .rosdata         0001811f+000003 _kFblDiagSubtableRC_StartChecksum..D.3A.5Cusr.5Cusage.5CDelivery.5CCBD17x.5CCBD1701035.5CD00.5Cexternal.5CDemo.5CDemoAppl.5CAppl.5Cobj.5Cappl_diag_oem.
 .rosdata         00018125+000003 _kFblDiagSubtableRC_StartErase..D.3A.5Cusr.5Cusage.5CDelivery.5CCBD17x.5CCBD1701035.5CD00.5Cexternal.5CDemo.5CDemoAppl.5CAppl.5Cobj.5Cappl_diag_oem.
 .rosdata         00018122+000003 _kFblDiagSubtableRC_StartProgPreCond..D.3A.5Cusr.5Cusage.5CDelivery.5CCBD17x.5CCBD1701035.5CD00.5Cexternal.5CDemo.5CDemoAppl.5CAppl.5Cobj.5Cappl_diag_oem.
 .rosdata         00018208+000050 _kFblDiagSubtableRoutine..D.3A.5Cusr.5Cusage.5CDelivery.5CCBD17x.5CCBD1701035.5CD00.5Cexternal.5CDemo.5CDemoAppl.5CAppl.5Cobj.5Cappl_diag_oem.
 .rosdata         0001812c+000028 _kFblDiagSubtableSecAccess..D.3A.5Cusr.5Cusage.5CDelivery.5CCBD17x.5CCBD1701035.5CD00.5Cexternal.5CDemo.5CDemoAppl.5CAppl.5Cobj.5Cappl_diag_oem.
 .rosdata         00018119+000001 _kFblDiagSubtableSecAccess_Key..D.3A.5Cusr.5Cusage.5CDelivery.5CCBD17x.5CCBD1701035.5CD00.5Cexternal.5CDemo.5CDemoAppl.5CAppl.5Cobj.5Cappl_diag_oem.
 .rosdata         00018118+000001 _kFblDiagSubtableSecAccess_Seed..D.3A.5Cusr.5Cusage.5CDelivery.5CCBD17x.5CCBD1701035.5CD00.5Cexternal.5CDemo.5CDemoAppl.5CAppl.5Cobj.5Cappl_diag_oem.
 .rosdata         000181a4+00003c _kFblDiagSubtableSessionControl..D.3A.5Cusr.5Cusage.5CDelivery.5CCBD17x.5CCBD1701035.5CD00.5Cexternal.5CDemo.5CDemoAppl.5CAppl.5Cobj.5Cappl_diag_oem.
 .rosdata         000181f4+000014 _kFblDiagSubtableTesterPresent..D.3A.5Cusr.5Cusage.5CDelivery.5CCBD17x.5CCBD1701035.5CD00.5Cexternal.5CDemo.5CDemoAppl.5CAppl.5Cobj.5Cappl_diag_oem.
 .rosdata         0001811c+000001 _kFblDiagSubtableTesterPresent_ZeroSubfunction..D.3A.5Cusr.5Cusage.5CDelivery.5CCBD17x.5CCBD1701035.5CD00.5Cexternal.5CDemo.5CDemoAppl.5CAppl.5Cobj.5Cappl_diag_oem.
 .rosdata         000185b6+000001 _kFblTpBugFixVersion
 .rosdata         000185b4+000001 _kFblTpMainVersion
 .rosdata         000185b5+000001 _kFblTpSubVersion
 .rosdata         000185b8+00000c _kGENyVersion
 .rosdata         0001846c+000001 _kNrOfFlashBlock
 .rosdata         00018258+000004 _kSizeOfServiceTable
 .rosdata         000180bc+000040 _lookupCrc32..D.3A.5Cusr.5Cusage.5CDelivery.5CCBD17x.5CCBD1701035.5CD00.5Cexternal.5CDemo.5CDemoAppl.5CAppl.5Cobj.5CSec_Crc.
 .text            00019a72+000040 _main
 .sbss            fede4511+000001 _memDrvDeviceActive
 .sbss            fede4512+000001 _memDrvFunctionActive
 .sbss            fede33d4+000002 _memSegment
 .text            0001cf10+0000f0 _memcpy
 .text            0001cf10+0000f0 _memcpy..trg.2Frh850.2Fobjs.2Flibs.2Flibstartup.2Find_mcpy.
 .text            0001cf10+000000 _memcpy_mcopy
 .text            0001ceb0+000060 _memset
 .sbss            fede33a8+000002 _nextValidSegment..D.3A.5Cusr.5Cusage.5CDelivery.5CCBD17x.5CCBD1701035.5CD00.5Cexternal.5CDemo.5CDemoAppl.5CAppl.5Cobj.5Cfbl_diag_core.
 .text            0001b518+000036 _ownmemcpy
 .sbss            fede33ab+000003 _rcrrpBuffer..D.3A.5Cusr.5Cusage.5CDelivery.5CCBD17x.5CCBD1701035.5CD00.5Cexternal.5CDemo.5CDemoAppl.5CAppl.5Cobj.5Cfbl_diag_core.
 .rosdata         000180fc+000004 _secCrcZeroValue
 .sbss            fede33d0+000004 _secSecurityAccessDelay
 .sbss            fede3204+000008 _secSeedInput..D.3A.5Cusr.5Cusage.5CDelivery.5CCBD17x.5CCBD1701035.5CD00.5Cexternal.5CDemo.5CDemoAppl.5CAppl.5Cobj.5Cappl_ap.
 .sbss            fede3221+000001 _secSendKeyInvalid..D.3A.5Cusr.5Cusage.5CDelivery.5CCBD17x.5CCBD1701035.5CD00.5Cexternal.5CDemo.5CDemoAppl.5CAppl.5Cobj.5Cappl_diag_oem.
 .sbss            fede3214+000001 _securitySeedResponse..D.3A.5Cusr.5Cusage.5CDelivery.5CCBD17x.5CCBD1701035.5CD00.5Cexternal.5CDemo.5CDemoAppl.5CAppl.5Cobj.5Cappl_ap.
 .sbss            fede320c+000008 _seed..D.3A.5Cusr.5Cusage.5CDelivery.5CCBD17x.5CCBD1701035.5CD00.5Cexternal.5CDemo.5CDemoAppl.5CAppl.5Cobj.5Cappl_ap.
 .sbss            fede33e9+000001 _segmentCount
 .sbss            fede338c+000004 _serviceInfo..D.3A.5Cusr.5Cusage.5CDelivery.5CCBD17x.5CCBD1701035.5CD00.5Cexternal.5CDemo.5CDemoAppl.5CAppl.5Cobj.5Cfbl_diag_core.
 .sbss            fede33cc+000004 _sleepCounter
 .sbss            fede3390+000004 _subServiceInfo..D.3A.5Cusr.5Cusage.5CDelivery.5CCBD17x.5CCBD1701035.5CD00.5Cexternal.5CDemo.5CDemoAppl.5CAppl.5Cobj.5Cfbl_diag_core.
 .sbss            fede3218+000001 _test
 .sbss            fede33d8+000002 _testerPresentTimeout
 .sbss            fede321c+000004 _transferRemainder..D.3A.5Cusr.5Cusage.5CDelivery.5CCBD17x.5CCBD1701035.5CD00.5Cexternal.5CDemo.5CDemoAppl.5CAppl.5Cobj.5Cappl_diag_oem.
                  00000000+000000 _undefined_cleanup
                  00000000+000000 _undefined_cleanup_func
 .rosdata         00018100+000010 _verifyConfigClassDDD..D.3A.5Cusr.5Cusage.5CDelivery.5CCBD17x.5CCBD1701035.5CD00.5Cexternal.5CDemo.5CDemoAppl.5CAppl.5Cobj.5CSec_Verification.
 .sbss            fede3224+00002c _verifyParam..D.3A.5Cusr.5Cusage.5CDelivery.5CCBD17x.5CCBD1701035.5CD00.5Cexternal.5CDemo.5CDemoAppl.5CAppl.5Cobj.5Cappl_diag_oem.
